03-18 10:08:39.520 W/ContentProvider( 1258): 	at android.content.ContentProvider$Transport.call(ContentProvider.java:481)
03-18 10:08:39.520 W/ContentProvider( 1258): 	at android.provider.Settings$NameValueCache.getStringForUser(Settings.java:2113)
03-18 10:08:39.520 W/ContentProvider( 1258): 	at android.provider.Settings$System.getStringForUser(Settings.java:2420)
03-18 10:08:39.520 W/ContentProvider( 1258): 	at android.provider.Settings$System.getIntForUser(Settings.java:2490)
03-18 10:08:39.520 W/ContentProvider( 1258): 	at com.android.server.wm.OppoAppTransition.loadAnimationAttr(OppoAppTransition.java:1335)
03-18 10:08:39.520 W/ContentProvider( 1258): 	at com.android.server.wm.WindowStateAnimator.applyAnimationLocked(WindowStateAnimator.java:1484)
03-18 10:08:39.520 W/ContentProvider( 1258): 	at com.android.server.wm.WindowState.onSetAppExiting(WindowState.java:1947)
03-18 10:08:39.520 W/ContentProvider( 1258): 	at com.android.server.wm.WindowToken.setExiting(WindowToken.java:168)
03-18 10:08:39.520 W/ContentProvider( 1258): 	at com.android.server.wm.DisplayContent.removeWindowToken(DisplayContent.java:1035)
03-18 10:08:39.520 W/ContentProvider( 1258): 	at com.android.server.wm.WindowManagerService.removeWindowToken(WindowManagerService.java:3577)
03-18 10:08:39.520 W/ContentProvider( 1258): 	at com.android.server.wm.WindowManagerService$LocalService.removeWindowToken(WindowManagerService.java:9681)
03-18 10:08:39.520 W/ContentProvider( 1258): 	at com.android.server.notification.NotificationManagerService.cancelToastLocked(NotificationManagerService.java:5739)
03-18 10:08:39.520 W/ContentProvider( 1258): 	at com.android.server.notification.NotificationManagerService.handleDurationReached(NotificationManagerService.java:5792)
03-18 10:08:39.520 W/ContentProvider( 1258): 	at com.android.server.notification.NotificationManagerService.access$6700(NotificationManagerService.java:278)
03-18 10:08:39.520 W/ContentProvider( 1258): 	at com.android.server.notification.NotificationManagerService$WorkerHandler.handleMessage(NotificationManagerService.java:6014)
03-18 10:08:39.520 W/ContentProvider( 1258): 	at android.os.Handler.dispatchMessage(Handler.java:106)
03-18 10:08:39.520 W/ContentProvider( 1258): 	at android.os.Looper.loop(Looper.java:226)
03-18 10:08:39.520 W/ContentProvider( 1258): 	at com.android.server.SystemServer.run(SystemServer.java:626)
03-18 10:08:39.520 W/ContentProvider( 1258): 	at com.android.server.SystemServer.main(SystemServer.java:443)
03-18 10:08:39.520 W/ContentProvider( 1258): 	at java.lang.reflect.Method.invoke(Native Method)
03-18 10:08:39.520 W/ContentProvider( 1258): 	at com.android.internal.os.RuntimeInit$MethodAndArgsCaller.run(RuntimeInit.java:576)
03-18 10:08:39.520 W/ContentProvider( 1258): 	at com.android.internal.os.ZygoteInit.main(ZygoteInit.java:936)
03-18 10:08:39.522 D/Surface (23352): Surface::disconnect(this=0xc0a7f000,api=1)
03-18 10:08:39.523 I/BufferQueueProducer(  521): [Toast#0](this:0x71e5388000,id:523,api:1,p:23352,c:521) disconnect(P): api 1
03-18 10:08:39.524 I/BufferQueueConsumer(  521): [Toast#0](this:0x71e5388000,id:523,api:1,p:-1,c:521) getReleasedBuffers: returning mask 0xffffffffffffffff
03-18 10:08:39.525 D/SurfaceControl( 1258): setCornerRadius in SurfaceControl cornerRadius =:0.0
03-18 10:08:39.525 V/SurfaceControl( 1258): nativeSetCornerRadius 0.000000
03-18 10:08:39.525 D/View    (23352): [Warning] assignParent to null: this = com.color.internal.widget.ColorToastLayout{1df112e V.E...... ......ID 0,0-921,158 #c0204f9 oppo:id/color_toast_layout}
03-18 10:08:39.526 I/InputTransport(23352): Destroy ARC handle: 0xc7a7aac0
03-18 10:08:39.530 D/WindowManager( 1258): mHoldScreenWindow null
03-18 10:08:39.530 D/WindowManager( 1258): mHoldScreenWindow Window{1e6b279 u0 Toast}
03-18 10:08:39.533 D/SurfaceControl( 1258): setCornerRadius in SurfaceControl cornerRadius =:0.0
03-18 10:08:39.533 V/SurfaceControl( 1258): nativeSetCornerRadius 0.000000
03-18 10:08:39.533 D/SurfaceControl( 1258): setCornerRadius in SurfaceControl cornerRadius =:0.0
03-18 10:08:39.533 V/SurfaceControl( 1258): nativeSetCornerRadius 0.000000
03-18 10:08:39.536 V/WindowManager( 1258): mCurrentFocus: Window{fbae751 u0 com.yax.yax.driver/com.yax.yax.driver.home.activity.MapNaviActivity} newFocus Window{fbae751 u0 com.yax.yax.driver/com.yax.yax.driver.home.activity.MapNaviActivity}
03-18 10:08:39.539 V/WindowManager( 1258): mCurrentFocus: Window{fbae751 u0 com.yax.yax.driver/com.yax.yax.driver.home.activity.MapNaviActivity} newFocus Window{fbae751 u0 com.yax.yax.driver/com.yax.yax.driver.home.activity.MapNaviActivity}
03-18 10:08:39.543 D/WindowManager( 1258): mHoldScreenWindow null
03-18 10:08:39.543 D/WindowManager( 1258): mHoldScreenWindow Window{1e6b279 u0 Toast EXITING}
03-18 10:08:39.549 W/NotificationService( 1258): Toast already killed. pkg=com.yax.yax.driver callback=android.app.ITransientNotification$Stub$Proxy@4318404
03-18 10:08:39.550 I/Choreographer(23352): Skipped 1 frames!  The application may be doing too much work on its main thread.
03-18 10:08:39.550 D/SurfaceControl( 1258): setCornerRadius in SurfaceControl cornerRadius =:0.0
03-18 10:08:39.550 V/SurfaceControl( 1258): nativeSetCornerRadius 0.000000
03-18 10:08:39.566 D/SurfaceControl( 1258): setCornerRadius in SurfaceControl cornerRadius =:0.0
03-18 10:08:39.566 V/SurfaceControl( 1258): nativeSetCornerRadius 0.000000
03-18 10:08:39.582 D/SurfaceControl( 1258): setCornerRadius in SurfaceControl cornerRadius =:0.0
03-18 10:08:39.583 V/SurfaceControl( 1258): nativeSetCornerRadius 0.000000
03-18 10:08:39.599 D/SurfaceControl( 1258): setCornerRadius in SurfaceControl cornerRadius =:0.0
03-18 10:08:39.599 V/SurfaceControl( 1258): nativeSetCornerRadius 0.000000
03-18 10:08:39.616 D/SurfaceControl( 1258): setCornerRadius in SurfaceControl cornerRadius =:0.0
03-18 10:08:39.616 V/SurfaceControl( 1258): nativeSetCornerRadius 0.000000
03-18 10:08:39.633 D/SurfaceControl( 1258): setCornerRadius in SurfaceControl cornerRadius =:0.0
03-18 10:08:39.633 V/SurfaceControl( 1258): nativeSetCornerRadius 0.000000
03-18 10:08:39.650 D/SurfaceControl( 1258): setCornerRadius in SurfaceControl cornerRadius =:0.0
03-18 10:08:39.650 V/SurfaceControl( 1258): nativeSetCornerRadius 0.000000
03-18 10:08:39.666 D/SurfaceControl( 1258): setCornerRadius in SurfaceControl cornerRadius =:0.0
03-18 10:08:39.666 V/SurfaceControl( 1258): nativeSetCornerRadius 0.000000
03-18 10:08:39.684 D/SurfaceControl( 1258): setCornerRadius in SurfaceControl cornerRadius =:0.0
03-18 10:08:39.684 V/SurfaceControl( 1258): nativeSetCornerRadius 0.000000
03-18 10:08:39.700 D/SurfaceControl( 1258): setCornerRadius in SurfaceControl cornerRadius =:0.0
03-18 10:08:39.700 V/SurfaceControl( 1258): nativeSetCornerRadius 0.000000
03-18 10:08:39.717 D/SurfaceControl( 1258): setCornerRadius in SurfaceControl cornerRadius =:0.0
03-18 10:08:39.717 V/SurfaceControl( 1258): nativeSetCornerRadius 0.000000
03-18 10:08:39.734 D/SurfaceControl( 1258): setCornerRadius in SurfaceControl cornerRadius =:0.0
03-18 10:08:39.734 V/SurfaceControl( 1258): nativeSetCornerRadius 0.000000
03-18 10:08:39.750 D/SurfaceControl( 1258): setCornerRadius in SurfaceControl cornerRadius =:0.0
03-18 10:08:39.750 V/SurfaceControl( 1258): nativeSetCornerRadius 0.000000
03-18 10:08:39.767 D/SurfaceControl( 1258): setCornerRadius in SurfaceControl cornerRadius =:0.0
03-18 10:08:39.767 V/SurfaceControl( 1258): nativeSetCornerRadius 0.000000
03-18 10:08:39.784 D/SurfaceControl( 1258): setCornerRadius in SurfaceControl cornerRadius =:0.0
03-18 10:08:39.784 V/SurfaceControl( 1258): nativeSetCornerRadius 0.000000
03-18 10:08:39.800 D/SurfaceControl( 1258): setCornerRadius in SurfaceControl cornerRadius =:0.0
03-18 10:08:39.801 V/SurfaceControl( 1258): nativeSetCornerRadius 0.000000
03-18 10:08:39.817 D/SurfaceControl( 1258): setCornerRadius in SurfaceControl cornerRadius =:0.0
03-18 10:08:39.817 V/SurfaceControl( 1258): nativeSetCornerRadius 0.000000
03-18 10:08:39.834 D/SurfaceControl( 1258): setCornerRadius in SurfaceControl cornerRadius =:0.0
03-18 10:08:39.834 V/SurfaceControl( 1258): nativeSetCornerRadius 0.000000
03-18 10:08:39.851 D/SurfaceControl( 1258): setCornerRadius in SurfaceControl cornerRadius =:0.0
03-18 10:08:39.851 V/SurfaceControl( 1258): nativeSetCornerRadius 0.000000
03-18 10:08:39.867 D/SurfaceControl( 1258): setCornerRadius in SurfaceControl cornerRadius =:0.0
03-18 10:08:39.868 V/SurfaceControl( 1258): nativeSetCornerRadius 0.000000
03-18 10:08:39.885 D/SurfaceControl( 1258): setCornerRadius in SurfaceControl cornerRadius =:0.0
03-18 10:08:39.885 V/SurfaceControl( 1258): nativeSetCornerRadius 0.000000
03-18 10:08:39.901 D/SurfaceControl( 1258): setCornerRadius in SurfaceControl cornerRadius =:0.0
03-18 10:08:39.901 V/SurfaceControl( 1258): nativeSetCornerRadius 0.000000
03-18 10:08:39.918 D/SurfaceControl( 1258): setCornerRadius in SurfaceControl cornerRadius =:0.0
03-18 10:08:39.918 V/SurfaceControl( 1258): nativeSetCornerRadius 0.000000
03-18 10:08:39.934 D/SurfaceControl( 1258): setCornerRadius in SurfaceControl cornerRadius =:0.0
03-18 10:08:39.935 V/SurfaceControl( 1258): nativeSetCornerRadius 0.000000
03-18 10:08:39.951 D/SurfaceControl( 1258): setCornerRadius in SurfaceControl cornerRadius =:0.0
03-18 10:08:39.951 V/SurfaceControl( 1258): nativeSetCornerRadius 0.000000
03-18 10:08:39.968 D/SurfaceControl( 1258): setCornerRadius in SurfaceControl cornerRadius =:0.0
03-18 10:08:39.968 V/SurfaceControl( 1258): nativeSetCornerRadius 0.000000
03-18 10:08:39.987 D/SurfaceControl( 1258): setCornerRadius in SurfaceControl cornerRadius =:0.0
03-18 10:08:39.987 V/SurfaceControl( 1258): nativeSetCornerRadius 0.000000
03-18 10:08:40.002 D/SurfaceControl( 1258): setCornerRadius in SurfaceControl cornerRadius =:0.0
03-18 10:08:40.002 V/SurfaceControl( 1258): nativeSetCornerRadius 0.000000
03-18 10:08:40.007 I/ADB_SERVICES(22626): fdevent_loop length=1
03-18 10:08:40.023 D/SurfaceControl( 1258): setCornerRadius in SurfaceControl cornerRadius =:0.0
03-18 10:08:40.023 V/SurfaceControl( 1258): nativeSetCornerRadius 0.000000
03-18 10:08:40.035 D/SurfaceControl( 1258): setCornerRadius in SurfaceControl cornerRadius =:0.0
03-18 10:08:40.035 V/SurfaceControl( 1258): nativeSetCornerRadius 0.000000
03-18 10:08:40.037 D/OppoProcessManager( 1258): notifyHypnus float window disabled
03-18 10:08:40.055 D/WindowManager( 1258): mHoldScreenWindow null
03-18 10:08:40.057 D/SurfaceControl( 1258): SurfaceControl::destroy [2] this:0x771683d5a0 mClient:0x771683d5b0 mHandle:0x771683d5b8
03-18 10:08:40.058 D/SurfaceControl( 1258): SurfaceControl::destroy [1] this:0x771683d5a0 mClient:0x771683d5b0 mHandle:0x771683d5b8
03-18 10:08:40.059 D/OppoProcessManager( 1258): notifyHypnus float window disabled
03-18 10:08:40.059 I/chatty  ( 1258): uid=1000(system) android.anim identical 1 line
03-18 10:08:40.060 D/OppoProcessManager( 1258): notifyHypnus float window disabled
03-18 10:08:40.065 D/WindowManager( 1258): mHoldScreenWindow null
03-18 10:08:40.066 W/SurfaceFlinger(  521): Attempting to destroy on removed layer: 1e6b279 Toast#0
03-18 10:08:40.069 I/BufferQueueConsumer(  521): [Toast#0](this:0x71e5388000,id:523,api:1,p:-1,c:-1) disconnect(C)
03-18 10:08:40.069 I/BufferQueue(  521): [Toast#0](this:0x71e5388000,id:523,api:1,p:-1,c:-1) ~BufferQueueCore
03-18 10:08:40.110 W/Choreographer(23352): Frame time is 16.386623 ms in the future!  Check that graphics HAL is generating vsync timestamps using the correct timebase.
03-18 10:08:40.110 W/Choreographer( 2679): Frame time is 16.233547 ms in the future!  Check that graphics HAL is generating vsync timestamps using the correct timebase.
03-18 10:08:40.127 W/Choreographer(23352): Frame time is 15.971784 ms in the future!  Check that graphics HAL is generating vsync timestamps using the correct timebase.
03-18 10:08:40.127 W/Choreographer( 2679): Frame time is 15.761015 ms in the future!  Check that graphics HAL is generating vsync timestamps using the correct timebase.
03-18 10:08:40.132 E/Process ( 1258): get_ion_cache_memory: Unable to open /d/ion/heaps/system
03-18 10:08:40.131 W/Binder:1258_A( 1258): type=1400 audit(0.0:132187): avc: denied { search } for name="heaps" dev="debugfs" ino=7188 scontext=u:r:system_server:s0 tcontext=u:object_r:debugfs_ion_mm_heap:s0 tclass=dir permissive=0
03-18 10:08:40.152 W/Choreographer( 2679): Frame time is 16.168839 ms in the future!  Check that graphics HAL is generating vsync timestamps using the correct timebase.
03-18 10:08:40.152 W/Choreographer(23352): Frame time is 16.150223 ms in the future!  Check that graphics HAL is generating vsync timestamps using the correct timebase.
03-18 10:08:40.162 W/Choreographer( 2679): Frame time is 22.60514 ms in the future!  Check that graphics HAL is generating vsync timestamps using the correct timebase.
03-18 10:08:40.163 W/Choreographer(23352): Frame time is 21.742064 ms in the future!  Check that graphics HAL is generating vsync timestamps using the correct timebase.
03-18 10:08:40.185 W/Choreographer( 2679): Frame time is 16.208212 ms in the future!  Check that graphics HAL is generating vsync timestamps using the correct timebase.
03-18 10:08:40.185 W/Choreographer(23352): Frame time is 16.037596 ms in the future!  Check that graphics HAL is generating vsync timestamps using the correct timebase.
03-18 10:08:40.200 D/OpenSSLLib(23352): OpensslErr:Module:12(177:); file:external/boringssl/src/crypto/asn1/asn1_lib.c ;Line:168;Function:ASN1_get_object
03-18 10:08:40.208 W/System  (23352): ClassLoader referenced unknown path: system/framework/mediatek-cta.jar
03-18 10:08:40.209 I/System.out(23352): e:java.lang.ClassNotFoundException: com.mediatek.cta.CtaHttp
03-18 10:08:40.211 W/Choreographer(23352): Frame time is 7.354494 ms in the future!  Check that graphics HAL is generating vsync timestamps using the correct timebase.
03-18 10:08:40.212 W/Choreographer( 2679): Frame time is 6.298186 ms in the future!  Check that graphics HAL is generating vsync timestamps using the correct timebase.
03-18 10:08:40.214 W/System  (23352): ClassLoader referenced unknown path: system/framework/mediatek-cta.jar
03-18 10:08:40.216 I/System.out(23352): e:java.lang.ClassNotFoundException: com.mediatek.cta.CtaHttp
03-18 10:08:40.260 W/Choreographer( 2679): Frame time is 8.184596 ms in the future!  Check that graphics HAL is generating vsync timestamps using the correct timebase.
03-18 10:08:40.260 W/Choreographer(23352): Frame time is 8.068365 ms in the future!  Check that graphics HAL is generating vsync timestamps using the correct timebase.
03-18 10:08:40.313 D/OpenSSLLib(23352): OpensslErr:Module:12(177:); file:external/boringssl/src/crypto/asn1/asn1_lib.c ;Line:168;Function:ASN1_get_object
03-18 10:08:40.315 D/OpenSSLLib(23352): OpensslErr:Module:12(177:); file:external/boringssl/src/crypto/asn1/asn1_lib.c ;Line:168;Function:ASN1_get_object
03-18 10:08:40.342 W/System  (23352): ClassLoader referenced unknown path: system/framework/mediatek-cta.jar
03-18 10:08:40.344 I/System.out(23352): [OkHttp] sendRequest>>
03-18 10:08:40.345 I/System.out(23352): [OkHttp] sendRequest<<
03-18 10:08:40.363 W/CokaNew-4(10437): type=1400 audit(0.0:132188): avc: denied { read } for name="loadavg" dev="proc" ino=4026532079 scontext=u:r:untrusted_app_27:s0:c512,c768 tcontext=u:object_r:proc_loadavg:s0 tclass=file permissive=0
03-18 10:08:40.450 E/memtrack(19927): Couldn't load memtrack module
03-18 10:08:40.450 W/android.os.Debug(19927): failed to get memory consumption info: -1
03-18 10:08:40.486 E/WifiVendorHal( 1258): getWifiLinkLayerStats(l.947) failed {.code = ERROR_NOT_SUPPORTED, .description = }
03-18 10:08:40.493 W/WindowManager( 1258): removeWindowToken: Attempted to remove non-existing token: android.os.Binder@1bbd5ae
03-18 10:08:40.694 E/memtrack(19927): Couldn't load memtrack module
03-18 10:08:40.694 W/android.os.Debug(19927): failed to get memory consumption info: -1
03-18 10:08:40.696 E/Process ( 1258): get_ion_cache_memory: Unable to open /d/ion/heaps/system
03-18 10:08:40.695 W/Binder:1258_9( 1258): type=1400 audit(0.0:132189): avc: denied { search } for name="heaps" dev="debugfs" ino=7188 scontext=u:r:system_server:s0 tcontext=u:object_r:debugfs_ion_mm_heap:s0 tclass=dir permissive=0
03-18 10:08:40.757 E/QZLog   (23643): exitProcess call,destroy()
03-18 10:08:40.757 I/QZLog   (23643): QBSvc.onLogout cancel
03-18 10:08:40.766 I/MediaPlayer( 4225): release() isOppoCreate =false
03-18 10:08:40.766 D/MediaPlayer( 4225): closeFd()
03-18 10:08:40.766 D/MSF.S.ReqHandler(32123): handleMsfRequest unRegisterMsfService
03-18 10:08:40.767 I/MSF.S.AppProcessManager(32123): onUnRegisterApp process=com.tencent.mobileqq:qzone stopWakeupProcess=true
03-18 10:08:40.767 I/MediaFocusControl( 1258): abandonAudioFocus() from uid/pid 10128/4225 clientId=android.media.AudioManager@8f0f8e2asvq@b3b0473
03-18 10:08:40.767 V/MediaPlayer( 4225): resetDrmState:  mDrmInfo=null mDrmProvisioningThread=null mPrepareDrmInProgress=false mActiveDrmScheme=false
03-18 10:08:40.767 V/MediaPlayer( 4225): cleanDrmObj: mDrmObj=null mDrmSessionId=null
03-18 10:08:40.767 D/MSF.D.AppNetInfoNewImpl( 4225): unRegisterNetInfoHandler e967a0
03-18 10:08:40.789 D/MSF.D.RemoteServiceProxy(23643): unbindService service finished
03-18 10:08:40.800 I/mqq     (23643): [AppRuntime]QzoneMainRuntime (*2960) onDestroy
03-18 10:08:40.803 I/mqq     (23643): [AppRuntime]QZoneAppInterface (*2960) onDestroy
03-18 10:08:40.803 I/Process (23643): Sending signal. PID: 23643 SIG: 9
03-18 10:08:40.804 I/elsa    ( 3337): addToCgroupProcs, success add pid:23643 to mCgroupProcsFd = 9, path:/dev/freezer/cgroup.procs!
03-18 10:08:40.814 W/ContentProvider( 1258): to getCallingPackage original = null, callingPid = 1258
03-18 10:08:40.814 W/ContentProvider( 1258): java.lang.Throwable
03-18 10:08:40.814 W/ContentProvider( 1258): 	at android.content.ContentProvider.setCallingPackage(ContentProvider.java:815)
03-18 10:08:40.814 W/ContentProvider( 1258): 	at android.content.ContentProvider.access$100(ContentProvider.java:104)
03-18 10:08:40.814 W/ContentProvider( 1258): 	at android.content.ContentProvider$Transport.call(ContentProvider.java:481)
03-18 10:08:40.814 W/ContentProvider( 1258): 	at android.provider.Settings$NameValueCache.putStringForUser(Settings.java:2029)
03-18 10:08:40.814 W/ContentProvider( 1258): 	at android.provider.Settings$Secure.putStringForUser(Settings.java:5049)
03-18 10:08:40.814 W/ContentProvider( 1258): 	at android.provider.Settings$Secure.putStringForUser(Settings.java:5032)
03-18 10:08:40.814 W/ContentProvider( 1258): 	at com.android.server.notification.ManagedServices.writeXml(ManagedServices.java:333)
03-18 10:08:40.814 W/ContentProvider( 1258): 	at com.android.server.notification.NotificationManagerService.writePolicyXml(NotificationManagerService.java:661)
03-18 10:08:40.814 W/ContentProvider( 1258): 	at com.android.server.notification.NotificationManagerService.handleSavePolicyFile(NotificationManagerService.java:643)
03-18 10:08:40.814 W/ContentProvider( 1258): 	at com.android.server.notification.NotificationManagerService.access$6900(NotificationManagerService.java:278)
03-18 10:08:40.814 W/ContentProvider( 1258): 	at com.android.server.notification.NotificationManagerService$WorkerHandler.handleMessage(NotificationManagerService.java:6020)
03-18 10:08:40.814 W/ContentProvider( 1258): 	at android.os.Handler.dispatchMessage(Handler.java:106)
03-18 10:08:40.814 W/ContentProvider( 1258): 	at android.os.Looper.loop(Looper.java:226)
03-18 10:08:40.814 W/ContentProvider( 1258): 	at com.android.server.SystemServer.run(SystemServer.java:626)
03-18 10:08:40.814 W/ContentProvider( 1258): 	at com.android.server.SystemServer.main(SystemServer.java:443)
03-18 10:08:40.814 W/ContentProvider( 1258): 	at java.lang.reflect.Method.invoke(Native Method)
03-18 10:08:40.814 W/ContentProvider( 1258): 	at com.android.internal.os.RuntimeInit$MethodAndArgsCaller.run(RuntimeInit.java:576)
03-18 10:08:40.814 W/ContentProvider( 1258): 	at com.android.internal.os.ZygoteInit.main(ZygoteInit.java:936)
03-18 10:08:40.815 W/ContentProvider( 1258): to getCallingPackage uid = 1000, callingPid = 1258
03-18 10:08:40.815 W/ContentProvider( 1258): java.lang.Throwable
03-18 10:08:40.815 W/ContentProvider( 1258): 	at android.content.ContentProvider.getCallingPackage(ContentProvider.java:838)
03-18 10:08:40.815 W/ContentProvider( 1258): 	at com.android.providers.settings.SettingsProvider.mutateSecureSetting(SettingsProvider.java:1495)
03-18 10:08:40.815 W/ContentProvider( 1258): 	at com.android.providers.settings.SettingsProvider.insertSecureSetting(SettingsProvider.java:1427)
03-18 10:08:40.815 W/ContentProvider( 1258): 	at com.android.providers.settings.SettingsProvider.call(SettingsProvider.java:489)
03-18 10:08:40.815 W/ContentProvider( 1258): 	at android.content.ContentProvider$Transport.call(ContentProvider.java:483)
03-18 10:08:40.815 W/ContentProvider( 1258): 	at android.provider.Settings$NameValueCache.putStringForUser(Settings.java:2029)
03-18 10:08:40.815 W/ContentProvider( 1258): 	at android.provider.Settings$Secure.putStringForUser(Settings.java:5049)
03-18 10:08:40.815 W/ContentProvider( 1258): 	at android.provider.Settings$Secure.putStringForUser(Settings.java:5032)
03-18 10:08:40.815 W/ContentProvider( 1258): 	at com.android.server.notification.ManagedServices.writeXml(ManagedServices.java:333)
03-18 10:08:40.815 W/ContentProvider( 1258): 	at com.android.server.notification.NotificationManagerService.writePolicyXml(NotificationManagerService.java:661)
03-18 10:08:40.815 W/ContentProvider( 1258): 	at com.android.server.notification.NotificationManagerService.handleSavePolicyFile(NotificationManagerService.java:643)
03-18 10:08:40.815 W/ContentProvider( 1258): 	at com.android.server.notification.NotificationManagerService.access$6900(NotificationManagerService.java:278)
03-18 10:08:40.815 W/ContentProvider( 1258): 	at com.android.server.notification.NotificationManagerService$WorkerHandler.handleMessage(NotificationManagerService.java:6020)
03-18 10:08:40.815 W/ContentProvider( 1258): 	at android.os.Handler.dispatchMessage(Handler.java:106)
03-18 10:08:40.815 W/ContentProvider( 1258): 	at android.os.Looper.loop(Looper.java:226)
03-18 10:08:40.815 W/ContentProvider( 1258): 	at com.android.server.SystemServer.run(SystemServer.java:626)
03-18 10:08:40.815 W/ContentProvider( 1258): 	at com.android.server.SystemServer.main(SystemServer.java:443)
03-18 10:08:40.815 W/ContentProvider( 1258): 	at java.lang.reflect.Method.invoke(Native Method)
03-18 10:08:40.815 W/ContentProvider( 1258): 	at com.android.internal.os.RuntimeInit$MethodAndArgsCaller.run(RuntimeInit.java:576)
03-18 10:08:40.815 W/ContentProvider( 1258): 	at com.android.internal.os.ZygoteInit.main(ZygoteInit.java:936)
03-18 10:08:40.817 W/ContentProvider( 1258): to getCallingPackage original = null, callingPid = 1258
03-18 10:08:40.817 W/ContentProvider( 1258): java.lang.Throwable
03-18 10:08:40.817 W/ContentProvider( 1258): 	at android.content.ContentProvider.setCallingPackage(ContentProvider.java:815)
03-18 10:08:40.817 W/ContentProvider( 1258): 	at android.content.ContentProvider.access$100(ContentProvider.java:104)
03-18 10:08:40.817 W/ContentProvider( 1258): 	at android.content.ContentProvider$Transport.call(ContentProvider.java:481)
03-18 10:08:40.817 W/ContentProvider( 1258): 	at android.provider.Settings$NameValueCache.putStringForUser(Settings.java:2029)
03-18 10:08:40.817 W/ContentProvider( 1258): 	at android.provider.Settings$Secure.putStringForUser(Settings.java:5049)
03-18 10:08:40.817 W/ContentProvider( 1258): 	at android.provider.Settings$Secure.putStringForUser(Settings.java:5032)
03-18 10:08:40.817 W/ContentProvider( 1258): 	at com.android.server.notification.ManagedServices.writeXml(ManagedServices.java:333)
03-18 10:08:40.817 W/ContentProvider( 1258): 	at com.android.server.notification.NotificationManagerService.writePolicyXml(NotificationManagerService.java:663)
03-18 10:08:40.817 W/ContentProvider( 1258): 	at com.android.server.notification.NotificationManagerService.handleSavePolicyFile(NotificationManagerService.java:643)
03-18 10:08:40.817 W/ContentProvider( 1258): 	at com.android.server.notification.NotificationManagerService.access$6900(NotificationManagerService.java:278)
03-18 10:08:40.817 W/ContentProvider( 1258): 	at com.android.server.notification.NotificationManagerService$WorkerHandler.handleMessage(NotificationManagerService.java:6020)
03-18 10:08:40.817 W/ContentProvider( 1258): 	at android.os.Handler.dispatchMessage(Handler.java:106)
03-18 10:08:40.817 W/ContentProvider( 1258): 	at android.os.Looper.loop(Looper.java:226)
03-18 10:08:40.817 W/ContentProvider( 1258): 	at com.android.server.SystemServer.run(SystemServer.java:626)
03-18 10:08:40.817 W/ContentProvider( 1258): 	at com.android.server.SystemServer.main(SystemServer.java:443)
03-18 10:08:40.817 W/ContentProvider( 1258): 	at java.lang.reflect.Method.invoke(Native Method)
03-18 10:08:40.817 W/ContentProvider( 1258): 	at com.android.internal.os.RuntimeInit$MethodAndArgsCaller.run(RuntimeInit.java:576)
03-18 10:08:40.817 W/ContentProvider( 1258): 	at com.android.internal.os.ZygoteInit.main(ZygoteInit.java:936)
03-18 10:08:40.817 W/ContentProvider( 1258): to getCallingPackage uid = 1000, callingPid = 1258
03-18 10:08:40.817 W/ContentProvider( 1258): java.lang.Throwable
03-18 10:08:40.817 W/ContentProvider( 1258): 	at android.content.ContentProvider.getCallingPackage(ContentProvider.java:838)
03-18 10:08:40.817 W/ContentProvider( 1258): 	at com.android.providers.settings.SettingsProvider.mutateSecureSetting(SettingsProvider.java:1495)
03-18 10:08:40.817 W/ContentProvider( 1258): 	at com.android.providers.settings.SettingsProvider.insertSecureSetting(SettingsProvider.java:1427)
03-18 10:08:40.817 W/ContentProvider( 1258): 	at com.android.providers.settings.SettingsProvider.call(SettingsProvider.java:489)
03-18 10:08:40.817 W/ContentProvider( 1258): 	at android.content.ContentProvider$Transport.call(ContentProvider.java:483)
03-18 10:08:40.817 W/ContentProvider( 1258): 	at android.provider.Settings$NameValueCache.putStringForUser(Settings.java:2029)
03-18 10:08:40.817 W/ContentProvider( 1258): 	at android.provider.Settings$Secure.putStringForUser(Settings.java:5049)
03-18 10:08:40.817 W/ContentProvider( 1258): 	at android.provider.Settings$Secure.putStringForUser(Settings.java:5032)
03-18 10:08:40.817 W/ContentProvider( 1258): 	at com.android.server.notification.ManagedServices.writeXml(ManagedServices.java:333)
03-18 10:08:40.817 W/ContentProvider( 1258): 	at com.android.server.notification.NotificationManagerService.writePolicyXml(NotificationManagerService.java:663)
03-18 10:08:40.817 W/ContentProvider( 1258): 	at com.android.server.notification.NotificationManagerService.handleSavePolicyFile(NotificationManagerService.java:643)
03-18 10:08:40.817 W/ContentProvider( 1258): 	at com.android.server.notification.NotificationManagerService.access$6900(NotificationManagerService.java:278)
03-18 10:08:40.817 W/ContentProvider( 1258): 	at com.android.server.notification.NotificationManagerService$WorkerHandler.handleMessage(NotificationManagerService.java:6020)
03-18 10:08:40.817 W/ContentProvider( 1258): 	at android.os.Handler.dispatchMessage(Handler.java:106)
03-18 10:08:40.817 W/ContentProvider( 1258): 	at android.os.Looper.loop(Looper.java:226)
03-18 10:08:40.817 W/ContentProvider( 1258): 	at com.android.server.SystemServer.run(SystemServer.java:626)
03-18 10:08:40.817 W/ContentProvider( 1258): 	at com.android.server.SystemServer.main(SystemServer.java:443)
03-18 10:08:40.817 W/ContentProvider( 1258): 	at java.lang.reflect.Method.invoke(Native Method)
03-18 10:08:40.817 W/ContentProvider( 1258): 	at com.android.internal.os.RuntimeInit$MethodAndArgsCaller.run(RuntimeInit.java:576)
03-18 10:08:40.817 W/ContentProvider( 1258): 	at com.android.internal.os.ZygoteInit.main(ZygoteInit.java:936)
03-18 10:08:40.826 V/BackupManagerConstants( 1258): getKeyValueBackupIntervalMilliseconds(...) returns 14400000
03-18 10:08:40.826 V/BackupManagerConstants( 1258): getKeyValueBackupFuzzMilliseconds(...) returns 600000
03-18 10:08:40.826 V/BackupManagerConstants( 1258): getKeyValueBackupRequiredNetworkType(...) returns 1
03-18 10:08:40.826 V/BackupManagerConstants( 1258): getKeyValueBackupRequireCharging(...) returns true
03-18 10:08:40.826 V/KeyValueBackupJob( 1258): Scheduling k/v pass in 245 minutes
03-18 10:08:40.857 I/ActivityManager( 1258): Process com.tencent.mobileqq:qzone (pid 23643) has died: cch+101CACC
03-18 10:08:40.858 W/libprocessgroup( 1258): kill(-23643, 9) failed: No such process
03-18 10:08:40.858 I/libprocessgroup( 1258): Successfully killed process cgroup uid 10128 pid 23643 in 0ms
03-18 10:08:40.858 D/ActivityManager( 1258): com.tencent.mobileqq:qzone bA=true, iR=true
03-18 10:08:40.859 D/ActivityManager( 1258): allow restart service in proc com.tencent.mobileqq:qzone
03-18 10:08:40.860 W/ActivityManager( 1258): app.persistent false app.isolated false app.removed false app ProcessRecord{be219bc 23643:com.tencent.mobileqq:qzone/u0a128}
03-18 10:08:40.861 D/Dex2oatManagerService( 1258): Process died; UID 10128 PID 23643
03-18 10:08:40.861 I/vendor.mediatek.hardware.power@2.1-impl(  506): notifyAppState_2_1 pack:com.tencent.mobileqq, act:com.tencent.mobileqq, pid:23643, uid:10128, state:3
03-18 10:08:40.863 D/WindowManager( 1258): mHoldScreenWindow null
03-18 10:08:40.863 I/DCS-BackgroundAppData( 2530): sendAppBackgroundEvent: has no pkgName=com.tencent.mobileqq
03-18 10:08:40.863 E/SafeCenter.AppUseRecorder( 3607): onProcessDied com.tencent.mobileqq
03-18 10:08:40.913 W/Choreographer( 2679): Frame time is 8.775407 ms in the future!  Check that graphics HAL is generating vsync timestamps using the correct timebase.
03-18 10:08:40.913 W/Choreographer(23352): Frame time is 8.714407 ms in the future!  Check that graphics HAL is generating vsync timestamps using the correct timebase.
03-18 10:08:41.079 W/ContentProvider( 1258): to getCallingPackage original = null, callingPid = 1258
03-18 10:08:41.079 W/ContentProvider( 1258): java.lang.Throwable
03-18 10:08:41.079 W/ContentProvider( 1258): 	at android.content.ContentProvider.setCallingPackage(ContentProvider.java:815)
03-18 10:08:41.079 W/ContentProvider( 1258): 	at android.content.ContentProvider.access$100(ContentProvider.java:104)
03-18 10:08:41.079 W/ContentProvider( 1258): 	at android.content.ContentProvider$Transport.call(ContentProvider.java:481)
03-18 10:08:41.079 W/ContentProvider( 1258): 	at android.provider.Settings$NameValueCache.getStringForUser(Settings.java:2113)
03-18 10:08:41.079 W/ContentProvider( 1258): 	at android.provider.Settings$System.getStringForUser(Settings.java:2420)
03-18 10:08:41.079 W/ContentProvider( 1258): 	at android.provider.Settings$System.getIntForUser(Settings.java:2490)
03-18 10:08:41.079 W/ContentProvider( 1258): 	at com.android.server.wm.OppoAppTransition.loadAnimationAttr(OppoAppTransition.java:1335)
03-18 10:08:41.079 W/ContentProvider( 1258): 	at com.android.server.wm.WindowStateAnimator.applyAnimationLocked(WindowStateAnimator.java:1484)
03-18 10:08:41.079 W/ContentProvider( 1258): 	at com.android.server.wm.WindowState.hideLw(WindowState.java:2877)
03-18 10:08:41.079 W/ContentProvider( 1258): 	at com.android.server.wm.WindowState.hidePermanentlyLw(WindowState.java:3012)
03-18 10:08:41.079 W/ContentProvider( 1258): 	at com.android.server.wm.WindowManagerService$H.handleMessage(WindowManagerService.java:6869)
03-18 10:08:41.079 W/ContentProvider( 1258): 	at android.os.Handler.dispatchMessage(Handler.java:106)
03-18 10:08:41.079 W/ContentProvider( 1258): 	at android.os.Looper.loop(Looper.java:226)
03-18 10:08:41.079 W/ContentProvider( 1258): 	at android.os.HandlerThread.run(HandlerThread.java:65)
03-18 10:08:41.079 W/ContentProvider( 1258): 	at com.android.server.ServiceThread.run(ServiceThread.java:44)
03-18 10:08:41.079 W/WindowManager( 1258): Unable to start animation, surface is null or no children.
03-18 10:08:41.081 I/ADB_SERVICES(22626): local_socket_flush_outgoing read_data=224717
03-18 10:08:41.083 D/WindowManager( 1258): mHoldScreenWindow null
03-18 10:08:41.115 D/BatteryStats.BgCpu( 4225): bgPrintCpuCostSofar msfrecv=362[4902],   fts=948[6422]
03-18 10:08:41.217 W/Choreographer( 2679): Frame time is 6.143737 ms in the future!  Check that graphics HAL is generating vsync timestamps using the correct timebase.
03-18 10:08:41.217 W/Choreographer(23352): Frame time is 6.066737 ms in the future!  Check that graphics HAL is generating vsync timestamps using the correct timebase.
03-18 10:08:41.891 I/ActivityManager( 1258): Start proc 24397:com.tencent.mobileqq:qzone/u0a128 for service com.tencent.mobileqq/cooperation.qzone.remote.logic.QzoneWebPluginProxyService
03-18 10:08:41.891 W/main    (24397): type=1400 audit(0.0:132190): avc: denied { search } for name="/" dev="mmcblk0p40" ino=2 scontext=u:r:zygote:s0 tcontext=u:object_r:unlabeled:s0 tclass=dir permissive=0
03-18 10:08:41.909 E/.mobileqq:qzon(24397): Not starting debugger since process cannot load the jdwp agent.
03-18 10:08:41.925 E/libc    (24397): Access denied finding property "persist.vendor.sys.activitylog"
03-18 10:08:41.923 W/re-initialized>(24397): type=1400 audit(0.0:132191): avc: denied { read } for name="u:object_r:mtk_amslog_prop:s0" dev="tmpfs" ino=8775 scontext=u:r:untrusted_app_27:s0:c512,c768 tcontext=u:object_r:mtk_amslog_prop:s0 tclass=file permissive=0
03-18 10:08:41.933 D/DEBUG_VISIBILITY( 1258): mOccluded:false lastOccluded:false
03-18 10:08:41.938 I/.mobileqq:qzon(24397): The ClassLoaderContext is a special shared library.
03-18 10:08:41.956 V/ColorAnimationUtils(24397): ColorAnimationUtils this =:com.color.util.ColorAnimationUtils@7dd2a95
03-18 10:08:41.958 V/ColorAnimationUtils(24397):  initData  mEnableAnimation =: true
03-18 10:08:41.958 V/ColorAnimationUtils(24397): mData =:null,data =: com.color.util.ColorAnimationData@62b7aa,this =:com.color.util.ColorAnimationUtils@7dd2a95
03-18 10:08:41.968 I/.mobileqq:qzon(24397): The ClassLoaderContext is a special shared library.
03-18 10:08:41.991 W/.mobileqq:qzone(24397): type=1400 audit(0.0:132192): avc: denied { search } for name="/" dev="mmcblk0p40" ino=2 scontext=u:r:untrusted_app_27:s0:c512,c768 tcontext=u:object_r:unlabeled:s0 tclass=dir permissive=0
03-18 10:08:42.010 D/QFixAppImpl_PatchLogTag(24397): isAndroidNPatchEnable patch config is null
03-18 10:08:42.011 D/QFixAppImpl_PatchLogTag(24397): isAndroidNPatchEnable = false
03-18 10:08:42.017 D/MSF.D.QLog(24397): QLog init
03-18 10:08:42.017 D/LocaleManager(24397): initializeAppLocale, sCurrentLocaleId:0
03-18 10:08:42.018 D/PropertiesUtils(24397): initialize properties file, /data/user/0/com.tencent.mobileqq/files/qq_properties_local
03-18 10:08:42.019 D/PropertiesUtils(24397): read, size:2, names:[key_local_cache, key_local_last]
03-18 10:08:42.019 D/LocaleManager(24397): initializeAppLocale, localeIdStr:2052
03-18 10:08:42.020 D/PropertiesUtils(24397): read, size:2, names:[key_local_cache, key_local_last]
03-18 10:08:42.020 D/PropertiesUtils(24397): only main process can save!
03-18 10:08:42.020 D/LocaleManager(24397): initializeAppLocale, HwEngine.localeId:2052
03-18 10:08:42.020 D/LocaleManager(24397): tryApplyLocaleIfNeeded, resLocale:zh_CN
03-18 10:08:42.020 D/LocaleManager(24397): queryCurrentLocale, currentLocale:zh_CN
03-18 10:08:42.020 D/MultiLanguageEngine(24397): initAndDelegate:false, context:android.app.ContextImpl@57a2f9b
03-18 10:08:42.021 D/PropertiesUtils(24397): read, size:2, names:[key_local_cache, key_local_last]
03-18 10:08:42.022 D/FontSettingManager(24397): currentDm: 3.0, 3.0, 480
03-18 10:08:42.027 I/AutoMonitor(24397): nextState -1, 0
03-18 10:08:42.028 D/init_log(24397): useNewLog false MSF=false QLogBean=false isGrayVersion|DebugVersion=falsefalse EncryptedKeyfalse
03-18 10:08:42.030 W/System.err(24397): java.lang.ClassNotFoundException: java.nio.CharArrayBuffer
03-18 10:08:42.031 W/System.err(24397): 	at java.lang.Class.classForName(Native Method)
03-18 10:08:42.031 W/System.err(24397): 	at java.lang.Class.forName(Class.java:453)
03-18 10:08:42.031 W/System.err(24397): 	at java.lang.Class.forName(Class.java:378)
03-18 10:08:42.031 W/System.err(24397): 	at com.tencent.qphone.base.util.j.a(P:305)
03-18 10:08:42.031 W/System.err(24397): 	at com.tencent.qphone.base.util.j.write(P:251)
03-18 10:08:42.031 W/System.err(24397): 	at com.tencent.qphone.base.util.a.b.a(P:60)
03-18 10:08:42.031 W/System.err(24397): 	at com.tencent.qphone.base.util.a.b.flush(P:175)
03-18 10:08:42.031 W/System.err(24397): 	at com.tencent.qphone.base.util.QLog.writeLogToFile(P:1228)
03-18 10:08:42.031 W/System.err(24397): 	at com.tencent.qphone.base.util.QLog.access$500(P:58)
03-18 10:08:42.031 W/System.err(24397): 	at com.tencent.qphone.base.util.QLog$c.handleMessage(P:140)
03-18 10:08:42.031 W/System.err(24397): 	at android.os.Handler.dispatchMessage(Handler.java:106)
03-18 10:08:42.031 W/System.err(24397): 	at android.os.Looper.loop(Looper.java:226)
03-18 10:08:42.031 W/System.err(24397): 	at android.os.HandlerThread.run(HandlerThread.java:65)
03-18 10:08:42.031 W/System.err(24397): Caused by: java.lang.ClassNotFoundException: Didn't find class "java.nio.CharArrayBuffer" on path: DexPathList[[zip file "/system/framework/org.apache.http.legacy.boot.jar", zip file "/data/app/com.tencent.mobileqq-OEfVlwEeV7ApGJks3o5ivg==/base.apk"],nativeLibraryDirectories=[/data/app/com.tencent.mobileqq-OEfVlwEeV7ApGJks3o5ivg==/lib/arm, /data/app/com.tencent.mobileqq-OEfVlwEeV7ApGJks3o5ivg==/base.apk!/lib/armeabi, /system/lib]]
03-18 10:08:42.031 W/System.err(24397): 	at dalvik.system.BaseDexClassLoader.findClass(BaseDexClassLoader.java:134)
03-18 10:08:42.032 W/System.err(24397): 	at java.lang.ClassLoader.loadClass(ClassLoader.java:379)
03-18 10:08:42.032 W/System.err(24397): 	at java.lang.ClassLoader.loadClass(ClassLoader.java:312)
03-18 10:08:42.032 W/System.err(24397): 	... 13 more
03-18 10:08:42.034 D/PatchLogTag(24397): DexPatchInstaller checkDexPatchConfigAndStatus patch config is null
03-18 10:08:42.034 D/PatchLogTag(24397): DexPatchInstaller installDexPatch Not inject patch, status=0
03-18 10:08:42.038 D/VFSRegisterProxy(24397): initConfig checkSP is called, return val = false
03-18 10:08:42.038 I/VFSTrack_Time(24397): track_init_config, cost=3
03-18 10:08:42.045 D/EIPCConst(24397): connectProvider success
03-18 10:08:42.060 D/MSF.D.MonitorSocket(24397): phoneDisplays: KOT49H|KTU84P, phoneModels: COOLPAD7295, appid: , version: , currVersion: 8.3.0.4480, process: , com.tencent.mobileqq:qzone
03-18 10:08:42.119 I/WifiService( 1258): startScan uid=10238
03-18 10:08:42.143 I/AutoMonitor(24397): updateVersion ProcFirstLaunchcom.tencent.mobileqq:qzone a9855103 a9855103
03-18 10:08:42.154 D/OpenSSLLib(23352): OpensslErr:Module:12(177:); file:external/boringssl/src/crypto/asn1/asn1_lib.c ;Line:168;Function:ASN1_get_object
03-18 10:08:42.170 D/OpenSSLLib(23352): OpensslErr:Module:12(177:); file:external/boringssl/src/crypto/asn1/asn1_lib.c ;Line:168;Function:ASN1_get_object
03-18 10:08:42.176 W/System  (23352): ClassLoader referenced unknown path: system/framework/mediatek-cta.jar
03-18 10:08:42.177 I/System.out(23352): e:java.lang.ClassNotFoundException: com.mediatek.cta.CtaHttp
03-18 10:08:42.181 W/System  (23352): ClassLoader referenced unknown path: system/framework/mediatek-cta.jar
03-18 10:08:42.183 I/System.out(23352): e:java.lang.ClassNotFoundException: com.mediatek.cta.CtaHttp
03-18 10:08:42.260 E/mqq     (24397): waitInit when empty: 
03-18 10:08:42.260 E/mqq     (24397): java.lang.RuntimeException: 
03-18 10:08:42.260 E/mqq     (24397): 	at mqq.app.MobileQQ.waitAppRuntime(P:904)
03-18 10:08:42.260 E/mqq     (24397): 	at com.tencent.common.app.BaseApplicationImpl.getRuntime(P:210)
03-18 10:08:42.260 E/mqq     (24397): 	at com.tencent.mobileqq.startup.step.InitSkin.initSkin(P:949)
03-18 10:08:42.260 E/mqq     (24397): 	at com.tencent.mobileqq.startup.step.InitSkin.doStep(P:100)
03-18 10:08:42.260 E/mqq     (24397): 	at com.tencent.mobileqq.startup.step.Step.step(P:118)
03-18 10:08:42.260 E/mqq     (24397): 	at com.tencent.mobileqq.startup.step.OnceIfSuccessStep.step(P:19)
03-18 10:08:42.260 E/mqq     (24397): 	at axnx.a(P:412)
03-18 10:08:42.260 E/mqq     (24397): 	at com.tencent.common.app.BaseApplicationImpl.onCreate(P:299)
03-18 10:08:42.260 E/mqq     (24397): 	at com.tencent.mobileqq.qfix.QFixApplication.onCreate(P:30)
03-18 10:08:42.260 E/mqq     (24397): 	at android.app.Instrumentation.callApplicationOnCreate(Instrumentation.java:1154)
03-18 10:08:42.260 E/mqq     (24397): 	at android.app.ActivityThread.handleBindApplication(ActivityThread.java:6324)
03-18 10:08:42.260 E/mqq     (24397): 	at android.app.ActivityThread.access$1300(ActivityThread.java:229)
03-18 10:08:42.260 E/mqq     (24397): 	at android.app.ActivityThread$H.handleMessage(ActivityThread.java:1873)
03-18 10:08:42.260 E/mqq     (24397): 	at android.os.Handler.dispatchMessage(Handler.java:106)
03-18 10:08:42.260 E/mqq     (24397): 	at android.os.Looper.loop(Looper.java:226)
03-18 10:08:42.260 E/mqq     (24397): 	at android.app.ActivityThread.main(ActivityThread.java:7223)
03-18 10:08:42.260 E/mqq     (24397): 	at java.lang.reflect.Method.invoke(Native Method)
03-18 10:08:42.260 E/mqq     (24397): 	at com.android.internal.os.RuntimeInit$MethodAndArgsCaller.run(RuntimeInit.java:576)
03-18 10:08:42.260 E/mqq     (24397): 	at com.android.internal.os.ZygoteInit.main(ZygoteInit.java:956)
03-18 10:08:42.261 D/mqq     (24397): doInit begin withcom.tencent.mobileqq:qzone
03-18 10:08:42.265 I/MsfServiceSdk(24397): oppo_pacm00 create isUseNewProxy=false randomInt=68
03-18 10:08:42.270 I/MSF.D.NetworkProvider(24397): refresh currentAPN:. received networkInfo: CONNECTED :NetworkInfo: type: WIFI[], state: CONNECTED/CONNECTED, reason: (unspecified), extra: "eversaf, roaming: false, failover: false, isAvailable: true, isConnectedToProvisioningNetwork: true. ExtraNetInfo: null
03-18 10:08:42.270 D/MSF.D.NetworkProvider(24397): netchange NONE to WiFi
03-18 10:08:42.270 D/MsfServiceSdk(24397): MsfServiceSdk init proxyNew=false processName=com.tencent.mobileqq:qzone
03-18 10:08:42.271 D/MainService(24397): start MSF-Receiver 927
03-18 10:08:42.274 D/MSF.D.Proxy(24397): MSF_Alive_Log start service finish
03-18 10:08:42.274 D/MSF.S.MsfService(32123): MSF_Alive_Log serivce onStart
03-18 10:08:42.277 D/MSF.D.Proxy(24397): threadID:2, threadName: main bind service finished true
03-18 10:08:42.279 D/mqq     (24397): *7203 false 0 *9307 true 1584472312052
03-18 10:08:42.279 D/mqq     (24397): *2960 true 1584489448434 *7203 false 0
03-18 10:08:42.280 D/mqq     (24397): *2960 true 1584489448434 *7203 false 0
03-18 10:08:42.280 D/mqq     (24397): *2960 true 1584489448434 *9307 true 1584472312052
03-18 10:08:42.280 D/MobileQQ(24397): createNewRuntime, falsefalse5null
03-18 10:08:42.291 D/MSF.D.Proxy(24397): MSF_Alive_Log start service finish
03-18 10:08:42.291 D/MSF.S.MsfService(32123): MSF_Alive_Log serivce onStart
03-18 10:08:42.293 D/MSF.D.Proxy(24397): threadID:2, threadName: main bind service finished true
03-18 10:08:42.298 D/MobileQQ(24397): createNewRuntime, canAutoOK: true
03-18 10:08:42.298 I/QzoneMainRuntime(24397): QzoneMainRuntime onCreate
03-18 10:08:42.299 I/mqq     (24397): [AppRuntime]QzoneMainRuntime (*2960) onCreate,savedInstanceState=null
03-18 10:08:42.299 D/mqq     (24397): newServlet = mqq.app.BuiltInServlet@dfde4fe
03-18 10:08:42.303 D/MSF.D.Proxy(24397): start MsfService through Broadcast, 1
03-18 10:08:42.307 D/NetConnInfoCenter(32123): receive broadcast Intent { act=com.tencent.mobileqq.msf.startmsf flg=0x80010 pkg=com.tencent.mobileqq cmp=com.tencent.mobileqq/.msf.core.NetConnInfoCenter }
03-18 10:08:42.308 E/QZLog   (24397): *createQZoneAppInterface  begin
03-18 10:08:42.308 D/MSF.D.Proxy(24397): threadID:929, threadName: ServletForward bind service finished true
03-18 10:08:42.308 D/MSF.D.Proxy(24397): delay binding MSF Service
03-18 10:08:42.318 D/plugin_tag(24397): getOrCreateClassLoader:qzone_plugin.apk
03-18 10:08:42.319 D/plugin_tag(24397): dexsPath/data/data/com.tencent.mobileqq/app_installed_plugin/qzone_plugin.apk
03-18 10:08:42.323 I/.mobileqq:qzon(24397): The ClassLoaderContext is a special shared library.
03-18 10:08:42.326 E/oiface  ( 3339): no skin thermal found
03-18 10:08:42.330 W/plugin_tag(24397): getOrCreateClassLoaderCost:qzone_plugin.apk c:11
03-18 10:08:42.354 E/QZLog   (24397): *createQZoneAppInterface  suscees
03-18 10:08:42.355 I/QZLog   (24397): QZoneAppInterface onCreate isFirst:true,theadid=2
03-18 10:08:42.381 I/QZoneAppInterface(24397): *********************,isCurrentVersionFirstLaunchfalse
03-18 10:08:42.410 I/EventCenter(24397): init: true
03-18 10:08:42.448 D/OpenSSLLib(23352): OpensslErr:Module:12(177:); file:external/boringssl/src/crypto/asn1/asn1_lib.c ;Line:168;Function:ASN1_get_object
03-18 10:08:42.449 D/OpenSSLLib(23352): OpensslErr:Module:12(177:); file:external/boringssl/src/crypto/asn1/asn1_lib.c ;Line:168;Function:ASN1_get_object
03-18 10:08:42.473 W/Choreographer( 2679): Frame time is 6.217568 ms in the future!  Check that graphics HAL is generating vsync timestamps using the correct timebase.
03-18 10:08:42.473 W/Choreographer(23352): Frame time is 6.197568 ms in the future!  Check that graphics HAL is generating vsync timestamps using the correct timebase.
03-18 10:08:42.486 W/System  (23352): ClassLoader referenced unknown path: system/framework/mediatek-cta.jar
03-18 10:08:42.489 I/System.out(23352): [OkHttp] sendRequest>>
03-18 10:08:42.490 I/System.out(23352): [OkHttp] sendRequest<<
03-18 10:08:42.566 I/VIDEO_LOG/FeedVideoEnv(24397): michal9 FeedVideoEnv init! pid=24397
03-18 10:08:42.566 I/VIDEO_LOG/FeedVideoEnv(24397): CLOSE_HARDWARE_ACCELERATED=false
03-18 10:08:42.567 I/VIDEO_LOG/FeedVideoEnv(24397): h265debug cfg h265ReportKeyVersion=2
03-18 10:08:42.611 E/.mobileqq:qzon(24397): Invalid ID 0x00000000.
03-18 10:08:42.611 I/chatty  (24397): uid=10128 com.tencent.mobileqq:qzone identical 2 lines
03-18 10:08:42.612 E/.m