03-18 10:08:27.522 I/BufferQueueProducer(  521): [Toast#0](this:0x71e093e800,id:521,api:1,p:23352,c:521) connect(P): api=1 producer=(23352:com.yax.yax.driver) producerControlledByApp=true
03-18 10:08:27.524 D/mali_winsys(23352): EGLint new_window_surface(egl_winsys_display *, void *, EGLSurface, EGLConfig, egl_winsys_surface **, EGLBoolean) returns 0x3000
03-18 10:08:27.529 I/Choreographer(23352): Skipped 1 frames!  The application may be doing too much work on its main thread.
03-18 10:08:27.555 W/DispPerfService(  521): onFrameAvailable: (23352,-1)
03-18 10:08:27.559 W/ContentProvider( 1258): to getCallingPackage original = null, callingPid = 1258
03-18 10:08:27.559 W/ContentProvider( 1258): java.lang.Throwable
03-18 10:08:27.559 W/ContentProvider( 1258): 	at android.content.ContentProvider.setCallingPackage(ContentProvider.java:815)
03-18 10:08:27.559 W/ContentProvider( 1258): 	at android.content.ContentProvider.access$100(ContentProvider.java:104)
03-18 10:08:27.559 W/ContentProvider( 1258): 	at android.content.ContentProvider$Transport.call(ContentProvider.java:481)
03-18 10:08:27.559 W/ContentProvider( 1258): 	at android.provider.Settings$NameValueCache.getStringForUser(Settings.java:2113)
03-18 10:08:27.559 W/ContentProvider( 1258): 	at android.provider.Settings$System.getStringForUser(Settings.java:2420)
03-18 10:08:27.559 W/ContentProvider( 1258): 	at android.provider.Settings$System.getIntForUser(Settings.java:2490)
03-18 10:08:27.559 W/ContentProvider( 1258): 	at com.android.server.wm.OppoAppTransition.loadAnimationAttr(OppoAppTransition.java:1335)
03-18 10:08:27.559 W/ContentProvider( 1258): 	at com.android.server.wm.WindowStateAnimator.applyAnimationLocked(WindowStateAnimator.java:1484)
03-18 10:08:27.559 W/ContentProvider( 1258): 	at com.android.server.wm.WindowStateAnimator.applyEnterAnimationLocked(WindowStateAnimator.java:1424)
03-18 10:08:27.559 W/ContentProvider( 1258): 	at com.android.server.wm.WindowState.performShowLocked(WindowState.java:4169)
03-18 10:08:27.559 W/ContentProvider( 1258): 	at com.android.server.wm.WindowStateAnimator.commitFinishDrawingLocked(WindowStateAnimator.java:426)
03-18 10:08:27.559 W/ContentProvider( 1258): 	at com.android.server.wm.DisplayContent.lambda$new$8(DisplayContent.java:852)
03-18 10:08:27.559 W/ContentProvider( 1258): 	at com.android.server.wm.-$$Lambda$DisplayContent$qxt4izS31fb0LF2uo_OF9DMa7gc.accept(Unknown Source:4)
03-18 10:08:27.559 W/ContentProvider( 1258): 	at com.android.server.wm.WindowContainer$ForAllWindowsConsumerWrapper.apply(WindowContainer.java:1155)
03-18 10:08:27.559 W/ContentProvider( 1258): 	at com.android.server.wm.WindowContainer$ForAllWindowsConsumerWrapper.apply(WindowContainer.java:1145)
03-18 10:08:27.559 W/ContentProvider( 1258): 	at com.android.server.wm.WindowState.applyInOrderWithImeWindows(WindowState.java:4381)
03-18 10:08:27.559 W/ContentProvider( 1258): 	at com.android.server.wm.WindowState.forAllWindows(WindowState.java:4280)
03-18 10:08:27.559 W/ContentProvider( 1258): 	at com.android.server.wm.WindowContainer.forAllWindows(WindowContainer.java:819)
03-18 10:08:27.559 W/ContentProvider( 1258): 	at com.android.server.wm.DisplayContent$AboveAppWindowContainers.forAllWindows(DisplayContent.java:4158)
03-18 10:08:27.559 W/ContentProvider( 1258): 	at com.android.server.wm.DisplayContent.forAllWindows(DisplayContent.java:1886)
03-18 10:08:27.559 W/ContentProvider( 1258): 	at com.android.server.wm.WindowContainer.forAllWindows(WindowContainer.java:836)
03-18 10:08:27.559 W/ContentProvider( 1258): 	at com.android.server.wm.DisplayContent.applySurfaceChangesTransaction(DisplayContent.java:3230)
03-18 10:08:27.559 W/ContentProvider( 1258): 	at com.android.server.wm.RootWindowContainer.applySurfaceChangesTransaction(RootWindowContainer.java:868)
03-18 10:08:27.559 W/ContentProvider( 1258): 	at com.android.server.wm.RootWindowContainer.performSurfacePlacement(RootWindowContainer.java:601)
03-18 10:08:27.559 W/ContentProvider( 1258): 	at com.android.server.wm.WindowSurfacePlacer.performSurfacePlacementLoop(WindowSurfacePlacer.java:262)
03-18 10:08:27.559 W/ContentProvider( 1258): 	at com.android.server.wm.WindowSurfacePlacer.performSurfacePlacement(WindowSurfacePlacer.java:185)
03-18 10:08:27.559 W/ContentProvider( 1258): 	at com.android.server.wm.WindowSurfacePlacer.performSurfacePlacement(WindowSurfacePlacer.java:169)
03-18 10:08:27.559 W/ContentProvider( 1258): 	at com.android.server.wm.WindowSurfacePlacer.lambda$new$0(WindowSurfacePlacer.java:142)
03-18 10:08:27.559 W/ContentProvider( 1258): 	at com.android.server.wm.-$$Lambda$WindowSurfacePlacer$4Hbamt-LFcbu8AoZBoOZN_LveKQ.run(Unknown Source:2)
03-18 10:08:27.559 W/ContentProvider( 1258): 	at android.os.Handler.handleCallback(Handler.java:873)
03-18 10:08:27.559 W/ContentProvider( 1258): 	at android.os.Handler.dispatchMessage(Handler.java:99)
03-18 10:08:27.559 W/ContentProvider( 1258): 	at android.os.Looper.loop(Looper.java:226)
03-18 10:08:27.559 W/ContentProvider( 1258): 	at android.os.HandlerThread.run(HandlerThread.java:65)
03-18 10:08:27.559 W/ContentProvider( 1258): 	at com.android.server.ServiceThread.run(ServiceThread.java:44)
03-18 10:08:27.561 D/SurfaceControl( 1258): setCornerRadius in SurfaceControl cornerRadius =:0.0
03-18 10:08:27.561 V/SurfaceControl( 1258): nativeSetCornerRadius 0.000000
03-18 10:08:27.561 D/WindowManager( 1258): mHoldScreenWindow null
03-18 10:08:27.562 D/OppoProcessManager( 1258): notifyHypnus float window enabled
03-18 10:08:27.578 D/SurfaceControl( 1258): setCornerRadius in SurfaceControl cornerRadius =:0.0
03-18 10:08:27.578 V/SurfaceControl( 1258): nativeSetCornerRadius 0.000000
03-18 10:08:27.578 D/SurfaceControl( 1258): setCornerRadius in SurfaceControl cornerRadius =:0.0
03-18 10:08:27.578 V/SurfaceControl( 1258): nativeSetCornerRadius 0.000000
03-18 10:08:27.594 D/SurfaceControl( 1258): setCornerRadius in SurfaceControl cornerRadius =:0.0
03-18 10:08:27.595 V/SurfaceControl( 1258): nativeSetCornerRadius 0.000000
03-18 10:08:27.611 D/SurfaceControl( 1258): setCornerRadius in SurfaceControl cornerRadius =:0.0
03-18 10:08:27.612 V/SurfaceControl( 1258): nativeSetCornerRadius 0.000000
03-18 10:08:27.629 D/SurfaceControl( 1258): setCornerRadius in SurfaceControl cornerRadius =:0.0
03-18 10:08:27.629 V/SurfaceControl( 1258): nativeSetCornerRadius 0.000000
03-18 10:08:27.645 D/SurfaceControl( 1258): setCornerRadius in SurfaceControl cornerRadius =:0.0
03-18 10:08:27.645 V/SurfaceControl( 1258): nativeSetCornerRadius 0.000000
03-18 10:08:27.662 D/SurfaceControl( 1258): setCornerRadius in SurfaceControl cornerRadius =:0.0
03-18 10:08:27.662 V/SurfaceControl( 1258): nativeSetCornerRadius 0.000000
03-18 10:08:27.679 D/SurfaceControl( 1258): setCornerRadius in SurfaceControl cornerRadius =:0.0
03-18 10:08:27.679 V/SurfaceControl( 1258): nativeSetCornerRadius 0.000000
03-18 10:08:27.697 D/SurfaceControl( 1258): setCornerRadius in SurfaceControl cornerRadius =:0.0
03-18 10:08:27.697 V/SurfaceControl( 1258): nativeSetCornerRadius 0.000000
03-18 10:08:27.712 D/SurfaceControl( 1258): setCornerRadius in SurfaceControl cornerRadius =:0.0
03-18 10:08:27.712 V/SurfaceControl( 1258): nativeSetCornerRadius 0.000000
03-18 10:08:27.729 D/SurfaceControl( 1258): setCornerRadius in SurfaceControl cornerRadius =:0.0
03-18 10:08:27.729 V/SurfaceControl( 1258): nativeSetCornerRadius 0.000000
03-18 10:08:27.745 D/SurfaceControl( 1258): setCornerRadius in SurfaceControl cornerRadius =:0.0
03-18 10:08:27.746 V/SurfaceControl( 1258): nativeSetCornerRadius 0.000000
03-18 10:08:27.762 D/SurfaceControl( 1258): setCornerRadius in SurfaceControl cornerRadius =:0.0
03-18 10:08:27.762 V/SurfaceControl( 1258): nativeSetCornerRadius 0.000000
03-18 10:08:27.779 D/SurfaceControl( 1258): setCornerRadius in SurfaceControl cornerRadius =:0.0
03-18 10:08:27.780 V/SurfaceControl( 1258): nativeSetCornerRadius 0.000000
03-18 10:08:27.797 D/SurfaceControl( 1258): setCornerRadius in SurfaceControl cornerRadius =:0.0
03-18 10:08:27.797 V/SurfaceControl( 1258): nativeSetCornerRadius 0.000000
03-18 10:08:27.813 D/SurfaceControl( 1258): setCornerRadius in SurfaceControl cornerRadius =:0.0
03-18 10:08:27.813 V/SurfaceControl( 1258): nativeSetCornerRadius 0.000000
03-18 10:08:27.829 D/SurfaceControl( 1258): setCornerRadius in SurfaceControl cornerRadius =:0.0
03-18 10:08:27.829 V/SurfaceControl( 1258): nativeSetCornerRadius 0.000000
03-18 10:08:27.846 D/SurfaceControl( 1258): setCornerRadius in SurfaceControl cornerRadius =:0.0
03-18 10:08:27.846 V/SurfaceControl( 1258): nativeSetCornerRadius 0.000000
03-18 10:08:27.862 D/SurfaceControl( 1258): setCornerRadius in SurfaceControl cornerRadius =:0.0
03-18 10:08:27.863 V/SurfaceControl( 1258): nativeSetCornerRadius 0.000000
03-18 10:08:27.879 D/SurfaceControl( 1258): setCornerRadius in SurfaceControl cornerRadius =:0.0
03-18 10:08:27.880 V/SurfaceControl( 1258): nativeSetCornerRadius 0.000000
03-18 10:08:27.897 D/SurfaceControl( 1258): setCornerRadius in SurfaceControl cornerRadius =:0.0
03-18 10:08:27.897 V/SurfaceControl( 1258): nativeSetCornerRadius 0.000000
03-18 10:08:27.903 W/Thread-1092( 8527): type=1400 audit(0.0:132179): avc: denied { search } for name="/" dev="mmcblk0p40" ino=2 scontext=u:r:untrusted_app_27:s0:c512,c768 tcontext=u:object_r:unlabeled:s0 tclass=dir permissive=0
03-18 10:08:27.903 W/Thread-1092( 8527): type=1400 audit(0.0:132180): avc: denied { search } for name="/" dev="mmcblk0p40" ino=2 scontext=u:r:untrusted_app_27:s0:c512,c768 tcontext=u:object_r:unlabeled:s0 tclass=dir permissive=0
03-18 10:08:27.913 D/SurfaceControl( 1258): setCornerRadius in SurfaceControl cornerRadius =:0.0
03-18 10:08:27.914 V/SurfaceControl( 1258): nativeSetCornerRadius 0.000000
03-18 10:08:27.931 D/SurfaceControl( 1258): setCornerRadius in SurfaceControl cornerRadius =:0.0
03-18 10:08:27.931 V/SurfaceControl( 1258): nativeSetCornerRadius 0.000000
03-18 10:08:27.947 D/SurfaceControl( 1258): setCornerRadius in SurfaceControl cornerRadius =:0.0
03-18 10:08:27.947 V/SurfaceControl( 1258): nativeSetCornerRadius 0.000000
03-18 10:08:27.963 D/SurfaceControl( 1258): setCornerRadius in SurfaceControl cornerRadius =:0.0
03-18 10:08:27.963 V/SurfaceControl( 1258): nativeSetCornerRadius 0.000000
03-18 10:08:27.980 D/SurfaceControl( 1258): setCornerRadius in SurfaceControl cornerRadius =:0.0
03-18 10:08:27.980 V/SurfaceControl( 1258): nativeSetCornerRadius 0.000000
03-18 10:08:27.997 D/SurfaceControl( 1258): setCornerRadius in SurfaceControl cornerRadius =:0.0
03-18 10:08:27.997 V/SurfaceControl( 1258): nativeSetCornerRadius 0.000000
03-18 10:08:28.013 D/SurfaceControl( 1258): setCornerRadius in SurfaceControl cornerRadius =:0.0
03-18 10:08:28.013 V/SurfaceControl( 1258): nativeSetCornerRadius 0.000000
03-18 10:08:28.030 D/SurfaceControl( 1258): setCornerRadius in SurfaceControl cornerRadius =:0.0
03-18 10:08:28.030 V/SurfaceControl( 1258): nativeSetCornerRadius 0.000000
03-18 10:08:28.047 D/SurfaceControl( 1258): setCornerRadius in SurfaceControl cornerRadius =:0.0
03-18 10:08:28.047 V/SurfaceControl( 1258): nativeSetCornerRadius 0.000000
03-18 10:08:28.064 D/SurfaceControl( 1258): setCornerRadius in SurfaceControl cornerRadius =:0.0
03-18 10:08:28.064 V/SurfaceControl( 1258): nativeSetCornerRadius 0.000000
03-18 10:08:28.080 D/SurfaceControl( 1258): setCornerRadius in SurfaceControl cornerRadius =:0.0
03-18 10:08:28.081 V/SurfaceControl( 1258): nativeSetCornerRadius 0.000000
03-18 10:08:28.084 D/WindowManager( 1258): mHoldScreenWindow null
03-18 10:08:28.084 D/WindowManager( 1258): mHoldScreenWindow Window{8f39eba u0 Toast}
03-18 10:08:28.102 D/WindowManager( 1258): mHoldScreenWindow null
03-18 10:08:28.102 D/WindowManager( 1258): mHoldScreenWindow Window{8f39eba u0 Toast}
03-18 10:08:28.157 W/Choreographer( 2679): Frame time is 14.960641 ms in the future!  Check that graphics HAL is generating vsync timestamps using the correct timebase.
03-18 10:08:28.157 W/Choreographer(23352): Frame time is 14.933411 ms in the future!  Check that graphics HAL is generating vsync timestamps using the correct timebase.
03-18 10:08:28.172 W/Choreographer( 2679): Frame time is 24.110165 ms in the future!  Check that graphics HAL is generating vsync timestamps using the correct timebase.
03-18 10:08:28.173 W/Choreographer(23352): Frame time is 23.99324 ms in the future!  Check that graphics HAL is generating vsync timestamps using the correct timebase.
03-18 10:08:28.197 W/Choreographer(23352): Frame time is 15.97117 ms in the future!  Check that graphics HAL is generating vsync timestamps using the correct timebase.
03-18 10:08:28.197 W/Choreographer( 2679): Frame time is 15.959324 ms in the future!  Check that graphics HAL is generating vsync timestamps using the correct timebase.
03-18 10:08:28.214 W/Choreographer(23352): Frame time is 16.167503 ms in the future!  Check that graphics HAL is generating vsync timestamps using the correct timebase.
03-18 10:08:28.214 W/Choreographer( 2679): Frame time is 16.290733 ms in the future!  Check that graphics HAL is generating vsync timestamps using the correct timebase.
03-18 10:08:28.230 W/Choreographer( 2679): Frame time is 16.069809 ms in the future!  Check that graphics HAL is generating vsync timestamps using the correct timebase.
03-18 10:08:28.231 W/Choreographer(23352): Frame time is 15.994117 ms in the future!  Check that graphics HAL is generating vsync timestamps using the correct timebase.
03-18 10:08:28.309 W/Choreographer( 2679): Frame time is 5.273466 ms in the future!  Check that graphics HAL is generating vsync timestamps using the correct timebase.
03-18 10:08:28.309 W/Choreographer(23352): Frame time is 5.228928 ms in the future!  Check that graphics HAL is generating vsync timestamps using the correct timebase.
03-18 10:08:28.434 E/WifiVendorHal( 1258): getWifiLinkLayerStats(l.947) failed {.code = ERROR_NOT_SUPPORTED, .description = }
03-18 10:08:28.820 D/ApmSession(  858): Connect
03-18 10:08:28.821 W/hwservicemanager(  386): getTransport: Cannot find entry vendor.mediatek.hardware.apmonitor@1.0::IAPMonitorService/default in either framework or device manifest.
03-18 10:08:28.822 D/ApmSession(  858): Connect: false
03-18 10:08:28.822 D/ApmNative(  858): apmIsKpiEnabled2: type = 54, ret = 0
03-18 10:08:28.940 W/Choreographer( 2679): Frame time is 10.358847 ms in the future!  Check that graphics HAL is generating vsync timestamps using the correct timebase.
03-18 10:08:28.940 W/Choreographer(23352): Frame time is 10.313078 ms in the future!  Check that graphics HAL is generating vsync timestamps using the correct timebase.
03-18 10:08:29.064 W/Choreographer( 2679): Frame time is 3.134701 ms in the future!  Check that graphics HAL is generating vsync timestamps using the correct timebase.
03-18 10:08:29.064 W/Choreographer(23352): Frame time is 3.099163 ms in the future!  Check that graphics HAL is generating vsync timestamps using the correct timebase.
03-18 10:08:29.447 W/Choreographer( 2679): Frame time is 5.682509 ms in the future!  Check that graphics HAL is generating vsync timestamps using the correct timebase.
03-18 10:08:29.447 W/Choreographer(23352): Frame time is 5.625432 ms in the future!  Check that graphics HAL is generating vsync timestamps using the correct timebase.
03-18 10:08:29.478 D/WindowManager(23352): removeViewLocked root=android.view.ViewRootImpl@65b10c9 view=com.color.internal.widget.ColorToastLayout{734acc2 V.E...... ........ 0,0-921,158 #c0204f9 oppo:id/color_toast_layout}
03-18 10:08:29.479 W/ContentProvider( 1258): to getCallingPackage original = null, callingPid = 1258
03-18 10:08:29.479 W/ContentProvider( 1258): java.lang.Throwable
03-18 10:08:29.479 W/ContentProvider( 1258): 	at android.content.ContentProvider.setCallingPackage(ContentProvider.java:815)
03-18 10:08:29.479 W/ContentProvider( 1258): 	at android.content.ContentProvider.access$100(ContentProvider.java:104)
03-18 10:08:29.479 W/ContentProvider( 1258): 	at android.content.ContentProvider$Transport.call(ContentProvider.java:481)
03-18 10:08:29.479 W/ContentProvider( 1258): 	at android.provider.Settings$NameValueCache.getStringForUser(Settings.java:2113)
03-18 10:08:29.479 W/ContentProvider( 1258): 	at android.provider.Settings$System.getStringForUser(Settings.java:2420)
03-18 10:08:29.479 W/ContentProvider( 1258): 	at android.provider.Settings$System.getIntForUser(Settings.java:2490)
03-18 10:08:29.479 W/ContentProvider( 1258): 	at com.android.server.wm.OppoAppTransition.loadAnimationAttr(OppoAppTransition.java:1335)
03-18 10:08:29.479 W/ContentProvider( 1258): 	at com.android.server.wm.WindowStateAnimator.applyAnimationLocked(WindowStateAnimator.java:1484)
03-18 10:08:29.479 W/ContentProvider( 1258): 	at com.android.server.wm.WindowState.onSetAppExiting(WindowState.java:1947)
03-18 10:08:29.479 W/ContentProvider( 1258): 	at com.android.server.wm.WindowToken.setExiting(WindowToken.java:168)
03-18 10:08:29.479 W/ContentProvider( 1258): 	at com.android.server.wm.DisplayContent.removeWindowToken(DisplayContent.java:1035)
03-18 10:08:29.479 W/ContentProvider( 1258): 	at com.android.server.wm.WindowManagerService.removeWindowToken(WindowManagerService.java:3577)
03-18 10:08:29.479 W/ContentProvider( 1258): 	at com.android.server.wm.WindowManagerService$LocalService.removeWindowToken(WindowManagerService.java:9681)
03-18 10:08:29.479 W/ContentProvider( 1258): 	at com.android.server.notification.NotificationManagerService.cancelToastLocked(NotificationManagerService.java:5739)
03-18 10:08:29.479 W/ContentProvider( 1258): 	at com.android.server.notification.NotificationManagerService.handleDurationReached(NotificationManagerService.java:5792)
03-18 10:08:29.479 W/ContentProvider( 1258): 	at com.android.server.notification.NotificationManagerService.access$6700(NotificationManagerService.java:278)
03-18 10:08:29.479 W/ContentProvider( 1258): 	at com.android.server.notification.NotificationManagerService$WorkerHandler.handleMessage(NotificationManagerService.java:6014)
03-18 10:08:29.479 W/ContentProvider( 1258): 	at android.os.Handler.dispatchMessage(Handler.java:106)
03-18 10:08:29.479 W/ContentProvider( 1258): 	at android.os.Looper.loop(Looper.java:226)
03-18 10:08:29.479 W/ContentProvider( 1258): 	at com.android.server.SystemServer.run(SystemServer.java:626)
03-18 10:08:29.479 W/ContentProvider( 1258): 	at com.android.server.SystemServer.main(SystemServer.java:443)
03-18 10:08:29.479 W/ContentProvider( 1258): 	at java.lang.reflect.Method.invoke(Native Method)
03-18 10:08:29.479 W/ContentProvider( 1258): 	at com.android.internal.os.RuntimeInit$MethodAndArgsCaller.run(RuntimeInit.java:576)
03-18 10:08:29.479 W/ContentProvider( 1258): 	at com.android.internal.os.ZygoteInit.main(ZygoteInit.java:936)
03-18 10:08:29.482 W/Choreographer( 2679): Frame time is 3.580276 ms in the future!  Check that graphics HAL is generating vsync timestamps using the correct timebase.
03-18 10:08:29.482 D/SurfaceControl( 1258): setCornerRadius in SurfaceControl cornerRadius =:0.0
03-18 10:08:29.482 V/SurfaceControl( 1258): nativeSetCornerRadius 0.000000
03-18 10:08:29.483 D/Surface (23352): Surface::disconnect(this=0xc0a7f000,api=1)
03-18 10:08:29.484 I/BufferQueueProducer(  521): [Toast#0](this:0x71e093e800,id:521,api:1,p:23352,c:521) disconnect(P): api 1
03-18 10:08:29.484 I/BufferQueueConsumer(  521): [Toast#0](this:0x71e093e800,id:521,api:1,p:-1,c:521) getReleasedBuffers: returning mask 0xffffffffffffffff
03-18 10:08:29.485 D/View    (23352): [Warning] assignParent to null: this = com.color.internal.widget.ColorToastLayout{734acc2 V.E...... ......ID 0,0-921,158 #c0204f9 oppo:id/color_toast_layout}
03-18 10:08:29.486 I/InputTransport(23352): Destroy ARC handle: 0xc7a7a0c0
03-18 10:08:29.487 D/SurfaceControl( 1258): setCornerRadius in SurfaceControl cornerRadius =:0.0
03-18 10:08:29.487 V/SurfaceControl( 1258): nativeSetCornerRadius 0.000000
03-18 10:08:29.487 D/SurfaceControl( 1258): setCornerRadius in SurfaceControl cornerRadius =:0.0
03-18 10:08:29.487 V/SurfaceControl( 1258): nativeSetCornerRadius 0.000000
03-18 10:08:29.488 D/WindowManager( 1258): mHoldScreenWindow null
03-18 10:08:29.488 D/WindowManager( 1258): mHoldScreenWindow Window{8f39eba u0 Toast}
03-18 10:08:29.492 V/WindowManager( 1258): mCurrentFocus: Window{fbae751 u0 com.yax.yax.driver/com.yax.yax.driver.home.activity.MapNaviActivity} newFocus Window{fbae751 u0 com.yax.yax.driver/com.yax.yax.driver.home.activity.MapNaviActivity}
03-18 10:08:29.496 V/WindowManager( 1258): mCurrentFocus: Window{fbae751 u0 com.yax.yax.driver/com.yax.yax.driver.home.activity.MapNaviActivity} newFocus Window{fbae751 u0 com.yax.yax.driver/com.yax.yax.driver.home.activity.MapNaviActivity}
03-18 10:08:29.500 D/WindowManager( 1258): mHoldScreenWindow null
03-18 10:08:29.500 D/WindowManager( 1258): mHoldScreenWindow Window{8f39eba u0 Toast EXITING}
03-18 10:08:29.504 D/SurfaceControl( 1258): setCornerRadius in SurfaceControl cornerRadius =:0.0
03-18 10:08:29.504 V/SurfaceControl( 1258): nativeSetCornerRadius 0.000000
03-18 10:08:29.505 W/NotificationService( 1258): Toast already killed. pkg=com.yax.yax.driver callback=android.app.ITransientNotification$Stub$Proxy@d1f065e
03-18 10:08:29.505 D/WindowManager( 1258): mHoldScreenWindow null
03-18 10:08:29.505 D/WindowManager( 1258): mHoldScreenWindow Window{8f39eba u0 Toast EXITING}
03-18 10:08:29.506 I/Choreographer(23352): Skipped 1 frames!  The application may be doing too much work on its main thread.
03-18 10:08:29.521 D/SurfaceControl( 1258): setCornerRadius in SurfaceControl cornerRadius =:0.0
03-18 10:08:29.521 V/SurfaceControl( 1258): nativeSetCornerRadius 0.000000
03-18 10:08:29.537 D/SurfaceControl( 1258): setCornerRadius in SurfaceControl cornerRadius =:0.0
03-18 10:08:29.537 V/SurfaceControl( 1258): nativeSetCornerRadius 0.000000
03-18 10:08:29.554 D/SurfaceControl( 1258): setCornerRadius in SurfaceControl cornerRadius =:0.0
03-18 10:08:29.554 V/SurfaceControl( 1258): nativeSetCornerRadius 0.000000
03-18 10:08:29.570 D/SurfaceControl( 1258): setCornerRadius in SurfaceControl cornerRadius =:0.0
03-18 10:08:29.571 V/SurfaceControl( 1258): nativeSetCornerRadius 0.000000
03-18 10:08:29.589 D/SurfaceControl( 1258): setCornerRadius in SurfaceControl cornerRadius =:0.0
03-18 10:08:29.589 V/SurfaceControl( 1258): nativeSetCornerRadius 0.000000
03-18 10:08:29.604 D/SurfaceControl( 1258): setCornerRadius in SurfaceControl cornerRadius =:0.0
03-18 10:08:29.604 V/SurfaceControl( 1258): nativeSetCornerRadius 0.000000
03-18 10:08:29.621 D/SurfaceControl( 1258): setCornerRadius in SurfaceControl cornerRadius =:0.0
03-18 10:08:29.621 V/SurfaceControl( 1258): nativeSetCornerRadius 0.000000
03-18 10:08:29.623 I/com.oppo.logki(24324): ProcessProfilingInfo new_methods=87 is saved saved_to_disk=1 resolve_classes_delay=5000
03-18 10:08:29.638 D/SurfaceControl( 1258): setCornerRadius in SurfaceControl cornerRadius =:0.0
03-18 10:08:29.638 V/SurfaceControl( 1258): nativeSetCornerRadius 0.000000
03-18 10:08:29.654 D/SurfaceControl( 1258): setCornerRadius in SurfaceControl cornerRadius =:0.0
03-18 10:08:29.654 V/SurfaceControl( 1258): nativeSetCornerRadius 0.000000
03-18 10:08:29.671 D/SurfaceControl( 1258): setCornerRadius in SurfaceControl cornerRadius =:0.0
03-18 10:08:29.671 V/SurfaceControl( 1258): nativeSetCornerRadius 0.000000
03-18 10:08:29.687 D/SurfaceControl( 1258): setCornerRadius in SurfaceControl cornerRadius =:0.0
03-18 10:08:29.688 V/SurfaceControl( 1258): nativeSetCornerRadius 0.000000
03-18 10:08:29.704 D/SurfaceControl( 1258): setCornerRadius in SurfaceControl cornerRadius =:0.0
03-18 10:08:29.705 V/SurfaceControl( 1258): nativeSetCornerRadius 0.000000
03-18 10:08:29.721 D/SurfaceControl( 1258): setCornerRadius in SurfaceControl cornerRadius =:0.0
03-18 10:08:29.721 V/SurfaceControl( 1258): nativeSetCornerRadius 0.000000
03-18 10:08:29.738 D/SurfaceControl( 1258): setCornerRadius in SurfaceControl cornerRadius =:0.0
03-18 10:08:29.739 V/SurfaceControl( 1258): nativeSetCornerRadius 0.000000
03-18 10:08:29.755 D/SurfaceControl( 1258): setCornerRadius in SurfaceControl cornerRadius =:0.0
03-18 10:08:29.755 V/SurfaceControl( 1258): nativeSetCornerRadius 0.000000
03-18 10:08:29.771 D/SurfaceControl( 1258): setCornerRadius in SurfaceControl cornerRadius =:0.0
03-18 10:08:29.772 V/SurfaceControl( 1258): nativeSetCornerRadius 0.000000
03-18 10:08:29.788 D/SurfaceControl( 1258): setCornerRadius in SurfaceControl cornerRadius =:0.0
03-18 10:08:29.788 V/SurfaceControl( 1258): nativeSetCornerRadius 0.000000
03-18 10:08:29.805 D/SurfaceControl( 1258): setCornerRadius in SurfaceControl cornerRadius =:0.0
03-18 10:08:29.805 V/SurfaceControl( 1258): nativeSetCornerRadius 0.000000
03-18 10:08:29.823 D/SurfaceControl( 1258): setCornerRadius in SurfaceControl cornerRadius =:0.0
03-18 10:08:29.823 V/SurfaceControl( 1258): nativeSetCornerRadius 0.000000
03-18 10:08:29.838 D/SurfaceControl( 1258): setCornerRadius in SurfaceControl cornerRadius =:0.0
03-18 10:08:29.838 V/SurfaceControl( 1258): nativeSetCornerRadius 0.000000
03-18 10:08:29.855 D/SurfaceControl( 1258): setCornerRadius in SurfaceControl cornerRadius =:0.0
03-18 10:08:29.856 V/SurfaceControl( 1258): nativeSetCornerRadius 0.000000
03-18 10:08:29.872 D/SurfaceControl( 1258): setCornerRadius in SurfaceControl cornerRadius =:0.0
03-18 10:08:29.872 V/SurfaceControl( 1258): nativeSetCornerRadius 0.000000
03-18 10:08:29.889 D/SurfaceControl( 1258): setCornerRadius in SurfaceControl cornerRadius =:0.0
03-18 10:08:29.889 V/SurfaceControl( 1258): nativeSetCornerRadius 0.000000
03-18 10:08:29.906 D/SurfaceControl( 1258): setCornerRadius in SurfaceControl cornerRadius =:0.0
03-18 10:08:29.907 V/SurfaceControl( 1258): nativeSetCornerRadius 0.000000
03-18 10:08:29.922 D/SurfaceControl( 1258): setCornerRadius in SurfaceControl cornerRadius =:0.0
03-18 10:08:29.922 V/SurfaceControl( 1258): nativeSetCornerRadius 0.000000
03-18 10:08:29.939 D/SurfaceControl( 1258): setCornerRadius in SurfaceControl cornerRadius =:0.0
03-18 10:08:29.939 V/SurfaceControl( 1258): nativeSetCornerRadius 0.000000
03-18 10:08:29.956 D/SurfaceControl( 1258): setCornerRadius in SurfaceControl cornerRadius =:0.0
03-18 10:08:29.956 V/SurfaceControl( 1258): nativeSetCornerRadius 0.000000
03-18 10:08:29.972 D/SurfaceControl( 1258): setCornerRadius in SurfaceControl cornerRadius =:0.0
03-18 10:08:29.973 V/SurfaceControl( 1258): nativeSetCornerRadius 0.000000
03-18 10:08:29.989 D/SurfaceControl( 1258): setCornerRadius in SurfaceControl cornerRadius =:0.0
03-18 10:08:29.989 V/SurfaceControl( 1258): nativeSetCornerRadius 0.000000
03-18 10:08:29.991 D/OppoProcessManager( 1258): notifyHypnus float window disabled
03-18 10:08:30.013 D/WindowManager( 1258): mHoldScreenWindow null
03-18 10:08:30.015 D/SurfaceControl( 1258): SurfaceControl::destroy [2] this:0x771683fd60 mClient:0x771683fd70 mHandle:0x771683fd78
03-18 10:08:30.016 D/SurfaceControl( 1258): SurfaceControl::destroy [1] this:0x771683fd60 mClient:0x771683fd70 mHandle:0x771683fd78
03-18 10:08:30.017 D/OppoProcessManager( 1258): notifyHypnus float window disabled
03-18 10:08:30.023 I/BufferQueueConsumer(  521): [Toast#0](this:0x71e093e800,id:521,api:1,p:-1,c:-1) disconnect(C)
03-18 10:08:30.023 I/BufferQueue(  521): [Toast#0](this:0x71e093e800,id:521,api:1,p:-1,c:-1) ~BufferQueueCore
03-18 10:08:30.018 I/chatty  ( 1258): uid=1000(system) android.anim identical 1 line
03-18 10:08:30.019 D/OppoProcessManager( 1258): notifyHypnus float window disabled
03-18 10:08:30.031 D/WindowManager( 1258): mHoldScreenWindow null
03-18 10:08:30.034 W/SurfaceFlinger(  521): Attempting to destroy on removed layer: 8f39eba Toast#0
03-18 10:08:30.117 W/Choreographer( 2679): Frame time is 5.922688 ms in the future!  Check that graphics HAL is generating vsync timestamps using the correct timebase.
03-18 10:08:30.117 W/Choreographer(23352): Frame time is 5.841996 ms in the future!  Check that graphics HAL is generating vsync timestamps using the correct timebase.
03-18 10:08:30.123 W/Choreographer( 2679): Frame time is 16.291344 ms in the future!  Check that graphics HAL is generating vsync timestamps using the correct timebase.
03-18 10:08:30.123 W/Choreographer(23352): Frame time is 15.987113 ms in the future!  Check that graphics HAL is generating vsync timestamps using the correct timebase.
03-18 10:08:30.140 W/Choreographer( 2679): Frame time is 15.944312 ms in the future!  Check that graphics HAL is generating vsync timestamps using the correct timebase.
03-18 10:08:30.140 W/Choreographer(23352): Frame time is 15.866543 ms in the future!  Check that graphics HAL is generating vsync timestamps using the correct timebase.
03-18 10:08:30.216 W/Choreographer( 2679): Frame time is 6.930371 ms in the future!  Check that graphics HAL is generating vsync timestamps using the correct timebase.
03-18 10:08:30.216 W/Choreographer(23352): Frame time is 6.864371 ms in the future!  Check that graphics HAL is generating vsync timestamps using the correct timebase.
03-18 10:08:30.223 W/Choreographer( 2679): Frame time is 16.393269 ms in the future!  Check that graphics HAL is generating vsync timestamps using the correct timebase.
03-18 10:08:30.223 W/Choreographer(23352): Frame time is 16.289728 ms in the future!  Check that graphics HAL is generating vsync timestamps using the correct timebase.
03-18 10:08:30.240 W/Choreographer( 2679): Frame time is 16.102613 ms in the future!  Check that graphics HAL is generating vsync timestamps using the correct timebase.
03-18 10:08:30.240 W/Choreographer(23352): Frame time is 16.051075 ms in the future!  Check that graphics HAL is generating vsync timestamps using the correct timebase.
03-18 10:08:30.319 W/Choreographer( 2679): Frame time is 4.078073 ms in the future!  Check that graphics HAL is generating vsync timestamps using the correct timebase.
03-18 10:08:30.319 W/Choreographer(23352): Frame time is 3.991381 ms in the future!  Check that graphics HAL is generating vsync timestamps using the correct timebase.
03-18 10:08:30.339 W/CokaNew-4(10437): type=1400 audit(0.0:132181): avc: denied { read } for name="loadavg" dev="proc" ino=4026532079 scontext=u:r:untrusted_app_27:s0:c512,c768 tcontext=u:object_r:proc_loadavg:s0 tclass=file permissive=0
03-18 10:08:30.505 W/WindowManager( 1258): removeWindowToken: Attempted to remove non-existing token: android.os.Binder@18a8aee
03-18 10:08:30.996 W/ContentProvider( 1258): to getCallingPackage original = null, callingPid = 1258
03-18 10:08:30.996 W/ContentProvider( 1258): java.lang.Throwable
03-18 10:08:30.996 W/ContentProvider( 1258): 	at android.content.ContentProvider.setCallingPackage(ContentProvider.java:815)
03-18 10:08:30.996 W/ContentProvider( 1258): 	at android.content.ContentProvider.access$100(ContentProvider.java:104)
03-18 10:08:30.996 W/ContentProvider( 1258): 	at android.content.ContentProvider$Transport.call(ContentProvider.java:481)
03-18 10:08:30.996 W/ContentProvider( 1258): 	at android.provider.Settings$NameValueCache.getStringForUser(Settings.java:2113)
03-18 10:08:30.996 W/ContentProvider( 1258): 	at android.provider.Settings$System.getStringForUser(Settings.java:2420)
03-18 10:08:30.996 W/ContentProvider( 1258): 	at android.provider.Settings$System.getIntForUser(Settings.java:2490)
03-18 10:08:30.996 W/ContentProvider( 1258): 	at com.android.server.wm.OppoAppTransition.loadAnimationAttr(OppoAppTransition.java:1335)
03-18 10:08:30.996 W/ContentProvider( 1258): 	at com.android.server.wm.WindowStateAnimator.applyAnimationLocked(WindowStateAnimator.java:1484)
03-18 10:08:30.996 W/ContentProvider( 1258): 	at com.android.server.wm.WindowState.hideLw(WindowState.java:2877)
03-18 10:08:30.996 W/ContentProvider( 1258): 	at com.android.server.wm.WindowState.hidePermanentlyLw(WindowState.java:3012)
03-18 10:08:30.996 W/ContentProvider( 1258): 	at com.android.server.wm.WindowManagerService$H.handleMessage(WindowManagerService.java:6869)
03-18 10:08:30.996 W/ContentProvider( 1258): 	at android.os.Handler.dispatchMessage(Handler.java:106)
03-18 10:08:30.996 W/ContentProvider( 1258): 	at android.os.Looper.loop(Looper.java:226)
03-18 10:08:30.996 W/ContentProvider( 1258): 	at android.os.HandlerThread.run(HandlerThread.java:65)
03-18 10:08:30.996 W/ContentProvider( 1258): 	at com.android.server.ServiceThread.run(ServiceThread.java:44)
03-18 10:08:30.997 W/WindowManager( 1258): Unable to start animation, surface is null or no children.
03-18 10:08:31.001 D/WindowManager( 1258): mHoldScreenWindow null
03-18 10:08:31.089 W/Choreographer( 2679): Frame time is 4.171115 ms in the future!  Check that graphics HAL is generating vsync timestamps using the correct timebase.
03-18 10:08:31.089 W/Choreographer(23352): Frame time is 4.098038 ms in the future!  Check that graphics HAL is generating vsync timestamps using the correct timebase.
03-18 10:08:31.455 E/WifiVendorHal( 1258): getWifiLinkLayerStats(l.947) failed {.code = ERROR_NOT_SUPPORTED, .description = }
03-18 10:08:32.129 E/Process ( 1258): get_ion_cache_memory: Unable to open /d/ion/heaps/system
03-18 10:08:32.127 W/Binder:1258_C( 1258): type=1400 audit(0.0:132182): avc: denied { search } for name="heaps" dev="debugfs" ino=7188 scontext=u:r:system_server:s0 tcontext=u:object_r:debugfs_ion_mm_heap:s0 tclass=dir permissive=0
03-18 10:08:32.166 D/OpenSSLLib(23352): OpensslErr:Module:12(177:); file:external/boringssl/src/crypto/asn1/asn1_lib.c ;Line:168;Function:ASN1_get_object
03-18 10:08:32.188 D/OpenSSLLib(23352): OpensslErr:Module:12(177:); file:external/boringssl/src/crypto/asn1/asn1_lib.c ;Line:168;Function:ASN1_get_object
03-18 10:08:32.197 W/System  (23352): ClassLoader referenced unknown path: system/framework/mediatek-cta.jar
03-18 10:08:32.200 I/System.out(23352): e:java.lang.ClassNotFoundException: com.mediatek.cta.CtaHttp
03-18 10:08:32.204 W/System  (23352): ClassLoader referenced unknown path: system/framework/mediatek-cta.jar
03-18 10:08:32.206 I/System.out(23352): e:java.lang.ClassNotFoundException: com.mediatek.cta.CtaHttp
03-18 10:08:32.292 W/Choreographer( 2679): Frame time is 6.495108 ms in the future!  Check that graphics HAL is generating vsync timestamps using the correct timebase.
03-18 10:08:32.292 W/Choreographer(23352): Frame time is 6.372493 ms in the future!  Check that graphics HAL is generating vsync timestamps using the correct timebase.
03-18 10:08:32.306 D/OpenSSLLib(23352): OpensslErr:Module:12(177:); file:external/boringssl/src/crypto/asn1/asn1_lib.c ;Line:168;Function:ASN1_get_object
03-18 10:08:32.307 D/OpenSSLLib(23352): OpensslErr:Module:12(177:); file:external/boringssl/src/crypto/asn1/asn1_lib.c ;Line:168;Function:ASN1_get_object
03-18 10:08:32.335 D/MSF.C.NetConnTag(32123): pa ok: 72652
03-18 10:08:32.335 D/DualConnContext(32123): tryDualConn
03-18 10:08:32.336 D/MSF.C.NetConnTag(32123): netSend ssoSeq:72652 uin:*2960 cmd:GTcxIAkuJnQZKj0kNj0CPz4 72736 7caa366
03-18 10:08:32.343 W/System  (23352): ClassLoader referenced unknown path: system/framework/mediatek-cta.jar
03-18 10:08:32.345 I/System.out(23352): [OkHttp] sendRequest>>
03-18 10:08:32.346 I/System.out(23352): [OkHttp] sendRequest<<
03-18 10:08:32.384 D/MSF.C.NetConnTag(32123): netRecv ssoSeq:72652 uin:*2960 cmd:GTcxIAkuJnQZKj0kNj0CPz4 72764 cross:0
03-18 10:08:32.441 W/Choreographer( 2679): Frame time is 8.202748 ms in the future!  Check that graphics HAL is generating vsync timestamps using the correct timebase.
03-18 10:08:32.441 W/Choreographer(23352): Frame time is 8.157517 ms in the future!  Check that graphics HAL is generating vsync timestamps using the correct timebase.
03-18 10:08:32.447 E/memtrack(19927): Couldn't load memtrack module
03-18 10:08:32.447 W/android.os.Debug(19927): failed to get memory consumption info: -1
03-18 10:08:32.467 W/Choreographer( 2679): Frame time is 15.80609 ms in the future!  Check that graphics HAL is generating vsync timestamps using the correct timebase.
03-18 10:08:32.480 D/WindowClient(23352): Add to mViews: com.color.internal.widget.ColorToastLayout{2ccbe39 V.E...... ......I. 0,0-0,0 #c0204f9 oppo:id/color_toast_layout}, this = android.view.WindowManagerGlobal@c719c92, pkg = com.yax.yax.driver
03-18 10:08:32.483 D/ViewRootImpl[Toast](23352): hardware acceleration = true , fakeHwAccelerated = false, sRendererDisabled = false, forceHwAccelerated = false, sSystemRendererDisabled = false
03-18 10:08:32.485 W/Binder  ( 1258): Outgoing transactions from this process must be FLAG_ONEWAY
03-18 10:08:32.485 W/Binder  ( 1258): java.lang.Throwable
03-18 10:08:32.485 W/Binder  ( 1258): 	at android.os.BinderProxy.transact(Binder.java:1131)
03-18 10:08:32.485 W/Binder  ( 1258): 	at android.view.IWindow$Stub$Proxy.isUserDefinedToast(IWindow.java:652)
03-18 10:08:32.485 W/Binder  ( 1258): 	at com.android.server.wm.WindowManagerService.addWindow(WindowManagerService.java:1686)
03-18 10:08:32.485 W/Binder  ( 1258): 	at com.android.server.wm.Session.addToDisplay(Session.java:208)
03-18 10:08:32.485 W/Binder  ( 1258): 	at com.android.server.wm.ColorWindowSession.addToDisplay(ColorWindowSession.java:33)
03-18 10:08:32.485 W/Binder  ( 1258): 	at android.view.IWindowSession$Stub.onTransact(IWindowSession.java:129)
03-18 10:08:32.485 W/Binder  ( 1258): 	at com.android.server.wm.Session.onTransact(Session.java:167)
03-18 10:08:32.485 W/Binder  ( 1258): 	at com.android.server.wm.ColorWindowSession.onTransact(ColorWindowSession.java:57)
03-18 10:08:32.485 W/Binder  ( 1258): 	at android.os.Binder.execTransact(Binder.java:731)
03-18 10:08:32.491 I/InputTransport(23352): Create ARC handle: 0xc7a7acc0
03-18 10:08:32.505 V/WindowManager( 1258): win.mViewVisibility: 0 (flagChanges & FLAG_NOT_FOCUSABLE) 0 win.mRelayoutCalled false win Window{875950d u0 Toast}
03-18 10:08:32.508 D/WindowManager( 1258): mHoldScreenWindow null
03-18 10:08:32.511 V/WindowManager( 1258): focusMayChange: true shouldRelayout true
03-18 10:08:32.512 D/OppoProcessManager( 1258): notifyHypnus float window disabled
03-18 10:08:32.513 I/BufferQueue(  521): [unnamed-521-522](this:0x71e531a000,id:522,api:0,p:-1,c:-1) BufferQueue core=(521:/system/bin/surfaceflinger)
03-18 10:08:32.513 I/BufferQueueConsumer(  521): [unnamed-521-522](this:0x71e531a000,id:522,api:0,p:-1,c:521) connect(C): consumer=(521:/system/bin/surfaceflinger) controlledByApp=false
03-18 10:08:32.513 I/BufferQueueConsumer(  521): [unnamed-521-522](this:0x71e531a000,id:522,api:0,p:-1,c:521) setConsumerName: unnamed-521-522
03-18 10:08:32.513 D/DispPerfService(  521): getHint applicationScene=Toast#0, idx=0 none
03-18 10:08:32.513 I/BufferQueueConsumer(  521): [Toast#0](this:0x71e531a000,id:522,api:0,p:-1,c:521) setConsumerName: Toast#0
03-18 10:08:32.513 I/BufferQueueConsumer(  521): [Toast#0](this:0x71e531a000,id:522,api:0,p:-1,c:521) setDefaultBufferSize: width=921 height=158
03-18 10:08:32.513 D/DispPerfService(  521): getHint applicationScene=Toast#0, idx=0 none
03-18 10:08:32.514 D/OppoProcessManager( 1258): notifyHypnus float window disabled
03-18 10:08:32.515 V/WindowManager( 1258): isDefaultDisplay: true  2
03-18 10:08:32.515 V/WindowManager( 1258): focusMayChange: true win Window{875950d u0 Toast}
03-18 10:08:32.515 V/WindowManager( 1258): mCurrentFocus: Window{fbae751 u0 com.yax.yax.driver/com.yax.yax.driver.home.activity.MapNaviActivity} newFocus Window{fbae751 u0 com.yax.yax.driver/com.yax.yax.driver.home.activity.MapNaviActivity}
03-18 10:08:32.518 D/Surface (23352): Surface::connect(this=0xc0a7f000,api=1)
03-18 10:08:32.518 D/Surface (23352): Surface::allocateBuffers(this=0xc0a7f000)
03-18 10:08:32.518 I/BufferQueueProducer(  521): [Toast#0](this:0x71e531a000,id:522,api:1,p:23352,c:521) connect(P): api=1 producer=(23352:com.yax.yax.driver) producerControlledByApp=true
03-18 10:08:32.520 D/mali_winsys(23352): EGLint new_window_surface(egl_winsys_display *, void *, EGLSurface, EGLConfig, egl_winsys_surface **, EGLBoolean) returns 0x3000
03-18 10:08:32.521 I/BufferQueueProducer(23352): [SurfaceTexture-0-23352-0](this:0x9de35000,id:0,api:1,p:23352,c:23352) queueBuffer: slot 0 is dropped, handle=0x9b9b76c0
03-18 10:08:32.544 W/DispPerfService(  521): onFrameAvailable: (23352,-1)
03-18 10:08:32.547 W/ContentProvider( 1258): to getCallingPackage original = null, callingPid = 1258
03-18 10:08:32.547 W/ContentProvider( 1258): java.lang.Throwable
03-18 10:08:32.547 W/ContentProvider( 1258): 	at android.content.ContentProvider.setCallingPackage(ContentProvider.java:815)
03-18 10:08:32.547 W/ContentProvider( 1258): 	at android.content.ContentProvider.access$100(ContentProvider.java:104)
03-18 10:08:32.547 W/ContentProvider( 1258): 	at android.content.ContentProvider$Transport.call(ContentProvider.java:481)
03-18 10:08:32.547 W/ContentProvider( 1258): 	at android.provider.Settings$NameValueCache.getStringForUser(Settings.java:2113)
03-18 10:08:32.547 W/ContentProvider( 1258): 	at android.provider.Settings$System.getStringForUser(Settings.java:2420)
03-18 10:08:32.547 W/ContentProvider( 1258): 	at android.provider.Settings$System.getIntForUser(Settings.java:2490)
03-18 10:08:32.547 W/ContentProvider( 1258): 	at com.android.server.wm.OppoAppTransition.loadAnimationAttr(OppoAppTransition.java:1335)
03-18 10:08:32.547 W/ContentProvider( 1258): 	at com.android.server.wm.WindowStateAnimator.applyAnimationLocked(WindowStateAnimator.java:1484)
03-18 10:08:32.547 W/ContentProvider( 1258): 	at com.android.server.wm.WindowStateAnimator.applyEnterAnimationLocked(WindowStateAnimator.java:1424)
03-18 10:08:32.547 W/ContentProvider( 1258): 	at com.android.server.wm.WindowState.performShowLocked(WindowState.java:4169)
03-18 10:08:32.547 W/ContentProvider( 1258): 	at com.android.server.wm.WindowStateAnimator.commitFinishDrawingLocked(WindowStateAnimator.java:426)
03-18 10:08:32.547 W/ContentProvider( 1258): 	at com.android.server.wm.DisplayContent.lambda$new$8(DisplayContent.java:852)
03-18 10:08:32.547 W/ContentProvider( 1258): 	at com.android.server.wm.-$$Lambda$DisplayContent$qxt4izS31fb0LF2uo_OF9DMa7gc.accept(Unknown Source:4)
03-18 10:08:32.547 W/ContentProvider( 1258): 	at com.android.server.wm.WindowContainer$ForAllWindowsConsumerWrapper.apply(WindowContainer.java:1155)
03-18 10:08:32.547 W/ContentProvider( 1258): 	at com.android.server.wm.WindowContainer$ForAllWindowsConsumerWrapper.apply(WindowContainer.java:1145)
03-18 10:08:32.547 W/ContentProvider( 1258): 	at com.android.server.wm.WindowState.applyInOrderWithImeWindows(WindowState.java:4381)
03-18 10:08:32.547 W/ContentProvider( 1258): 	at com.android.server.wm.WindowState.forAllWindows(WindowState.java:4280)
03-18 10:08:32.547 W/ContentProvider( 1258): 	at com.android.server.wm.WindowContainer.forAllWindows(WindowContainer.java:819)
03-18 10:08:32.547 W/ContentProvider( 1258): 	at com.android.server.wm.DisplayContent$AboveAppWindowContainers.forAllWindows(DisplayContent.java:4158)
03-18 10:08:32.547 W/ContentProvider( 1258): 	at com.android.server.wm.DisplayContent.forAllWindows(DisplayContent.java:1886)
03-18 10:08:32.547 W/ContentProvider( 1258): 	at com.android.server.wm.WindowContainer.forAllWindows(WindowContainer.java:836)
03-18 10:08:32.547 W/ContentProvider( 1258): 	at com.android.server.wm.DisplayContent.applySurfaceChangesTransaction(DisplayContent.java:3230)
03-18 10:08:32.547 W/ContentProvider( 1258): 	at com.android.server.wm.RootWindowContainer.applySurfaceChangesTransaction(RootWindowContainer.java:868)
03-18 10:08:32.547 W/ContentProvider( 1258): 	at com.android.server.wm.RootWindowContainer.performSurfacePlacement(RootWindowContainer.java:601)
03-18 10:08:32.547 W/ContentProvider( 1258): 	at com.android.server.wm.WindowSurfacePlacer.performSurfacePlacementLoop(WindowSurfacePlacer.java:262)
03-18 10:08:32.547 W/ContentProvider( 1258): 	at com.android.server.wm.WindowSurfacePlacer.performSurfacePlacement(WindowSurfacePlacer.java:185)
03-18 10:08:32.547 W/ContentProvider( 1258): 	at com.android.server.wm.WindowSurfacePlacer.performSurfacePlacement(WindowSurfacePlacer.java:169)
03-18 10:08:32.547 W/ContentProvider( 1258): 	at com.android.server.wm.WindowSurfacePlacer.lambda$new$0(WindowSurfacePlacer.java:142)
03-18 10:08:32.547 W/ContentProvider( 1258): 	at com.android.server.wm.-$$Lambda$WindowSurfacePlacer$4Hbamt-LFcbu8AoZBoOZN_LveKQ.run(Unknown Source:2)
03-18 10:08:32.547 W/ContentProvider( 1258): 	at android.os.Handler.handleCallback(Handler.java:873)
03-18 10:08:32.547 W/ContentProvider( 1258): 	at android.os.Handler.dispatchMessage(Handler.java:99)
03-18 10:08:32.547 W/ContentProvider( 1258): 	at android.os.Looper.loop(Looper.java:226)
03-18 10:08:32.547 W/ContentProvider( 1258): 	at android.os.HandlerThread.run(HandlerThread.java:65)
03-18 10:08:32.547 W/ContentProvider( 1258): 	at com.android.server.ServiceThread.run(ServiceThread.java:44)
03-18 10:08:32.548 D/SurfaceControl( 1258): setCornerRadius in SurfaceControl cornerRadius =:0.0
03-18 10:08:32.549 V/SurfaceControl( 1258): nativeSetCornerRadius 0.000000
03-18 10:08:32.549 D/WindowManager( 1258): mHoldScreenWindow null
03-18 10:08:32.549 D/OppoProcessManager( 1258): notifyHypnus float window enabled
03-18 10:08:32.550 D/SurfaceControl( 1258): setCornerRadius in SurfaceControl cornerRadius =:0.0
03-18 10:08:32.550 V/SurfaceControl( 1258): nativeSetCornerRadius 0.000000
03-18 10:08:32.550 D/SurfaceControl( 1258): setCornerRadius in SurfaceControl cornerRadius =:0.0
03-18 10:08:32.550 V/SurfaceControl( 1258): nativeSetCornerRadius 0.000000
03-18 10:08:32.567 D/SurfaceControl( 1258): setCornerRadius in SurfaceControl cornerRadius =:0.0
03-18 10:08:32.567 V/SurfaceControl( 1258): nativeSetCornerRadius 0.000000
03-18 10:08:32.584 D/SurfaceControl( 1258): setCornerRadius in SurfaceControl cornerRadius =:0.0
03-18 10:08:32.584 V/SurfaceControl( 1258): nativeSetCornerRadius 0.000000
03-18 10:08:32.600 D/SurfaceControl( 1258): setCornerRadius in SurfaceControl cornerRadius =:0.0
03-18 10:08:32.600 V/SurfaceControl( 1258): nativeSetCornerRadius 0.000000
03-18 10:08:32.617 D/SurfaceControl( 1258): setCornerRadius in SurfaceControl cornerRadius =:0.0
03-18 10:08:32.618 V/SurfaceControl( 1258): nativeSetCornerRadius 0.000000
03-18 10:08:32.634 D/SurfaceControl( 1258): setCornerRadius in SurfaceControl cornerRadius =:0.0
03-18 10:08:32.634 V/SurfaceControl( 1258): nativeSetCornerRadius 0.000000
03-18 10:08:32.650 D/SurfaceControl( 1258): setCornerRadius in SurfaceControl cornerRadius =:0.0
03-18 10:08:32.651 V/SurfaceControl( 1258): nativeSetCornerRadius 0.000000
03-18 10:08:32.667 D/SurfaceControl( 1258): setCornerRadius in SurfaceControl cornerRadius =:0.0
03-18 10:08:32.668 V/SurfaceControl( 1258): nativeSetCornerRadius 0.000000
03-18 10:08:32.684 D/SurfaceControl( 1258): setCornerRadius in SurfaceControl cornerRadius =:0.0
03-18 10:08:32.684 V/SurfaceControl( 1258): nativeSetCornerRadius 0.000000
03-18 10:08:32.686 E/memtrack(19927): Couldn't load memtrack module
03-18 10:08:32.686 W/android.os.Debug(19927): failed to get memory consumption info: -1
03-18 10:08:32.688 E/Process ( 1258): get_ion_cache_memory: Unable to open /d/ion/heaps/system
03-18 10:08:32.687 W/Binder:1258_A( 1258): type=1400 audit(0.0:132183): avc: denied { search } for name="heaps" dev="debugfs" ino=7188 scontext=u:r:system_server:s0 tcontext=u:object_r:debugfs_ion_mm_heap:s0 tclass=dir permissive=0
03-18 10:08:32.701 D/SurfaceControl( 1258): setCornerRadius in SurfaceControl cornerRadius =:0.0
03-18 10:08:32.701 V/SurfaceControl( 1258): nativeSetCornerRadius 0.000000
03-18 10:08:32.712 W/ContentProvider( 3328): to getCallingPackage original = null, callingPid = 1258
03-18 10:08:32.712 W/ContentProvider( 3328): java.lang.Throwable
03-18 10:08:32.712 W/ContentProvider( 3328): 	at android.content.ContentProvider.setCallingPackage(ContentProvider.java:815)
03-18 10:08:32.712 W/ContentProvider( 3328): 	at android.content.ContentProvider.access$100(ContentProvider.java:104)
03-18 10:08:32.712 W/ContentProvider( 3328): 	at android.content.ContentProvider$Transport.query(ContentProvider.java:262)
03-18 10:08:32.712 W/ContentProvider( 3328): 	at android.content.ContentProviderNative.onTransact(ContentProviderNative.java:102)
03-18 10:08:32.712 W/ContentProvider( 3328): 	at android.os.Binder.execTransact(Binder.java:731)
03-18 10:08:32.718 D/SurfaceControl( 1258): setCornerRadius in SurfaceControl cornerRadius =:0.0
03-18 10:08:32.718 V/SurfaceControl( 1258): nativeSetCornerRadius 0.000000
03-18 10:08:32.734 D/SurfaceControl( 1258): setCornerRadius in SurfaceControl cornerRadius =:0.0
03-18 10:08:32.734 V/SurfaceControl( 1258): nativeSetCornerRadius 0.000000
03-18 10:08:32.751 D/SurfaceControl( 1258): setCornerRadius in SurfaceControl cornerRadius =:0.0
03-18 10:08:32.751 V/SurfaceControl( 1258): nativeSetCornerRadius 0.000000
03-18 10:08:32.768 D/SurfaceControl( 1258): setCornerRadius in SurfaceControl cornerRadius =:0.0
03-18 10:08:32.768 V/SurfaceControl( 1258): nativeSetCornerRadius 0.000000
03-18 10:08:32.785 D/SurfaceControl( 1258): setCornerRadius in SurfaceControl cornerRadius =:0.0
03-18 10:08:32.785 V/SurfaceControl( 1258): nativeSetCornerRadius 0.000000
03-18 10:08:32.801 D/SurfaceControl( 1258): setCornerRadius in SurfaceControl cornerRadius =:0.0
03-18 10:08:32.801 V/SurfaceControl( 1258): nativeSetCornerRadius 0.000000
03-18 10:08:32.818 D/SurfaceControl( 1258): setCornerRadius in SurfaceControl cornerRadius =:0.0
03-18 10:08:32.818 V/SurfaceControl( 1258): nativeSetCornerRadius 0.000000
03-18 10:08:32.835 D/SurfaceControl( 1258): setCornerRadius in SurfaceControl cornerRadius =:0.0
03-18 10:08:32.835 V/SurfaceControl( 1258): nativeSetCornerRadius 0.000000
03-18 10:08:32.852 D/SurfaceControl( 1258): setCornerRadius in SurfaceControl cornerRadius =:0.0
03-18 10:08:32.852 V/SurfaceControl( 1258): nativeSetCornerRadius 0.000000
03-18 10:08:32.869 D/SurfaceControl( 1258): setCornerRadius in SurfaceControl cornerRadius =:0.0
03-18 10:08:32.869 V/SurfaceControl( 1258): nativeSetCornerRadius 0.000000
