03-18 10:08:19.511 V/SurfaceControl( 1258): nativeSetCornerRadius 0.000000
03-18 10:08:19.511 D/SurfaceControl( 1258): setCornerRadius in SurfaceControl cornerRadius =:0.0
03-18 10:08:19.511 D/WindowManager( 1258): mHoldScreenWindow Window{11867fa u0 Toast EXITING}
03-18 10:08:19.511 V/SurfaceControl( 1258): nativeSetCornerRadius 0.000000
03-18 10:08:19.517 I/.yax.yax.drive(23352): Background concurrent copying GC freed 175305(8MB) AllocSpace objects, 76(3MB) LOS objects, 58% free, 8MB/20MB, paused 484us total 153.380ms
03-18 10:08:19.528 D/SurfaceControl( 1258): setCornerRadius in SurfaceControl cornerRadius =:0.0
03-18 10:08:19.528 V/SurfaceControl( 1258): nativeSetCornerRadius 0.000000
03-18 10:08:19.544 D/SurfaceControl( 1258): setCornerRadius in SurfaceControl cornerRadius =:0.0
03-18 10:08:19.544 V/SurfaceControl( 1258): nativeSetCornerRadius 0.000000
03-18 10:08:19.561 D/SurfaceControl( 1258): setCornerRadius in SurfaceControl cornerRadius =:0.0
03-18 10:08:19.561 V/SurfaceControl( 1258): nativeSetCornerRadius 0.000000
03-18 10:08:19.579 D/SurfaceControl( 1258): setCornerRadius in SurfaceControl cornerRadius =:0.0
03-18 10:08:19.579 V/SurfaceControl( 1258): nativeSetCornerRadius 0.000000
03-18 10:08:19.595 D/SurfaceControl( 1258): setCornerRadius in SurfaceControl cornerRadius =:0.0
03-18 10:08:19.595 V/SurfaceControl( 1258): nativeSetCornerRadius 0.000000
03-18 10:08:19.611 D/SurfaceControl( 1258): setCornerRadius in SurfaceControl cornerRadius =:0.0
03-18 10:08:19.611 V/SurfaceControl( 1258): nativeSetCornerRadius 0.000000
03-18 10:08:19.629 D/SurfaceControl( 1258): setCornerRadius in SurfaceControl cornerRadius =:0.0
03-18 10:08:19.629 V/SurfaceControl( 1258): nativeSetCornerRadius 0.000000
03-18 10:08:19.645 D/SurfaceControl( 1258): setCornerRadius in SurfaceControl cornerRadius =:0.0
03-18 10:08:19.645 V/SurfaceControl( 1258): nativeSetCornerRadius 0.000000
03-18 10:08:19.662 D/SurfaceControl( 1258): setCornerRadius in SurfaceControl cornerRadius =:0.0
03-18 10:08:19.662 V/SurfaceControl( 1258): nativeSetCornerRadius 0.000000
03-18 10:08:19.678 D/SurfaceControl( 1258): setCornerRadius in SurfaceControl cornerRadius =:0.0
03-18 10:08:19.679 V/SurfaceControl( 1258): nativeSetCornerRadius 0.000000
03-18 10:08:19.695 D/SurfaceControl( 1258): setCornerRadius in SurfaceControl cornerRadius =:0.0
03-18 10:08:19.695 V/SurfaceControl( 1258): nativeSetCornerRadius 0.000000
03-18 10:08:19.712 D/SurfaceControl( 1258): setCornerRadius in SurfaceControl cornerRadius =:0.0
03-18 10:08:19.712 V/SurfaceControl( 1258): nativeSetCornerRadius 0.000000
03-18 10:08:19.730 D/SurfaceControl( 1258): setCornerRadius in SurfaceControl cornerRadius =:0.0
03-18 10:08:19.730 V/SurfaceControl( 1258): nativeSetCornerRadius 0.000000
03-18 10:08:19.745 D/SurfaceControl( 1258): setCornerRadius in SurfaceControl cornerRadius =:0.0
03-18 10:08:19.745 V/SurfaceControl( 1258): nativeSetCornerRadius 0.000000
03-18 10:08:19.762 D/SurfaceControl( 1258): setCornerRadius in SurfaceControl cornerRadius =:0.0
03-18 10:08:19.762 V/SurfaceControl( 1258): nativeSetCornerRadius 0.000000
03-18 10:08:19.779 D/SurfaceControl( 1258): setCornerRadius in SurfaceControl cornerRadius =:0.0
03-18 10:08:19.779 V/SurfaceControl( 1258): nativeSetCornerRadius 0.000000
03-18 10:08:19.796 D/SurfaceControl( 1258): setCornerRadius in SurfaceControl cornerRadius =:0.0
03-18 10:08:19.796 V/SurfaceControl( 1258): nativeSetCornerRadius 0.000000
03-18 10:08:19.812 D/SurfaceControl( 1258): setCornerRadius in SurfaceControl cornerRadius =:0.0
03-18 10:08:19.812 V/SurfaceControl( 1258): nativeSetCornerRadius 0.000000
03-18 10:08:19.829 D/SurfaceControl( 1258): setCornerRadius in SurfaceControl cornerRadius =:0.0
03-18 10:08:19.829 V/SurfaceControl( 1258): nativeSetCornerRadius 0.000000
03-18 10:08:19.845 D/SurfaceControl( 1258): setCornerRadius in SurfaceControl cornerRadius =:0.0
03-18 10:08:19.845 V/SurfaceControl( 1258): nativeSetCornerRadius 0.000000
03-18 10:08:19.862 D/SurfaceControl( 1258): setCornerRadius in SurfaceControl cornerRadius =:0.0
03-18 10:08:19.862 V/SurfaceControl( 1258): nativeSetCornerRadius 0.000000
03-18 10:08:19.879 D/SurfaceControl( 1258): setCornerRadius in SurfaceControl cornerRadius =:0.0
03-18 10:08:19.879 V/SurfaceControl( 1258): nativeSetCornerRadius 0.000000
03-18 10:08:19.897 D/SurfaceControl( 1258): setCornerRadius in SurfaceControl cornerRadius =:0.0
03-18 10:08:19.898 V/SurfaceControl( 1258): nativeSetCornerRadius 0.000000
03-18 10:08:19.912 D/SurfaceControl( 1258): setCornerRadius in SurfaceControl cornerRadius =:0.0
03-18 10:08:19.912 V/SurfaceControl( 1258): nativeSetCornerRadius 0.000000
03-18 10:08:19.930 D/SurfaceControl( 1258): setCornerRadius in SurfaceControl cornerRadius =:0.0
03-18 10:08:19.930 V/SurfaceControl( 1258): nativeSetCornerRadius 0.000000
03-18 10:08:19.946 D/SurfaceControl( 1258): setCornerRadius in SurfaceControl cornerRadius =:0.0
03-18 10:08:19.946 V/SurfaceControl( 1258): nativeSetCornerRadius 0.000000
03-18 10:08:19.962 D/SurfaceControl( 1258): setCornerRadius in SurfaceControl cornerRadius =:0.0
03-18 10:08:19.963 V/SurfaceControl( 1258): nativeSetCornerRadius 0.000000
03-18 10:08:19.980 D/SurfaceControl( 1258): setCornerRadius in SurfaceControl cornerRadius =:0.0
03-18 10:08:19.980 V/SurfaceControl( 1258): nativeSetCornerRadius 0.000000
03-18 10:08:19.996 D/SurfaceControl( 1258): setCornerRadius in SurfaceControl cornerRadius =:0.0
03-18 10:08:19.996 V/SurfaceControl( 1258): nativeSetCornerRadius 0.000000
03-18 10:08:20.013 D/SurfaceControl( 1258): setCornerRadius in SurfaceControl cornerRadius =:0.0
03-18 10:08:20.013 V/SurfaceControl( 1258): nativeSetCornerRadius 0.000000
03-18 10:08:20.015 I/ADB_SERVICES(22626): local_socket_flush_outgoing read_data=183227
03-18 10:08:20.015 D/OppoProcessManager( 1258): notifyHypnus float window disabled
03-18 10:08:20.035 D/WindowManager( 1258): mHoldScreenWindow null
03-18 10:08:20.037 D/SurfaceControl( 1258): SurfaceControl::destroy [2] this:0x771f19a360 mClient:0x771f19a370 mHandle:0x771f19a378
03-18 10:08:20.037 D/SurfaceControl( 1258): SurfaceControl::destroy [1] this:0x771f19a360 mClient:0x771f19a370 mHandle:0x771f19a378
03-18 10:08:20.038 D/OppoProcessManager( 1258): notifyHypnus float window disabled
03-18 10:08:20.038 I/chatty  ( 1258): uid=1000(system) android.anim identical 1 line
03-18 10:08:20.039 D/OppoProcessManager( 1258): notifyHypnus float window disabled
03-18 10:08:20.044 D/WindowManager( 1258): mHoldScreenWindow null
03-18 10:08:20.046 W/SurfaceFlinger(  521): Attempting to destroy on removed layer: 11867fa Toast#0
03-18 10:08:20.048 I/BufferQueueConsumer(  521): [Toast#0](this:0x71e093e800,id:519,api:1,p:-1,c:-1) disconnect(C)
03-18 10:08:20.048 I/BufferQueue(  521): [Toast#0](this:0x71e093e800,id:519,api:1,p:-1,c:-1) ~BufferQueueCore
03-18 10:08:20.071 W/Thread-717( 9039): type=1400 audit(0.0:132161): avc: denied { search } for name="/" dev="mmcblk0p40" ino=2 scontext=u:r:untrusted_app_27:s0:c512,c768 tcontext=u:object_r:unlabeled:s0 tclass=dir permissive=0
03-18 10:08:20.071 W/Thread-717( 9039): type=1400 audit(0.0:132162): avc: denied { search } for name="/" dev="mmcblk0p40" ino=2 scontext=u:r:untrusted_app_27:s0:c512,c768 tcontext=u:object_r:unlabeled:s0 tclass=dir permissive=0
03-18 10:08:20.106 W/Choreographer( 2679): Frame time is 13.696509 ms in the future!  Check that graphics HAL is generating vsync timestamps using the correct timebase.
03-18 10:08:20.106 W/Choreographer(23352): Frame time is 13.58374 ms in the future!  Check that graphics HAL is generating vsync timestamps using the correct timebase.
03-18 10:08:20.120 W/Choreographer( 2679): Frame time is 15.621563 ms in the future!  Check that graphics HAL is generating vsync timestamps using the correct timebase.
03-18 10:08:20.121 W/Choreographer(23352): Frame time is 15.528871 ms in the future!  Check that graphics HAL is generating vsync timestamps using the correct timebase.
03-18 10:08:20.146 W/Choreographer( 2679): Frame time is 16.220016 ms in the future!  Check that graphics HAL is generating vsync timestamps using the correct timebase.
03-18 10:08:20.146 W/Choreographer(23352): Frame time is 16.149786 ms in the future!  Check that graphics HAL is generating vsync timestamps using the correct timebase.
03-18 10:08:20.158 W/Choreographer( 2679): Frame time is 21.26501 ms in the future!  Check that graphics HAL is generating vsync timestamps using the correct timebase.
03-18 10:08:20.158 W/Choreographer(23352): Frame time is 21.20278 ms in the future!  Check that graphics HAL is generating vsync timestamps using the correct timebase.
03-18 10:08:20.180 W/Choreographer( 2679): Frame time is 15.991025 ms in the future!  Check that graphics HAL is generating vsync timestamps using the correct timebase.
03-18 10:08:20.180 W/Choreographer(23352): Frame time is 15.980025 ms in the future!  Check that graphics HAL is generating vsync timestamps using the correct timebase.
03-18 10:08:20.205 W/Choreographer( 2679): Frame time is 7.315519 ms in the future!  Check that graphics HAL is generating vsync timestamps using the correct timebase.
03-18 10:08:20.205 W/Choreographer(23352): Frame time is 7.285827 ms in the future!  Check that graphics HAL is generating vsync timestamps using the correct timebase.
03-18 10:08:20.258 W/Choreographer(23352): Frame time is 5.3083158 ms in the future!  Check that graphics HAL is generating vsync timestamps using the correct timebase.
03-18 10:08:20.259 W/Choreographer( 2679): Frame time is 5.151162 ms in the future!  Check that graphics HAL is generating vsync timestamps using the correct timebase.
03-18 10:08:20.315 W/CokaNew-4(10437): type=1400 audit(0.0:132163): avc: denied { read } for name="loadavg" dev="proc" ino=4026532079 scontext=u:r:untrusted_app_27:s0:c512,c768 tcontext=u:object_r:proc_loadavg:s0 tclass=file permissive=0
03-18 10:08:20.339 W/Choreographer( 2679): Frame time is 8.05507 ms in the future!  Check that graphics HAL is generating vsync timestamps using the correct timebase.
03-18 10:08:20.339 W/Choreographer(23352): Frame time is 8.018609 ms in the future!  Check that graphics HAL is generating vsync timestamps using the correct timebase.
03-18 10:08:20.408 W/Choreographer( 2679): Frame time is 5.958169 ms in the future!  Check that graphics HAL is generating vsync timestamps using the correct timebase.
03-18 10:08:20.408 W/Choreographer(23352): Frame time is 5.891477 ms in the future!  Check that graphics HAL is generating vsync timestamps using the correct timebase.
03-18 10:08:20.514 W/WindowManager( 1258): removeWindowToken: Attempted to remove non-existing token: android.os.Binder@b27c224
03-18 10:08:21.016 W/ContentProvider( 1258): to getCallingPackage original = null, callingPid = 1258
03-18 10:08:21.016 W/ContentProvider( 1258): java.lang.Throwable
03-18 10:08:21.016 W/ContentProvider( 1258): 	at android.content.ContentProvider.setCallingPackage(ContentProvider.java:815)
03-18 10:08:21.016 W/ContentProvider( 1258): 	at android.content.ContentProvider.access$100(ContentProvider.java:104)
03-18 10:08:21.016 W/ContentProvider( 1258): 	at android.content.ContentProvider$Transport.call(ContentProvider.java:481)
03-18 10:08:21.016 W/ContentProvider( 1258): 	at android.provider.Settings$NameValueCache.getStringForUser(Settings.java:2113)
03-18 10:08:21.016 W/ContentProvider( 1258): 	at android.provider.Settings$System.getStringForUser(Settings.java:2420)
03-18 10:08:21.016 W/ContentProvider( 1258): 	at android.provider.Settings$System.getIntForUser(Settings.java:2490)
03-18 10:08:21.016 W/ContentProvider( 1258): 	at com.android.server.wm.OppoAppTransition.loadAnimationAttr(OppoAppTransition.java:1335)
03-18 10:08:21.016 W/ContentProvider( 1258): 	at com.android.server.wm.WindowStateAnimator.applyAnimationLocked(WindowStateAnimator.java:1484)
03-18 10:08:21.016 W/ContentProvider( 1258): 	at com.android.server.wm.WindowState.hideLw(WindowState.java:2877)
03-18 10:08:21.016 W/ContentProvider( 1258): 	at com.android.server.wm.WindowState.hidePermanentlyLw(WindowState.java:3012)
03-18 10:08:21.016 W/ContentProvider( 1258): 	at com.android.server.wm.WindowManagerService$H.handleMessage(WindowManagerService.java:6869)
03-18 10:08:21.016 W/ContentProvider( 1258): 	at android.os.Handler.dispatchMessage(Handler.java:106)
03-18 10:08:21.016 W/ContentProvider( 1258): 	at android.os.Looper.loop(Looper.java:226)
03-18 10:08:21.016 W/ContentProvider( 1258): 	at android.os.HandlerThread.run(HandlerThread.java:65)
03-18 10:08:21.016 W/ContentProvider( 1258): 	at com.android.server.ServiceThread.run(ServiceThread.java:44)
03-18 10:08:21.017 W/WindowManager( 1258): Unable to start animation, surface is null or no children.
03-18 10:08:21.021 D/WindowManager( 1258): mHoldScreenWindow null
03-18 10:08:21.111 W/Choreographer( 2679): Frame time is 5.699603 ms in the future!  Check that graphics HAL is generating vsync timestamps using the correct timebase.
03-18 10:08:21.111 W/Choreographer(23352): Frame time is 5.621526 ms in the future!  Check that graphics HAL is generating vsync timestamps using the correct timebase.
03-18 10:08:21.346 W/Choreographer( 2679): Frame time is 5.0824 ms in the future!  Check that graphics HAL is generating vsync timestamps using the correct timebase.
03-18 10:08:21.346 W/Choreographer(23352): Frame time is 5.011247 ms in the future!  Check that graphics HAL is generating vsync timestamps using the correct timebase.
03-18 10:08:21.412 W/Choreographer( 2679): Frame time is 5.974621 ms in the future!  Check that graphics HAL is generating vsync timestamps using the correct timebase.
03-18 10:08:21.412 W/Choreographer(23352): Frame time is 5.908467 ms in the future!  Check that graphics HAL is generating vsync timestamps using the correct timebase.
03-18 10:08:22.111 W/ContentProvider( 3328): to getCallingPackage original = null, callingPid = 1258
03-18 10:08:22.111 W/ContentProvider( 3328): java.lang.Throwable
03-18 10:08:22.111 W/ContentProvider( 3328): 	at android.content.ContentProvider.setCallingPackage(ContentProvider.java:815)
03-18 10:08:22.111 W/ContentProvider( 3328): 	at android.content.ContentProvider.access$100(ContentProvider.java:104)
03-18 10:08:22.111 W/ContentProvider( 3328): 	at android.content.ContentProvider$Transport.query(ContentProvider.java:262)
03-18 10:08:22.111 W/ContentProvider( 3328): 	at android.content.ContentProviderNative.onTransact(ContentProviderNative.java:102)
03-18 10:08:22.111 W/ContentProvider( 3328): 	at android.os.Binder.execTransact(Binder.java:731)
03-18 10:08:22.247 D/OpenSSLLib(23352): OpensslErr:Module:12(177:); file:external/boringssl/src/crypto/asn1/asn1_lib.c ;Line:168;Function:ASN1_get_object
03-18 10:08:22.262 D/OpenSSLLib(23352): OpensslErr:Module:12(177:); file:external/boringssl/src/crypto/asn1/asn1_lib.c ;Line:168;Function:ASN1_get_object
03-18 10:08:22.270 W/System  (23352): ClassLoader referenced unknown path: system/framework/mediatek-cta.jar
03-18 10:08:22.272 I/System.out(23352): e:java.lang.ClassNotFoundException: com.mediatek.cta.CtaHttp
03-18 10:08:22.278 W/System  (23352): ClassLoader referenced unknown path: system/framework/mediatek-cta.jar
03-18 10:08:22.280 I/System.out(23352): e:java.lang.ClassNotFoundException: com.mediatek.cta.CtaHttp
03-18 10:08:22.377 D/OpenSSLLib(23352): OpensslErr:Module:12(177:); file:external/boringssl/src/crypto/asn1/asn1_lib.c ;Line:168;Function:ASN1_get_object
03-18 10:08:22.380 D/OpenSSLLib(23352): OpensslErr:Module:12(177:); file:external/boringssl/src/crypto/asn1/asn1_lib.c ;Line:168;Function:ASN1_get_object
03-18 10:08:22.417 W/Choreographer( 2679): Frame time is 5.0944448 ms in the future!  Check that graphics HAL is generating vsync timestamps using the correct timebase.
03-18 10:08:22.417 W/Choreographer(23352): Frame time is 5.057599 ms in the future!  Check that graphics HAL is generating vsync timestamps using the correct timebase.
03-18 10:08:22.421 E/WifiVendorHal( 1258): getWifiLinkLayerStats(l.947) failed {.code = ERROR_NOT_SUPPORTED, .description = }
03-18 10:08:22.430 W/System  (23352): ClassLoader referenced unknown path: system/framework/mediatek-cta.jar
03-18 10:08:22.433 I/System.out(23352): [OkHttp] sendRequest>>
03-18 10:08:22.433 I/System.out(23352): [OkHttp] sendRequest<<
03-18 10:08:22.597 I/Choreographer(23352): Skipped 1 frames!  The application may be doing too much work on its main thread.
03-18 10:08:22.606 D/WindowClient(23352): Add to mViews: com.color.internal.widget.ColorToastLayout{c61a9d V.E...... ......I. 0,0-0,0 #c0204f9 oppo:id/color_toast_layout}, this = android.view.WindowManagerGlobal@c719c92, pkg = com.yax.yax.driver
03-18 10:08:22.610 D/ViewRootImpl[Toast](23352): hardware acceleration = true , fakeHwAccelerated = false, sRendererDisabled = false, forceHwAccelerated = false, sSystemRendererDisabled = false
03-18 10:08:22.612 W/Binder  ( 1258): Outgoing transactions from this process must be FLAG_ONEWAY
03-18 10:08:22.612 W/Binder  ( 1258): java.lang.Throwable
03-18 10:08:22.612 W/Binder  ( 1258): 	at android.os.BinderProxy.transact(Binder.java:1131)
03-18 10:08:22.612 W/Binder  ( 1258): 	at android.view.IWindow$Stub$Proxy.isUserDefinedToast(IWindow.java:652)
03-18 10:08:22.612 W/Binder  ( 1258): 	at com.android.server.wm.WindowManagerService.addWindow(WindowManagerService.java:1686)
03-18 10:08:22.612 W/Binder  ( 1258): 	at com.android.server.wm.Session.addToDisplay(Session.java:208)
03-18 10:08:22.612 W/Binder  ( 1258): 	at com.android.server.wm.ColorWindowSession.addToDisplay(ColorWindowSession.java:33)
03-18 10:08:22.612 W/Binder  ( 1258): 	at android.view.IWindowSession$Stub.onTransact(IWindowSession.java:129)
03-18 10:08:22.612 W/Binder  ( 1258): 	at com.android.server.wm.Session.onTransact(Session.java:167)
03-18 10:08:22.612 W/Binder  ( 1258): 	at com.android.server.wm.ColorWindowSession.onTransact(ColorWindowSession.java:57)
03-18 10:08:22.612 W/Binder  ( 1258): 	at android.os.Binder.execTransact(Binder.java:731)
03-18 10:08:22.620 I/InputTransport(23352): Create ARC handle: 0xd727cd80
03-18 10:08:22.628 V/WindowManager( 1258): win.mViewVisibility: 0 (flagChanges & FLAG_NOT_FOCUSABLE) 0 win.mRelayoutCalled false win Window{c5e9b38 u0 Toast}
03-18 10:08:22.631 D/WindowManager( 1258): mHoldScreenWindow null
03-18 10:08:22.633 V/WindowManager( 1258): focusMayChange: true shouldRelayout true
03-18 10:08:22.634 D/OppoProcessManager( 1258): notifyHypnus float window disabled
03-18 10:08:22.635 I/BufferQueue(  521): [unnamed-521-520](this:0x71e589a800,id:520,api:0,p:-1,c:-1) BufferQueue core=(521:/system/bin/surfaceflinger)
03-18 10:08:22.635 I/BufferQueueConsumer(  521): [unnamed-521-520](this:0x71e589a800,id:520,api:0,p:-1,c:521) connect(C): consumer=(521:/system/bin/surfaceflinger) controlledByApp=false
03-18 10:08:22.635 I/BufferQueueConsumer(  521): [unnamed-521-520](this:0x71e589a800,id:520,api:0,p:-1,c:521) setConsumerName: unnamed-521-520
03-18 10:08:22.635 D/DispPerfService(  521): getHint applicationScene=Toast#0, idx=0 none
03-18 10:08:22.635 I/BufferQueueConsumer(  521): [Toast#0](this:0x71e589a800,id:520,api:0,p:-1,c:521) setConsumerName: Toast#0
03-18 10:08:22.635 I/BufferQueueConsumer(  521): [Toast#0](this:0x71e589a800,id:520,api:0,p:-1,c:521) setDefaultBufferSize: width=921 height=158
03-18 10:08:22.635 D/DispPerfService(  521): getHint applicationScene=Toast#0, idx=0 none
03-18 10:08:22.637 D/OppoProcessManager( 1258): notifyHypnus float window disabled
03-18 10:08:22.637 V/WindowManager( 1258): isDefaultDisplay: true  2
03-18 10:08:22.637 V/WindowManager( 1258): focusMayChange: true win Window{c5e9b38 u0 Toast}
03-18 10:08:22.638 V/WindowManager( 1258): mCurrentFocus: Window{fbae751 u0 com.yax.yax.driver/com.yax.yax.driver.home.activity.MapNaviActivity} newFocus Window{fbae751 u0 com.yax.yax.driver/com.yax.yax.driver.home.activity.MapNaviActivity}
03-18 10:08:22.641 D/Surface (23352): Surface::allocateBuffers(this=0xc0a7f000)
03-18 10:08:22.641 D/Surface (23352): Surface::connect(this=0xc0a7f000,api=1)
03-18 10:08:22.641 I/BufferQueueProducer(  521): [Toast#0](this:0x71e589a800,id:520,api:1,p:23352,c:521) connect(P): api=1 producer=(23352:com.yax.yax.driver) producerControlledByApp=true
03-18 10:08:22.641 I/BufferQueueProducer(23352): [SurfaceTexture-0-23352-0](this:0x9de35000,id:0,api:1,p:23352,c:23352) queueBuffer: slot 1 is dropped, handle=0x9b9bba20
03-18 10:08:22.643 D/mali_winsys(23352): EGLint new_window_surface(egl_winsys_display *, void *, EGLSurface, EGLConfig, egl_winsys_surface **, EGLBoolean) returns 0x3000
03-18 10:08:22.646 I/Choreographer(23352): Skipped 1 frames!  The application may be doing too much work on its main thread.
03-18 10:08:22.669 W/DispPerfService(  521): onFrameAvailable: (23352,-1)
03-18 10:08:22.673 W/ContentProvider( 1258): to getCallingPackage original = null, callingPid = 1258
03-18 10:08:22.673 W/ContentProvider( 1258): java.lang.Throwable
03-18 10:08:22.673 W/ContentProvider( 1258): 	at android.content.ContentProvider.setCallingPackage(ContentProvider.java:815)
03-18 10:08:22.673 W/ContentProvider( 1258): 	at android.content.ContentProvider.access$100(ContentProvider.java:104)
03-18 10:08:22.673 W/ContentProvider( 1258): 	at android.content.ContentProvider$Transport.call(ContentProvider.java:481)
03-18 10:08:22.673 W/ContentProvider( 1258): 	at android.provider.Settings$NameValueCache.getStringForUser(Settings.java:2113)
03-18 10:08:22.673 W/ContentProvider( 1258): 	at android.provider.Settings$System.getStringForUser(Settings.java:2420)
03-18 10:08:22.673 W/ContentProvider( 1258): 	at android.provider.Settings$System.getIntForUser(Settings.java:2490)
03-18 10:08:22.673 W/ContentProvider( 1258): 	at com.android.server.wm.OppoAppTransition.loadAnimationAttr(OppoAppTransition.java:1335)
03-18 10:08:22.673 W/ContentProvider( 1258): 	at com.android.server.wm.WindowStateAnimator.applyAnimationLocked(WindowStateAnimator.java:1484)
03-18 10:08:22.673 W/ContentProvider( 1258): 	at com.android.server.wm.WindowStateAnimator.applyEnterAnimationLocked(WindowStateAnimator.java:1424)
03-18 10:08:22.673 W/ContentProvider( 1258): 	at com.android.server.wm.WindowState.performShowLocked(WindowState.java:4169)
03-18 10:08:22.673 W/ContentProvider( 1258): 	at com.android.server.wm.WindowStateAnimator.commitFinishDrawingLocked(WindowStateAnimator.java:426)
03-18 10:08:22.673 W/ContentProvider( 1258): 	at com.android.server.wm.DisplayContent.lambda$new$8(DisplayContent.java:852)
03-18 10:08:22.673 W/ContentProvider( 1258): 	at com.android.server.wm.-$$Lambda$DisplayContent$qxt4izS31fb0LF2uo_OF9DMa7gc.accept(Unknown Source:4)
03-18 10:08:22.673 W/ContentProvider( 1258): 	at com.android.server.wm.WindowContainer$ForAllWindowsConsumerWrapper.apply(WindowContainer.java:1155)
03-18 10:08:22.673 W/ContentProvider( 1258): 	at com.android.server.wm.WindowContainer$ForAllWindowsConsumerWrapper.apply(WindowContainer.java:1145)
03-18 10:08:22.673 W/ContentProvider( 1258): 	at com.android.server.wm.WindowState.applyInOrderWithImeWindows(WindowState.java:4381)
03-18 10:08:22.673 W/ContentProvider( 1258): 	at com.android.server.wm.WindowState.forAllWindows(WindowState.java:4280)
03-18 10:08:22.673 W/ContentProvider( 1258): 	at com.android.server.wm.WindowContainer.forAllWindows(WindowContainer.java:819)
03-18 10:08:22.673 W/ContentProvider( 1258): 	at com.android.server.wm.DisplayContent$AboveAppWindowContainers.forAllWindows(DisplayContent.java:4158)
03-18 10:08:22.673 W/ContentProvider( 1258): 	at com.android.server.wm.DisplayContent.forAllWindows(DisplayContent.java:1886)
03-18 10:08:22.673 W/ContentProvider( 1258): 	at com.android.server.wm.WindowContainer.forAllWindows(WindowContainer.java:836)
03-18 10:08:22.673 W/ContentProvider( 1258): 	at com.android.server.wm.DisplayContent.applySurfaceChangesTransaction(DisplayContent.java:3230)
03-18 10:08:22.673 W/ContentProvider( 1258): 	at com.android.server.wm.RootWindowContainer.applySurfaceChangesTransaction(RootWindowContainer.java:868)
03-18 10:08:22.673 W/ContentProvider( 1258): 	at com.android.server.wm.RootWindowContainer.performSurfacePlacement(RootWindowContainer.java:601)
03-18 10:08:22.673 W/ContentProvider( 1258): 	at com.android.server.wm.WindowSurfacePlacer.performSurfacePlacementLoop(WindowSurfacePlacer.java:262)
03-18 10:08:22.673 W/ContentProvider( 1258): 	at com.android.server.wm.WindowSurfacePlacer.performSurfacePlacement(WindowSurfacePlacer.java:185)
03-18 10:08:22.673 W/ContentProvider( 1258): 	at com.android.server.wm.WindowSurfacePlacer.performSurfacePlacement(WindowSurfacePlacer.java:169)
03-18 10:08:22.673 W/ContentProvider( 1258): 	at com.android.server.wm.WindowSurfacePlacer.lambda$new$0(WindowSurfacePlacer.java:142)
03-18 10:08:22.673 W/ContentProvider( 1258): 	at com.android.server.wm.-$$Lambda$WindowSurfacePlacer$4Hbamt-LFcbu8AoZBoOZN_LveKQ.run(Unknown Source:2)
03-18 10:08:22.673 W/ContentProvider( 1258): 	at android.os.Handler.handleCallback(Handler.java:873)
03-18 10:08:22.673 W/ContentProvider( 1258): 	at android.os.Handler.dispatchMessage(Handler.java:99)
03-18 10:08:22.673 W/ContentProvider( 1258): 	at android.os.Looper.loop(Looper.java:226)
03-18 10:08:22.673 W/ContentProvider( 1258): 	at android.os.HandlerThread.run(HandlerThread.java:65)
03-18 10:08:22.673 W/ContentProvider( 1258): 	at com.android.server.ServiceThread.run(ServiceThread.java:44)
03-18 10:08:22.676 D/SurfaceControl( 1258): setCornerRadius in SurfaceControl cornerRadius =:0.0
03-18 10:08:22.676 V/SurfaceControl( 1258): nativeSetCornerRadius 0.000000
03-18 10:08:22.677 D/WindowManager( 1258): mHoldScreenWindow null
03-18 10:08:22.678 D/OppoProcessManager( 1258): notifyHypnus float window enabled
03-18 10:08:22.694 D/SurfaceControl( 1258): setCornerRadius in SurfaceControl cornerRadius =:0.0
03-18 10:08:22.694 V/SurfaceControl( 1258): nativeSetCornerRadius 0.000000
03-18 10:08:22.695 D/SurfaceControl( 1258): setCornerRadius in SurfaceControl cornerRadius =:0.0
03-18 10:08:22.695 V/SurfaceControl( 1258): nativeSetCornerRadius 0.000000
03-18 10:08:22.707 D/SurfaceControl( 1258): setCornerRadius in SurfaceControl cornerRadius =:0.0
03-18 10:08:22.707 V/SurfaceControl( 1258): nativeSetCornerRadius 0.000000
03-18 10:08:22.724 D/SurfaceControl( 1258): setCornerRadius in SurfaceControl cornerRadius =:0.0
03-18 10:08:22.724 V/SurfaceControl( 1258): nativeSetCornerRadius 0.000000
03-18 10:08:22.741 D/SurfaceControl( 1258): setCornerRadius in SurfaceControl cornerRadius =:0.0
03-18 10:08:22.741 V/SurfaceControl( 1258): nativeSetCornerRadius 0.000000
03-18 10:08:22.758 D/SurfaceControl( 1258): setCornerRadius in SurfaceControl cornerRadius =:0.0
03-18 10:08:22.758 V/SurfaceControl( 1258): nativeSetCornerRadius 0.000000
03-18 10:08:22.774 D/SurfaceControl( 1258): setCornerRadius in SurfaceControl cornerRadius =:0.0
03-18 10:08:22.774 V/SurfaceControl( 1258): nativeSetCornerRadius 0.000000
03-18 10:08:22.791 D/SurfaceControl( 1258): setCornerRadius in SurfaceControl cornerRadius =:0.0
03-18 10:08:22.791 V/SurfaceControl( 1258): nativeSetCornerRadius 0.000000
03-18 10:08:22.809 D/SurfaceControl( 1258): setCornerRadius in SurfaceControl cornerRadius =:0.0
03-18 10:08:22.809 V/SurfaceControl( 1258): nativeSetCornerRadius 0.000000
03-18 10:08:22.824 D/SurfaceControl( 1258): setCornerRadius in SurfaceControl cornerRadius =:0.0
03-18 10:08:22.825 V/SurfaceControl( 1258): nativeSetCornerRadius 0.000000
03-18 10:08:22.841 D/SurfaceControl( 1258): setCornerRadius in SurfaceControl cornerRadius =:0.0
03-18 10:08:22.842 V/SurfaceControl( 1258): nativeSetCornerRadius 0.000000
03-18 10:08:22.858 D/SurfaceControl( 1258): setCornerRadius in SurfaceControl cornerRadius =:0.0
03-18 10:08:22.858 V/SurfaceControl( 1258): nativeSetCornerRadius 0.000000
03-18 10:08:22.875 D/SurfaceControl( 1258): setCornerRadius in SurfaceControl cornerRadius =:0.0
03-18 10:08:22.875 V/SurfaceControl( 1258): nativeSetCornerRadius 0.000000
03-18 10:08:22.892 D/SurfaceControl( 1258): setCornerRadius in SurfaceControl cornerRadius =:0.0
03-18 10:08:22.892 V/SurfaceControl( 1258): nativeSetCornerRadius 0.000000
03-18 10:08:22.909 D/SurfaceControl( 1258): setCornerRadius in SurfaceControl cornerRadius =:0.0
03-18 10:08:22.909 V/SurfaceControl( 1258): nativeSetCornerRadius 0.000000
03-18 10:08:22.925 D/SurfaceControl( 1258): setCornerRadius in SurfaceControl cornerRadius =:0.0
03-18 10:08:22.925 V/SurfaceControl( 1258): nativeSetCornerRadius 0.000000
03-18 10:08:22.942 D/SurfaceControl( 1258): setCornerRadius in SurfaceControl cornerRadius =:0.0
03-18 10:08:22.942 V/SurfaceControl( 1258): nativeSetCornerRadius 0.000000
03-18 10:08:22.959 D/SurfaceControl( 1258): setCornerRadius in SurfaceControl cornerRadius =:0.0
03-18 10:08:22.959 V/SurfaceControl( 1258): nativeSetCornerRadius 0.000000
03-18 10:08:22.975 D/SurfaceControl( 1258): setCornerRadius in SurfaceControl cornerRadius =:0.0
03-18 10:08:22.975 V/SurfaceControl( 1258): nativeSetCornerRadius 0.000000
03-18 10:08:22.993 D/SurfaceControl( 1258): setCornerRadius in SurfaceControl cornerRadius =:0.0
03-18 10:08:22.993 V/SurfaceControl( 1258): nativeSetCornerRadius 0.000000
03-18 10:08:23.009 D/SurfaceControl( 1258): setCornerRadius in SurfaceControl cornerRadius =:0.0
03-18 10:08:23.009 V/SurfaceControl( 1258): nativeSetCornerRadius 0.000000
03-18 10:08:23.025 D/SurfaceControl( 1258): setCornerRadius in SurfaceControl cornerRadius =:0.0
03-18 10:08:23.026 V/SurfaceControl( 1258): nativeSetCornerRadius 0.000000
03-18 10:08:23.042 D/SurfaceControl( 1258): setCornerRadius in SurfaceControl cornerRadius =:0.0
03-18 10:08:23.043 V/SurfaceControl( 1258): nativeSetCornerRadius 0.000000
03-18 10:08:23.061 D/SurfaceControl( 1258): setCornerRadius in SurfaceControl cornerRadius =:0.0
03-18 10:08:23.061 V/SurfaceControl( 1258): nativeSetCornerRadius 0.000000
03-18 10:08:23.076 D/SurfaceControl( 1258): setCornerRadius in SurfaceControl cornerRadius =:0.0
03-18 10:08:23.076 V/SurfaceControl( 1258): nativeSetCornerRadius 0.000000
03-18 10:08:23.093 D/SurfaceControl( 1258): setCornerRadius in SurfaceControl cornerRadius =:0.0
03-18 10:08:23.093 V/SurfaceControl( 1258): nativeSetCornerRadius 0.000000
03-18 10:08:23.111 D/SurfaceControl( 1258): setCornerRadius in SurfaceControl cornerRadius =:0.0
03-18 10:08:23.111 V/SurfaceControl( 1258): nativeSetCornerRadius 0.000000
03-18 10:08:23.126 D/SurfaceControl( 1258): setCornerRadius in SurfaceControl cornerRadius =:0.0
03-18 10:08:23.126 V/SurfaceControl( 1258): nativeSetCornerRadius 0.000000
03-18 10:08:23.143 D/SurfaceControl( 1258): setCornerRadius in SurfaceControl cornerRadius =:0.0
03-18 10:08:23.143 V/SurfaceControl( 1258): nativeSetCornerRadius 0.000000
03-18 10:08:23.161 D/SurfaceControl( 1258): setCornerRadius in SurfaceControl cornerRadius =:0.0
03-18 10:08:23.161 V/SurfaceControl( 1258): nativeSetCornerRadius 0.000000
03-18 10:08:23.176 D/SurfaceControl( 1258): setCornerRadius in SurfaceControl cornerRadius =:0.0
03-18 10:08:23.176 V/SurfaceControl( 1258): nativeSetCornerRadius 0.000000
03-18 10:08:23.193 D/SurfaceControl( 1258): setCornerRadius in SurfaceControl cornerRadius =:0.0
03-18 10:08:23.193 V/SurfaceControl( 1258): nativeSetCornerRadius 0.000000
03-18 10:08:23.197 D/WindowManager( 1258): mHoldScreenWindow null
03-18 10:08:23.197 D/WindowManager( 1258): mHoldScreenWindow Window{c5e9b38 u0 Toast}
03-18 10:08:23.215 D/WindowManager( 1258): mHoldScreenWindow null
03-18 10:08:23.215 D/WindowManager( 1258): mHoldScreenWindow Window{c5e9b38 u0 Toast}
03-18 10:08:23.269 W/Choreographer(23352): Frame time is 7.116351 ms in the future!  Check that graphics HAL is generating vsync timestamps using the correct timebase.
03-18 10:08:23.269 W/Choreographer( 2679): Frame time is 7.040736 ms in the future!  Check that graphics HAL is generating vsync timestamps using the correct timebase.
03-18 10:08:23.270 W/Choreographer( 2679): Frame time is 16.95628 ms in the future!  Check that graphics HAL is generating vsync timestamps using the correct timebase.
03-18 10:08:23.320 W/Choreographer( 2679): Frame time is 5.776395 ms in the future!  Check that graphics HAL is generating vsync timestamps using the correct timebase.
03-18 10:08:23.320 W/Choreographer(23352): Frame time is 5.696779 ms in the future!  Check that graphics HAL is generating vsync timestamps using the correct timebase.
03-18 10:08:23.370 W/Choreographer( 2679): Frame time is 6.15821 ms in the future!  Check that graphics HAL is generating vsync timestamps using the correct timebase.
03-18 10:08:23.370 W/Choreographer(23352): Frame time is 6.083902 ms in the future!  Check that graphics HAL is generating vsync timestamps using the correct timebase.
03-18 10:08:24.126 E/Process ( 1258): get_ion_cache_memory: Unable to open /d/ion/heaps/system
03-18 10:08:24.123 W/Binder:1258_A( 1258): type=1400 audit(0.0:132164): avc: denied { search } for name="heaps" dev="debugfs" ino=7188 scontext=u:r:system_server:s0 tcontext=u:object_r:debugfs_ion_mm_heap:s0 tclass=dir permissive=0
03-18 10:08:24.383 E/AALLightSensor(  819): waitRelative abnormal, retValue=-110
03-18 10:08:24.419 D/BatterySaverStateMachine( 1258): doAutoBatterySaverLocked: ignore
03-18 10:08:24.420 D/Cloud.BatteryStatusUtil( 7529): setBatteryLevel 89
03-18 10:08:24.421 D/LPPeService( 1258): [4][lbs] lbsBatteryChanged() level=[89] scale=[100] percentage=[89]
03-18 10:08:24.463 E/memtrack(19927): Couldn't load memtrack module
03-18 10:08:24.463 W/android.os.Debug(19927): failed to get memory consumption info: -1
03-18 10:08:24.470 V/BackupManagerService( 1258): Scheduling immediate backup pass
03-18 10:08:24.473 I/ActivityManager( 1258): Start proc 24303:com.google.android.webview:webview_service/u0a97 for service com.google.android.webview/org.chromium.android_webview.services.AwVariationsSeedFetcher
03-18 10:08:24.473 D/OppoAbnormalAppManager( 1258): Now Begin Monitor App StartInfo's Time == 25148011
03-18 10:08:24.471 W/main    (24303): type=1400 audit(0.0:132165): avc: denied { search } for name="/" dev="mmcblk0p40" ino=2 scontext=u:r:zygote:s0 tcontext=u:object_r:unlabeled:s0 tclass=dir permissive=0
03-18 10:08:24.482 W/BackupManagerService( 1258): Backup pass but e=false p=true
03-18 10:08:24.489 E/webview_servic(24303): Not starting debugger since process cannot load the jdwp agent.
03-18 10:08:24.502 I/ActivityManager( 1258): Start proc 24315:com.oppo.lfeh/1000 for service com.oppo.lfeh/.service.UploadJobService
03-18 10:08:24.503 W/main    (24315): type=1400 audit(0.0:132166): avc: denied { search } for name="/" dev="mmcblk0p40" ino=2 scontext=u:r:zygote:s0 tcontext=u:object_r:unlabeled:s0 tclass=dir permissive=0
03-18 10:08:24.518 E/libc    (24303): Access denied finding property "persist.vendor.sys.activitylog"
03-18 10:08:24.521 D/BatteryStatsImpl( 1258): reset mHaveCaptured:false
03-18 10:08:24.515 W/re-initialized>(24303): type=1400 audit(0.0:132167): avc: denied { read } for name="u:object_r:mtk_amslog_prop:s0" dev="tmpfs" ino=8775 scontext=u:r:untrusted_app:s0:c97,c256,c512,c768 tcontext=u:object_r:mtk_amslog_prop:s0 tclass=file permissive=0
03-18 10:08:24.524 E/com.oppo.lfeh(24315): Not starting debugger since process cannot load the jdwp agent.
03-18 10:08:24.524 W/Choreographer(23352): Frame time is 6.810887 ms in the future!  Check that graphics HAL is generating vsync timestamps using the correct timebase.
03-18 10:08:24.525 W/Choreographer( 2679): Frame time is 6.758195 ms in the future!  Check that graphics HAL is generating vsync timestamps using the correct timebase.
03-18 10:08:24.526 D/DEBUG_VISIBILITY( 1258): mOccluded:false lastOccluded:false
03-18 10:08:24.523 W/main    (24324): type=1400 audit(0.0:132168): avc: denied { search } for name="/" dev="mmcblk0p40" ino=2 scontext=u:r:zygote:s0 tcontext=u:object_r:unlabeled:s0 tclass=dir permissive=0
03-18 10:08:24.530 I/ActivityManager( 1258): Start proc 24324:com.oppo.logkit/1000 for service com.oppo.logkit/.service.UploadJobSchedulerService
03-18 10:08:24.532 I/webview_servic(24303): The ClassLoaderContext is a special shared library.
03-18 10:08:24.531 W/re-initialized>(24315): type=1400 audit(0.0:132169): avc: denied { read } for name="u:object_r:mtk_amslog_prop:s0" dev="tmpfs" ino=8775 scontext=u:r:system_app:s0 tcontext=u:object_r:mtk_amslog_prop:s0 tclass=file permissive=0
03-18 10:08:24.533 E/libc    (24315): Access denied finding property "persist.vendor.sys.activitylog"
03-18 10:08:24.535 E/com.oppo.logki(24324): Not starting debugger since process cannot load the jdwp agent.
03-18 10:08:24.537 D/DEBUG_VISIBILITY( 1258): mOccluded:false lastOccluded:false
03-18 10:08:24.542 I/com.oppo.lfeh(24315): The ClassLoaderContext is a special shared library.
03-18 10:08:24.545 V/ColorAnimationUtils(24303): ColorAnimationUtils this =:com.color.util.ColorAnimationUtils@7dd2a95
03-18 10:08:24.546 V/ColorAnimationUtils(24303):  initData  mEnableAnimation =: true
03-18 10:08:24.546 V/ColorAnimationUtils(24303): mData =:null,data =: com.color.util.ColorAnimationData@62b7aa,this =:com.color.util.ColorAnimationUtils@7dd2a95
03-18 10:08:24.547 E/libc    (24324): Access denied finding property "persist.vendor.sys.activitylog"
03-18 10:08:24.554 V/ColorAnimationUtils(24315): ColorAnimationUtils this =:com.color.util.ColorAnimationUtils@7dd2a95
03-18 10:08:24.556 V/ColorAnimationUtils(24315):  initData  mEnableAnimation =: true
03-18 10:08:24.556 V/ColorAnimationUtils(24315): mData =:null,data =: com.color.util.ColorAnimationData@62b7aa,this =:com.color.util.ColorAnimationUtils@7dd2a95
03-18 10:08:24.556 D/DEBUG_VISIBILITY( 1258): mOccluded:false lastOccluded:false
03-18 10:08:24.559 I/com.oppo.logki(24324): The ClassLoaderContext is a special shared library.
03-18 10:08:24.564 I/com.oppo.lfeh(24315): The ClassLoaderContext is a special shared library.
03-18 10:08:24.571 V/ColorAnimationUtils(24324): ColorAnimationUtils this =:com.color.util.ColorAnimationUtils@7dd2a95
03-18 10:08:24.572 V/ColorAnimationUtils(24324):  initData  mEnableAnimation =: true
03-18 10:08:24.572 V/ColorAnimationUtils(24324): mData =:null,data =: com.color.util.ColorAnimationData@62b7aa,this =:com.color.util.ColorAnimationUtils@7dd2a95
03-18 10:08:24.579 I/com.oppo.logki(24324): The ClassLoaderContext is a special shared library.
03-18 10:08:24.584 W/System  (10647): ClassLoader referenced unknown path: system/framework/mediatek-cta.jar
03-18 10:08:24.585 I/System.out(10647): e:java.lang.ClassNotFoundException: com.mediatek.cta.CtaHttp
03-18 10:08:24.592 W/ContentProvider( 1258): to getCallingPackage original = null, callingPid = 1258
03-18 10:08:24.592 W/ContentProvider( 1258): java.lang.Throwable
03-18 10:08:24.592 W/ContentProvider( 1258): 	at android.content.ContentProvider.setCallingPackage(ContentProvider.java:815)
03-18 10:08:24.592 W/ContentProvider( 1258): 	at android.content.ContentProvider.access$100(ContentProvider.java:104)
03-18 10:08:24.592 W/ContentProvider( 1258): 	at android.content.ContentProvider$Transport.call(ContentProvider.java:481)
03-18 10:08:24.592 W/ContentProvider( 1258): 	at android.provider.Settings$NameValueCache.getStringForUser(Settings.java:2113)
03-18 10:08:24.592 W/ContentProvider( 1258): 	at android.provider.Settings$System.getStringForUser(Settings.java:2420)
03-18 10:08:24.592 W/ContentProvider( 1258): 	at android.provider.Settings$System.getIntForUser(Settings.java:2490)
03-18 10:08:24.592 W/ContentProvider( 1258): 	at com.android.server.wm.OppoAppTransition.loadAnimationAttr(OppoAppTransition.java:1335)
03-18 10:08:24.592 W/ContentProvider( 1258): 	at com.android.server.wm.WindowStateAnimator.applyAnimationLocked(WindowStateAnimator.java:1484)
03-18 10:08:24.592 W/ContentProvider( 1258): 	at com.android.server.wm.WindowState.onSetAppExiting(WindowState.java:1947)
03-18 10:08:24.592 W/ContentProvider( 1258): 	at com.android.server.wm.WindowToken.setExiting(WindowToken.java:168)
03-18 10:08:24.592 W/ContentProvider( 1258): 	at com.android.server.wm.DisplayContent.removeWindowToken(DisplayContent.java:1035)
03-18 10:08:24.592 W/ContentProvider( 1258): 	at com.android.server.wm.WindowManagerService.removeWindowToken(WindowManagerService.java:3577)
03-18 10:08:24.592 W/ContentProvider( 1258): 	at com.android.server.wm.WindowManagerService$LocalService.removeWindowToken(WindowManagerService.java:9681)
03-18 10:08:24.592 W/ContentProvider( 1258): 	at com.android.server.notification.NotificationManagerService.cancelToastLocked(NotificationManagerService.java:5739)
03-18 10:08:24.592 W/ContentProvider( 1258): 	at com.android.server.notification.NotificationManagerService.handleDurationReached(NotificationManagerService.java:5792)
03-18 10:08:24.592 W/ContentProvider( 1258): 	at com.android.server.notification.NotificationManagerService.access$6700(NotificationManagerService.java:278)
03-18 10:08:24.592 W/ContentProvider( 1258): 	at com.android.server.notification.NotificationManagerService$WorkerHandler.handleMessage(NotificationManagerService.java:6014)
03-18 10:08:24.592 W/ContentProvider( 1258): 	at android.os.Handler.dispatchMessage(Handler.java:106)
03-18 10:08:24.592 W/ContentProvider( 1258): 	at android.os.Looper.loop(Looper.java:226)
03-18 10:08:24.592 W/ContentProvider( 1258): 	at com.android.server.SystemServer.run(SystemServer.java:626)
03-18 10:08:24.592 W/ContentProvider( 1258): 	at com.android.server.SystemServer.main(SystemServer.java:443)
03-18 10:08:24.592 W/ContentProvider( 1258): 	at java.lang.reflect.Method.invoke(Native Method)
03-18 10:08:24.592 W/ContentProvider( 1258): 	at com.android.internal.os.RuntimeInit$MethodAndArgsCaller.run(RuntimeInit.java:576)
03-18 10:08:24.592 W/ContentProvider( 1258): 	at com.android.internal.os.ZygoteInit.main(ZygoteInit.java:936)
03-18 10:08:24.592 D/WindowManager(23352): removeViewLocked root=android.view.ViewRootImpl@2e35b12 view=com.color.internal.widget.ColorToastLayout{c61a9d V.E...... ........ 0,0-921,158 #c0204f9 oppo:id/color_toast_layout}
03-18 10:08:24.593 I/LoadedApk(24303): No resource references to update in package com.google.android.webview
03-18 10:08:24.594 D/Surface (23352): Surface::disconnect(this=0xc0a7f000,api=1)
03-18 10:08:24.594 I/BufferQueueProducer(  521): [Toast#0](this:0x71e589a800,id:520,api:1,p:23352,c:521) disconnect(P): api 1
03-18 10:08:24.594 D/SurfaceControl( 1258): setCornerRadius in SurfaceControl cornerRadius =:0.0
03-18 10:08:24.594 V/SurfaceControl( 1258): nativeSetCornerRadius 0.000000
03-18 10:08:24.595 I/BufferQueueConsumer(  521): [Toast#0](this:0x71e589a800,id:520,api:1,p:-1,c:521) getReleasedBuffers: returning mask 0xffffffffffffffff
03-18 10:08:24.595 D/OppoLFEHJobService(24315): onCreate--enter.
03-18 10:08:24.595 D/View    (23352): [Warning] assignParent to null: this = com.color.internal.widget.ColorToastLayout{c61a9d V.E...... ......ID 0,0-921,158 #c0204f9 oppo:id/color_toast_layout}
03-18 10:08:24.596 I/InputTransport(23352): Destroy ARC handle: 0xd727cd80
03-18 10:08:24.597 D/WindowManager( 1258): mHoldScreenWindow null
03-18 10:08:24.597 D/WindowManager( 1258): mHoldScreenWindow Window{c5e9b38 u0 Toast}
03-18 10:08:24.598 V/WindowManager( 1258): mCurrentFocus: Window{fbae751 u0 com.yax.yax.driver/com.yax.yax.driver.home.activity.MapNaviActivity} newFocus Window{fbae751 u0 com.yax.yax.driver/com.yax.yax.driver.home.activity.MapNaviActivity}
03-18 10:08:24.598 D/SurfaceControl( 1258): setCornerRadius in SurfaceControl cornerRadius =:0.0
03-18 10:08:24.599 V/SurfaceControl( 1258): nativeSetCornerRadius 0.000000
03-18 10:08:24.599 D/SurfaceControl( 1258): setCornerRadius in SurfaceControl cornerRadius =:0.0
03-18 10:08:24.599 V/SurfaceControl( 1258): nativeSetCornerRadius 0.000000
03-18 10:08:24.599 V/WindowManager( 1258): mCurrentFocus: Window{fbae751 u0 com.yax.yax.driver/com.yax.yax.driver.home.activity.MapNaviActivity} newFocus Window{fbae751 u0 com.yax.yax.driver/com.yax.yax.driver.home.activity.MapNaviActivity}
03-18 10:08:24.601 D/WindowManager( 1258): mHoldScreenWindow null
03-18 10:08:24.601 D/WindowManager( 1258): mHoldScreenWindow Window{c5e9b38 u0 Toast EXITING}
03-18 10:08:24.603 W/NotificationService( 1258): Toast already killed. pkg=com.yax.yax.driver callback=android.app.ITransientNotification$Stub$Proxy@271f680
03-18 10:08:24.604 D/OppoLFEHJobService(24315): onStartJob--4105
03-18 10:08:24.609 W/AsyncHttpResponseHandler(10647): Current thread has not called Looper.prepare(). Forcing synchronous mode.
03-18 10:08:24.613 W/System  (10647): ClassLoader referenced unknown path: system/framework/mediatek-cta.jar
03-18 10:08:24.614 I/System.out(10647): e:java.lang.ClassNotFoundException: com.mediatek.cta.CtaHttp
03-18 10:08:24.615 D/SurfaceControl( 1258): setCornerRadius in SurfaceControl cornerRadius =:0.0
03-18 10:08:24.615 V/SurfaceControl( 1258): nativeSetCornerRadius 0.000000
03-18 10:08:24.616 V/DcsScanReceiver(24315): receiver : oppo.intent.action.ACTION_DCS_STARTSCAN
03-18 10:08:24.616 V/DcsScanReceiver(24315): try getService() : 
03-18 10:08:24.616 D/LogOppoLEFHManager(24315): LogOppoLEFHManager getInstance
03-18 10:08:24.616 W/LogOppoLEFHManager(24315): Try to OppoService Instance! times = 5
03-18 10:08:24.619 V/OppoService( 1258): StartOppolfehService : com.android.server.oppo.OppoLogService@3ffaac
03-18 10:08:24.620 D/OppoLFEHJobService(24315): onDestory--enter.
03-18 10:08:24.620 V/OppoLogService( 1258): statr OFEService
03-18 10:08:24.625 D/OppoLFEHelper(24315): initService OppoLFEHer#_1.0.0_98f5c7f2_20180717_1800:1001
03-18 10:08:24.627 I/webview_servic(24303): The ClassLoaderContext is a special shared library.
03-18 10:08:24.627 V/UploadJobSchedulerService(24324): onStartJob
03-18 10:08:24.630 E/libc    (24303): Access denied finding property "persist.vendor.log.tel_dbg"
03-18 10:08:24.630 W/System  (10647): ClassLoader referenced unknown path: system/framework/mediatek-cta.jar
03-18 10:08:24.632 D/SurfaceControl( 1258): setCornerRadius in SurfaceControl cornerRadius =:0.0
03-18 10:08:24.632 I/System.out(10647): e:java.lang.ClassNotFoundException: com.mediatek.cta.CtaHttp
03-18 10:08:24.632 V/SurfaceControl( 1258): nativeSetCornerRadius 0.000000
03-18 10:08:24.633 D/NetworkSecurityConfig(24303): No Network Security Config specified, using platform default
03-18 10:08:24.634 D/APM_AudioPolicyManager(  515): AudioPolicyManager:setRecordSilenced(uid:10091, silenced:0)
03-18 10:08:24.634 D/AudioFlinger(  515): AudioFlinger::setRecordSilenced(uid:10091, silenced:0)
03-18 10:08:24.635 V/Packer  (24324): Packer init
03-18 10:08:24.638 D/OpenSSLLib(10647): OpensslErr:Module:12(177:); file:external/boringssl/src/crypto/asn1/asn1_lib.c ;Line:168;Function:ASN1_get_object
03-18 10:08:24.639 D/OppoLFEHelper(24315): rus config xml is null
03-18 10:08:24.639 D/OppoLFEHelper(24315): parseXmlParser android.content.res.XmlBlock$Parser@2a686e4
03-18 10:08:24.640 D/OppoLFEHelper(24315): RusEncodeFileSwitch  update to true
03-18 10:08:24.640 D/OppoLFEHelper(24315): RusDeleteSrcFile  update to true
03-18 10:08:24.639 D/OpenSSLLib(10647): OpensslErr:Module:12(177:); file:external/boringssl/src/crypto/asn1/asn1_lib.c ;Line:168;Function:ASN1_get_object
03-18 10:08:24.640 I/System.out(24303): Not need to boost!
03-18 10:08:24.640 D/OppoLFEHelper(24315): MTK 0 [encodedPath=/data/oppo/log/DCS/en/junk_logs, delay=0, targetPath=/data/oppo/log/DCS/de/junk_logs, filePrefix=.tar.gz, maxNum=5, needZip=false, switch=true]
03-18 10:08:24.640 D/OppoLFEHelper(24315): MTK 1 [encodedPath=/data/oppo/log/DCS/en/dropbox, delay=0, targetPath=/data/system/dropbox, filePrefix=data_app_anr@,system_app_anr@,system_app_crash@,data_app_crash@,SYSTEM_SERVER_GZ@,SYSTEM_SERVER_WATCHDOG@,CRITICAL_LOG@,SYSTEM_LAST_KMSG,SYSTEM_TOMBSTONE_CRASH,SYSTEM_SERVER,SYSTEM_SERVER_WATCHDOG, maxNum=20, needZip=false, switch=false]
03-18 10:08:24.640 D/OppoLFEHelper(24315): MTK 2 [encodedPath=/data/oppo/log/DCS/en/modem_logs/ramdump, delay=0, targetPath=/data/vendor/ramdump, filePrefix=, maxNum=0, needZip=false, switch=true]
03-18 10:08:24.640 D/OppoLFEHelper(24315): MTK 3 [encodedPath=/data/oppo/log/DCS/en/AEE_DB/, delay=30000, targetPath=/data/aee_exp, filePrefix=db, maxNum=2, needZip=true, switch=true]
03-18 10:08:24.641 D/OppoLFEHelper(24315): MTK 4 [encodedPath=/data/oppo/log/DCS/en/network_logs/stp_dump, delay=0, targetPath=/data/oppo/log/DCS/de/network_logs/stp_dump, filePrefix=connsys_core_dump, maxNum=2, needZip=false, switch=true]
03-18 10:08:24.641 D/OppoLFEHelper(24315): MTK 5 [encodedPath=/data/oppo/log/DCS/en/modem_logs/ramdump, delay=0, targetPath=/data/ramdump, filePrefix=, maxNum=2, needZip=false, switch=true]
03-18 10:08:24.641 D/OppoLFEHelper(24315): MTK 6 [encodedPath=/data/oppo/log/DCS/en/dcs, delay=0, targetPath=/data/oppo/psw/dcs, filePrefix=, maxNum=2, needZip=false, switch=true]
03-18 10:08:24.641 D/OppoLFEHelper(24315): MTK 7 [encodedPath=/data/oppo/log/DCS/en/network_logs/NET_LOG, delay=0, targetPath=/data/oppo/log/DCS/de/network_logs/NET_LOG, filePrefix=, maxNum=2, needZip=false, switch=false]
03-18 10:08:24.641 D/OppoLFEHelper(24315): MTK 8 [encodedPath=/data/oppo/log/DCS/en/hang_oppo, delay=0, targetPath=/data/oppo/log/opporeserve/media/log/hang_oppo, filePrefix=, maxNum=2, needZip=false, switch=true]
03-18 10:08:24.641 D/OppoLFEHelper(24315): MTK 9 [encodedPath=/data/oppo/log/DCS/en/network_logs/wifiSwitch, delay=0, targetPath=/data/oppo/log/DCS/de/network_logs/wifiSwitch, filePrefix=, maxNum=2, needZip=false, switch=true]
03-18 10:08:24.641 D/OppoLFEHelper(24315): MTK 10 [encodedPath=/data/oppo/log/DCS/en/network_logs/wifi, delay=0, targetPath=/data/oppo/log/DCS/de/network_logs/wifi, filePrefix=, maxNum=2, needZip=false, switch=true]
03-18 10:08:24.641 D/OppoLFEHelper(24315): MTK 11 [encodedPath=/data/oppo/log/DCS/en/network_logs/wfd_connect_fail, delay=0, targetPath=/data/oppo/log/DCS/de/network_logs/wfd_connect_fail, filePrefix=, maxNum=2, needZip=false, switch=true]
