03-18 10:08:09.512 V/WindowManager( 1258): mCurrentFocus: Window{fbae751 u0 com.yax.yax.driver/com.yax.yax.driver.home.activity.MapNaviActivity} newFocus Window{fbae751 u0 com.yax.yax.driver/com.yax.yax.driver.home.activity.MapNaviActivity}
03-18 10:08:09.514 V/WindowManager( 1258): mCurrentFocus: Window{fbae751 u0 com.yax.yax.driver/com.yax.yax.driver.home.activity.MapNaviActivity} newFocus Window{fbae751 u0 com.yax.yax.driver/com.yax.yax.driver.home.activity.MapNaviActivity}
03-18 10:08:09.518 D/WindowManager( 1258): mHoldScreenWindow null
03-18 10:08:09.518 D/WindowManager( 1258): mHoldScreenWindow Window{230dc90 u0 Toast EXITING}
03-18 10:08:09.523 W/NotificationService( 1258): Toast already killed. pkg=com.yax.yax.driver callback=android.app.ITransientNotification$Stub$Proxy@ddbada8
03-18 10:08:09.525 D/WindowManager( 1258): mHoldScreenWindow null
03-18 10:08:09.525 D/WindowManager( 1258): mHoldScreenWindow Window{230dc90 u0 Toast EXITING}
03-18 10:08:10.020 D/OppoProcessManager( 1258): notifyHypnus float window disabled
03-18 10:08:10.039 D/WindowManager( 1258): mHoldScreenWindow null
03-18 10:08:10.043 D/OppoProcessManager( 1258): notifyHypnus float window disabled
03-18 10:08:10.044 I/chatty  ( 1258): uid=1000(system) android.anim identical 1 line
03-18 10:08:10.044 D/OppoProcessManager( 1258): notifyHypnus float window disabled
03-18 10:08:10.050 D/WindowManager( 1258): mHoldScreenWindow null
03-18 10:08:10.519 W/WindowManager( 1258): removeWindowToken: Attempted to remove non-existing token: android.os.Binder@aea118a
03-18 10:08:11.019 W/WindowManager( 1258): Unable to start animation, surface is null or no children.
03-18 10:08:11.023 D/WindowManager( 1258): mHoldScreenWindow null
03-18 10:08:12.909 V/WindowManager( 1258): win.mViewVisibility: 0 (flagChanges & FLAG_NOT_FOCUSABLE) 0 win.mRelayoutCalled false win Window{83a8c9f u0 Toast}
03-18 10:08:12.912 D/WindowManager( 1258): mHoldScreenWindow null
03-18 10:08:12.914 V/WindowManager( 1258): focusMayChange: true shouldRelayout true
03-18 10:08:12.915 D/OppoProcessManager( 1258): notifyHypnus float window disabled
03-18 10:08:12.919 D/OppoProcessManager( 1258): notifyHypnus float window disabled
03-18 10:08:12.920 V/WindowManager( 1258): isDefaultDisplay: true  2
03-18 10:08:12.920 V/WindowManager( 1258): focusMayChange: true win Window{83a8c9f u0 Toast}
03-18 10:08:12.920 V/WindowManager( 1258): mCurrentFocus: Window{fbae751 u0 com.yax.yax.driver/com.yax.yax.driver.home.activity.MapNaviActivity} newFocus Window{fbae751 u0 com.yax.yax.driver/com.yax.yax.driver.home.activity.MapNaviActivity}
03-18 10:08:12.947 D/WindowManager( 1258): mHoldScreenWindow null
03-18 10:08:12.948 D/OppoProcessManager( 1258): notifyHypnus float window enabled
03-18 10:08:13.457 D/WindowManager( 1258): mHoldScreenWindow null
03-18 10:08:13.462 D/WindowManager( 1258): mHoldScreenWindow Window{83a8c9f u0 Toast}
03-18 10:08:13.473 D/WindowManager( 1258): mHoldScreenWindow null
03-18 10:08:13.473 D/WindowManager( 1258): mHoldScreenWindow Window{83a8c9f u0 Toast}
03-18 10:08:14.849 D/WindowManager( 1258): mHoldScreenWindow null
03-18 10:08:14.849 D/WindowManager( 1258): mHoldScreenWindow Window{83a8c9f u0 Toast}
03-18 10:08:14.854 V/WindowManager( 1258): mCurrentFocus: Window{fbae751 u0 com.yax.yax.driver/com.yax.yax.driver.home.activity.MapNaviActivity} newFocus Window{fbae751 u0 com.yax.yax.driver/com.yax.yax.driver.home.activity.MapNaviActivity}
03-18 10:08:14.857 V/WindowManager( 1258): mCurrentFocus: Window{fbae751 u0 com.yax.yax.driver/com.yax.yax.driver.home.activity.MapNaviActivity} newFocus Window{fbae751 u0 com.yax.yax.driver/com.yax.yax.driver.home.activity.MapNaviActivity}
03-18 10:08:14.860 D/WindowManager( 1258): mHoldScreenWindow null
03-18 10:08:14.861 D/WindowManager( 1258): mHoldScreenWindow Window{83a8c9f u0 Toast EXITING}
03-18 10:08:14.866 D/WindowManager( 1258): mHoldScreenWindow null
03-18 10:08:14.866 D/WindowManager( 1258): mHoldScreenWindow Window{83a8c9f u0 Toast EXITING}
03-18 10:08:14.866 W/NotificationService( 1258): Toast already killed. pkg=com.yax.yax.driver callback=android.app.ITransientNotification$Stub$Proxy@36b7097
03-18 10:08:15.365 D/OppoProcessManager( 1258): notifyHypnus float window disabled
03-18 10:08:15.380 D/WindowManager( 1258): mHoldScreenWindow null
03-18 10:08:15.385 D/OppoProcessManager( 1258): notifyHypnus float window disabled
03-18 10:08:15.385 I/chatty  ( 1258): uid=1000(system) android.anim identical 1 line
03-18 10:08:15.386 D/OppoProcessManager( 1258): notifyHypnus float window disabled
03-18 10:08:15.398 D/WindowManager( 1258): mHoldScreenWindow null
--------- beginning of main
03-18 10:08:15.509 W/Choreographer(23352): Frame time is 15.962772 ms in the future!  Check that graphics HAL is generating vsync timestamps using the correct timebase.
03-18 10:08:15.526 W/Choreographer( 2679): Frame time is 16.272556 ms in the future!  Check that graphics HAL is generating vsync timestamps using the correct timebase.
03-18 10:08:15.526 W/Choreographer(23352): Frame time is 16.182325 ms in the future!  Check that graphics HAL is generating vsync timestamps using the correct timebase.
03-18 10:08:15.543 W/Choreographer( 2679): Frame time is 15.677931 ms in the future!  Check that graphics HAL is generating vsync timestamps using the correct timebase.
03-18 10:08:15.543 W/Choreographer(23352): Frame time is 15.686085 ms in the future!  Check that graphics HAL is generating vsync timestamps using the correct timebase.
03-18 10:08:15.553 W/WindowManager( 1258): removeWindowToken: Attempted to remove non-existing token: android.os.Binder@38c4de1
03-18 10:08:15.622 W/Choreographer( 2679): Frame time is 4.129264 ms in the future!  Check that graphics HAL is generating vsync timestamps using the correct timebase.
03-18 10:08:15.622 W/Choreographer(23352): Frame time is 4.037572 ms in the future!  Check that graphics HAL is generating vsync timestamps using the correct timebase.
03-18 10:08:15.684 W/ContentProvider( 3328): to getCallingPackage original = null, callingPid = 1258
03-18 10:08:15.684 W/ContentProvider( 3328): java.lang.Throwable
03-18 10:08:15.684 W/ContentProvider( 3328): 	at android.content.ContentProvider.setCallingPackage(ContentProvider.java:815)
03-18 10:08:15.684 W/ContentProvider( 3328): 	at android.content.ContentProvider.access$100(ContentProvider.java:104)
03-18 10:08:15.684 W/ContentProvider( 3328): 	at android.content.ContentProvider$Transport.query(ContentProvider.java:262)
03-18 10:08:15.684 W/ContentProvider( 3328): 	at android.content.ContentProviderNative.onTransact(ContentProviderNative.java:102)
03-18 10:08:15.684 W/ContentProvider( 3328): 	at android.os.Binder.execTransact(Binder.java:731)
03-18 10:08:16.120 E/Process ( 1258): get_ion_cache_memory: Unable to open /d/ion/heaps/system
03-18 10:08:16.119 W/Binder:1258_9( 1258): type=1400 audit(0.0:132157): avc: denied { search } for name="heaps" dev="debugfs" ino=7188 scontext=u:r:system_server:s0 tcontext=u:object_r:debugfs_ion_mm_heap:s0 tclass=dir permissive=0
03-18 10:08:16.256 W/Choreographer( 2679): Frame time is 5.82904 ms in the future!  Check that graphics HAL is generating vsync timestamps using the correct timebase.
03-18 10:08:16.257 W/Choreographer(23352): Frame time is 5.68504 ms in the future!  Check that graphics HAL is generating vsync timestamps using the correct timebase.
03-18 10:08:16.279 W/Thread-714( 8864): type=1400 audit(0.0:132158): avc: denied { search } for name="/" dev="mmcblk0p40" ino=2 scontext=u:r:untrusted_app_27:s0:c512,c768 tcontext=u:object_r:unlabeled:s0 tclass=dir permissive=0
03-18 10:08:16.279 W/Thread-714( 8864): type=1400 audit(0.0:132159): avc: denied { search } for name="/" dev="mmcblk0p40" ino=2 scontext=u:r:untrusted_app_27:s0:c512,c768 tcontext=u:object_r:unlabeled:s0 tclass=dir permissive=0
03-18 10:08:16.398 W/ContentProvider( 1258): to getCallingPackage original = null, callingPid = 1258
03-18 10:08:16.398 W/ContentProvider( 1258): java.lang.Throwable
03-18 10:08:16.398 W/ContentProvider( 1258): 	at android.content.ContentProvider.setCallingPackage(ContentProvider.java:815)
03-18 10:08:16.398 W/ContentProvider( 1258): 	at android.content.ContentProvider.access$100(ContentProvider.java:104)
03-18 10:08:16.398 W/ContentProvider( 1258): 	at android.content.ContentProvider$Transport.call(ContentProvider.java:481)
03-18 10:08:16.398 W/ContentProvider( 1258): 	at android.provider.Settings$NameValueCache.getStringForUser(Settings.java:2113)
03-18 10:08:16.398 W/ContentProvider( 1258): 	at android.provider.Settings$System.getStringForUser(Settings.java:2420)
03-18 10:08:16.398 W/ContentProvider( 1258): 	at android.provider.Settings$System.getIntForUser(Settings.java:2490)
03-18 10:08:16.398 W/ContentProvider( 1258): 	at com.android.server.wm.OppoAppTransition.loadAnimationAttr(OppoAppTransition.java:1335)
03-18 10:08:16.398 W/ContentProvider( 1258): 	at com.android.server.wm.WindowStateAnimator.applyAnimationLocked(WindowStateAnimator.java:1484)
03-18 10:08:16.398 W/ContentProvider( 1258): 	at com.android.server.wm.WindowState.hideLw(WindowState.java:2877)
03-18 10:08:16.398 W/ContentProvider( 1258): 	at com.android.server.wm.WindowState.hidePermanentlyLw(WindowState.java:3012)
03-18 10:08:16.398 W/ContentProvider( 1258): 	at com.android.server.wm.WindowManagerService$H.handleMessage(WindowManagerService.java:6869)
03-18 10:08:16.398 W/ContentProvider( 1258): 	at android.os.Handler.dispatchMessage(Handler.java:106)
03-18 10:08:16.398 W/ContentProvider( 1258): 	at android.os.Looper.loop(Looper.java:226)
03-18 10:08:16.398 W/ContentProvider( 1258): 	at android.os.HandlerThread.run(HandlerThread.java:65)
03-18 10:08:16.398 W/ContentProvider( 1258): 	at com.android.server.ServiceThread.run(ServiceThread.java:44)
03-18 10:08:16.399 E/WifiVendorHal( 1258): getWifiLinkLayerStats(l.947) failed {.code = ERROR_NOT_SUPPORTED, .description = }
03-18 10:08:16.399 W/WindowManager( 1258): Unable to start animation, surface is null or no children.
03-18 10:08:16.400 W/Choreographer( 2679): Frame time is 13.027655 ms in the future!  Check that graphics HAL is generating vsync timestamps using the correct timebase.
03-18 10:08:16.400 W/Choreographer(23352): Frame time is 12.652271 ms in the future!  Check that graphics HAL is generating vsync timestamps using the correct timebase.
03-18 10:08:16.402 D/WindowManager( 1258): mHoldScreenWindow null
03-18 10:08:16.455 W/Choreographer( 2679): Frame time is 7.647172 ms in the future!  Check that graphics HAL is generating vsync timestamps using the correct timebase.
03-18 10:08:16.456 W/Choreographer(23352): Frame time is 7.436941 ms in the future!  Check that graphics HAL is generating vsync timestamps using the correct timebase.
03-18 10:08:16.465 E/memtrack(19927): Couldn't load memtrack module
03-18 10:08:16.465 W/android.os.Debug(19927): failed to get memory consumption info: -1
03-18 10:08:16.756 W/Choreographer( 2679): Frame time is 8.7994585 ms in the future!  Check that graphics HAL is generating vsync timestamps using the correct timebase.
03-18 10:08:16.756 W/Choreographer(23352): Frame time is 8.48392 ms in the future!  Check that graphics HAL is generating vsync timestamps using the correct timebase.
03-18 10:08:16.772 E/memtrack(19927): Couldn't load memtrack module
03-18 10:08:16.772 W/android.os.Debug(19927): failed to get memory consumption info: -1
03-18 10:08:16.774 E/Process ( 1258): get_ion_cache_memory: Unable to open /d/ion/heaps/system
03-18 10:08:16.771 W/Binder:1258_1D( 1258): type=1400 audit(0.0:132160): avc: denied { search } for name="heaps" dev="debugfs" ino=7188 scontext=u:r:system_server:s0 tcontext=u:object_r:debugfs_ion_mm_heap:s0 tclass=dir permissive=0
03-18 10:08:17.157 D/OpenSSLLib(23352): OpensslErr:Module:12(177:); file:external/boringssl/src/crypto/asn1/asn1_lib.c ;Line:168;Function:ASN1_get_object
03-18 10:08:17.176 D/OpenSSLLib(23352): OpensslErr:Module:12(177:); file:external/boringssl/src/crypto/asn1/asn1_lib.c ;Line:168;Function:ASN1_get_object
03-18 10:08:17.183 W/System  (23352): ClassLoader referenced unknown path: system/framework/mediatek-cta.jar
03-18 10:08:17.186 I/System.out(23352): e:java.lang.ClassNotFoundException: com.mediatek.cta.CtaHttp
03-18 10:08:17.191 W/System  (23352): ClassLoader referenced unknown path: system/framework/mediatek-cta.jar
03-18 10:08:17.192 I/System.out(23352): e:java.lang.ClassNotFoundException: com.mediatek.cta.CtaHttp
03-18 10:08:17.209 W/Choreographer( 2679): Frame time is 7.699493 ms in the future!  Check that graphics HAL is generating vsync timestamps using the correct timebase.
03-18 10:08:17.209 W/Choreographer(23352): Frame time is 7.630801 ms in the future!  Check that graphics HAL is generating vsync timestamps using the correct timebase.
03-18 10:08:17.281 D/OpenSSLLib(23352): OpensslErr:Module:12(177:); file:external/boringssl/src/crypto/asn1/asn1_lib.c ;Line:168;Function:ASN1_get_object
03-18 10:08:17.284 D/OpenSSLLib(23352): OpensslErr:Module:12(177:); file:external/boringssl/src/crypto/asn1/asn1_lib.c ;Line:168;Function:ASN1_get_object
03-18 10:08:17.339 W/System  (23352): ClassLoader referenced unknown path: system/framework/mediatek-cta.jar
03-18 10:08:17.343 I/System.out(23352): [OkHttp] sendRequest>>
03-18 10:08:17.344 I/System.out(23352): [OkHttp] sendRequest<<
03-18 10:08:17.503 D/WindowClient(23352): Add to mViews: com.color.internal.widget.ColorToastLayout{7bb01f1 V.E...... ......I. 0,0-0,0 #c0204f9 oppo:id/color_toast_layout}, this = android.view.WindowManagerGlobal@c719c92, pkg = com.yax.yax.driver
03-18 10:08:17.508 D/ViewRootImpl[Toast](23352): hardware acceleration = true , fakeHwAccelerated = false, sRendererDisabled = false, forceHwAccelerated = false, sSystemRendererDisabled = false
03-18 10:08:17.510 W/Binder  ( 1258): Outgoing transactions from this process must be FLAG_ONEWAY
03-18 10:08:17.510 W/Binder  ( 1258): java.lang.Throwable
03-18 10:08:17.510 W/Binder  ( 1258): 	at android.os.BinderProxy.transact(Binder.java:1131)
03-18 10:08:17.510 W/Binder  ( 1258): 	at android.view.IWindow$Stub$Proxy.isUserDefinedToast(IWindow.java:652)
03-18 10:08:17.510 W/Binder  ( 1258): 	at com.android.server.wm.WindowManagerService.addWindow(WindowManagerService.java:1686)
03-18 10:08:17.510 W/Binder  ( 1258): 	at com.android.server.wm.Session.addToDisplay(Session.java:208)
03-18 10:08:17.510 W/Binder  ( 1258): 	at com.android.server.wm.ColorWindowSession.addToDisplay(ColorWindowSession.java:33)
03-18 10:08:17.510 W/Binder  ( 1258): 	at android.view.IWindowSession$Stub.onTransact(IWindowSession.java:129)
03-18 10:08:17.510 W/Binder  ( 1258): 	at com.android.server.wm.Session.onTransact(Session.java:167)
03-18 10:08:17.510 W/Binder  ( 1258): 	at com.android.server.wm.ColorWindowSession.onTransact(ColorWindowSession.java:57)
03-18 10:08:17.510 W/Binder  ( 1258): 	at android.os.Binder.execTransact(Binder.java:731)
03-18 10:08:17.519 I/InputTransport(23352): Create ARC handle: 0x9b9042b0
03-18 10:08:17.520 I/Choreographer(23352): Skipped 1 frames!  The application may be doing too much work on its main thread.
03-18 10:08:17.527 V/WindowManager( 1258): win.mViewVisibility: 0 (flagChanges & FLAG_NOT_FOCUSABLE) 0 win.mRelayoutCalled false win Window{11867fa u0 Toast}
03-18 10:08:17.530 D/WindowManager( 1258): mHoldScreenWindow null
03-18 10:08:17.533 V/WindowManager( 1258): focusMayChange: true shouldRelayout true
03-18 10:08:17.534 D/OppoProcessManager( 1258): notifyHypnus float window disabled
03-18 10:08:17.535 I/BufferQueue(  521): [unnamed-521-519](this:0x71e093e800,id:519,api:0,p:-1,c:-1) BufferQueue core=(521:/system/bin/surfaceflinger)
03-18 10:08:17.536 I/BufferQueueConsumer(  521): [unnamed-521-519](this:0x71e093e800,id:519,api:0,p:-1,c:521) connect(C): consumer=(521:/system/bin/surfaceflinger) controlledByApp=false
03-18 10:08:17.536 I/BufferQueueConsumer(  521): [unnamed-521-519](this:0x71e093e800,id:519,api:0,p:-1,c:521) setConsumerName: unnamed-521-519
03-18 10:08:17.536 D/DispPerfService(  521): getHint applicationScene=Toast#0, idx=0 none
03-18 10:08:17.536 I/BufferQueueConsumer(  521): [Toast#0](this:0x71e093e800,id:519,api:0,p:-1,c:521) setConsumerName: Toast#0
03-18 10:08:17.536 I/BufferQueueConsumer(  521): [Toast#0](this:0x71e093e800,id:519,api:0,p:-1,c:521) setDefaultBufferSize: width=921 height=158
03-18 10:08:17.536 D/DispPerfService(  521): getHint applicationScene=Toast#0, idx=0 none
03-18 10:08:17.539 D/OppoProcessManager( 1258): notifyHypnus float window disabled
03-18 10:08:17.540 V/WindowManager( 1258): isDefaultDisplay: true  2
03-18 10:08:17.540 V/WindowManager( 1258): focusMayChange: true win Window{11867fa u0 Toast}
03-18 10:08:17.540 V/WindowManager( 1258): mCurrentFocus: Window{fbae751 u0 com.yax.yax.driver/com.yax.yax.driver.home.activity.MapNaviActivity} newFocus Window{fbae751 u0 com.yax.yax.driver/com.yax.yax.driver.home.activity.MapNaviActivity}
03-18 10:08:17.545 D/Surface (23352): Surface::connect(this=0xc0a7f000,api=1)
03-18 10:08:17.545 D/Surface (23352): Surface::allocateBuffers(this=0xc0a7f000)
03-18 10:08:17.545 I/BufferQueueProducer(  521): [Toast#0](this:0x71e093e800,id:519,api:1,p:23352,c:521) connect(P): api=1 producer=(23352:com.yax.yax.driver) producerControlledByApp=true
03-18 10:08:17.550 D/mali_winsys(23352): EGLint new_window_surface(egl_winsys_display *, void *, EGLSurface, EGLConfig, egl_winsys_surface **, EGLBoolean) returns 0x3000
03-18 10:08:17.555 I/Choreographer(23352): Skipped 1 frames!  The application may be doing too much work on its main thread.
03-18 10:08:17.559 I/BufferQueueProducer(23352): [SurfaceTexture-0-23352-0](this:0x9de35000,id:0,api:1,p:23352,c:23352) queueBuffer: slot 1 is dropped, handle=0x9b9bba20
03-18 10:08:17.567 W/DispPerfService(  521): onFrameAvailable: (23352,-1)
03-18 10:08:17.574 W/ContentProvider( 1258): to getCallingPackage original = null, callingPid = 1258
03-18 10:08:17.574 W/ContentProvider( 1258): java.lang.Throwable
03-18 10:08:17.574 W/ContentProvider( 1258): 	at android.content.ContentProvider.setCallingPackage(ContentProvider.java:815)
03-18 10:08:17.574 W/ContentProvider( 1258): 	at android.content.ContentProvider.access$100(ContentProvider.java:104)
03-18 10:08:17.574 W/ContentProvider( 1258): 	at android.content.ContentProvider$Transport.call(ContentProvider.java:481)
03-18 10:08:17.574 W/ContentProvider( 1258): 	at android.provider.Settings$NameValueCache.getStringForUser(Settings.java:2113)
03-18 10:08:17.574 W/ContentProvider( 1258): 	at android.provider.Settings$System.getStringForUser(Settings.java:2420)
03-18 10:08:17.574 W/ContentProvider( 1258): 	at android.provider.Settings$System.getIntForUser(Settings.java:2490)
03-18 10:08:17.574 W/ContentProvider( 1258): 	at com.android.server.wm.OppoAppTransition.loadAnimationAttr(OppoAppTransition.java:1335)
03-18 10:08:17.574 W/ContentProvider( 1258): 	at com.android.server.wm.WindowStateAnimator.applyAnimationLocked(WindowStateAnimator.java:1484)
03-18 10:08:17.574 W/ContentProvider( 1258): 	at com.android.server.wm.WindowStateAnimator.applyEnterAnimationLocked(WindowStateAnimator.java:1424)
03-18 10:08:17.574 W/ContentProvider( 1258): 	at com.android.server.wm.WindowState.performShowLocked(WindowState.java:4169)
03-18 10:08:17.574 W/ContentProvider( 1258): 	at com.android.server.wm.WindowStateAnimator.commitFinishDrawingLocked(WindowStateAnimator.java:426)
03-18 10:08:17.574 W/ContentProvider( 1258): 	at com.android.server.wm.DisplayContent.lambda$new$8(DisplayContent.java:852)
03-18 10:08:17.574 W/ContentProvider( 1258): 	at com.android.server.wm.-$$Lambda$DisplayContent$qxt4izS31fb0LF2uo_OF9DMa7gc.accept(Unknown Source:4)
03-18 10:08:17.574 W/ContentProvider( 1258): 	at com.android.server.wm.WindowContainer$ForAllWindowsConsumerWrapper.apply(WindowContainer.java:1155)
03-18 10:08:17.574 W/ContentProvider( 1258): 	at com.android.server.wm.WindowContainer$ForAllWindowsConsumerWrapper.apply(WindowContainer.java:1145)
03-18 10:08:17.574 W/ContentProvider( 1258): 	at com.android.server.wm.WindowState.applyInOrderWithImeWindows(WindowState.java:4381)
03-18 10:08:17.574 W/ContentProvider( 1258): 	at com.android.server.wm.WindowState.forAllWindows(WindowState.java:4280)
03-18 10:08:17.574 W/ContentProvider( 1258): 	at com.android.server.wm.WindowContainer.forAllWindows(WindowContainer.java:819)
03-18 10:08:17.574 W/ContentProvider( 1258): 	at com.android.server.wm.DisplayContent$AboveAppWindowContainers.forAllWindows(DisplayContent.java:4158)
03-18 10:08:17.574 W/ContentProvider( 1258): 	at com.android.server.wm.DisplayContent.forAllWindows(DisplayContent.java:1886)
03-18 10:08:17.574 W/ContentProvider( 1258): 	at com.android.server.wm.WindowContainer.forAllWindows(WindowContainer.java:836)
03-18 10:08:17.574 W/ContentProvider( 1258): 	at com.android.server.wm.DisplayContent.applySurfaceChangesTransaction(DisplayContent.java:3230)
03-18 10:08:17.574 W/ContentProvider( 1258): 	at com.android.server.wm.RootWindowContainer.applySurfaceChangesTransaction(RootWindowContainer.java:868)
03-18 10:08:17.574 W/ContentProvider( 1258): 	at com.android.server.wm.RootWindowContainer.performSurfacePlacement(RootWindowContainer.java:601)
03-18 10:08:17.574 W/ContentProvider( 1258): 	at com.android.server.wm.WindowSurfacePlacer.performSurfacePlacementLoop(WindowSurfacePlacer.java:262)
03-18 10:08:17.574 W/ContentProvider( 1258): 	at com.android.server.wm.WindowSurfacePlacer.performSurfacePlacement(WindowSurfacePlacer.java:185)
03-18 10:08:17.574 W/ContentProvider( 1258): 	at com.android.server.wm.WindowSurfacePlacer.performSurfacePlacement(WindowSurfacePlacer.java:169)
03-18 10:08:17.574 W/ContentProvider( 1258): 	at com.android.server.wm.WindowSurfacePlacer.lambda$new$0(WindowSurfacePlacer.java:142)
03-18 10:08:17.574 W/ContentProvider( 1258): 	at com.android.server.wm.-$$Lambda$WindowSurfacePlacer$4Hbamt-LFcbu8AoZBoOZN_LveKQ.run(Unknown Source:2)
03-18 10:08:17.574 W/ContentProvider( 1258): 	at android.os.Handler.handleCallback(Handler.java:873)
03-18 10:08:17.574 W/ContentProvider( 1258): 	at android.os.Handler.dispatchMessage(Handler.java:99)
03-18 10:08:17.574 W/ContentProvider( 1258): 	at android.os.Looper.loop(Looper.java:226)
03-18 10:08:17.574 W/ContentProvider( 1258): 	at android.os.HandlerThread.run(HandlerThread.java:65)
03-18 10:08:17.574 W/ContentProvider( 1258): 	at com.android.server.ServiceThread.run(ServiceThread.java:44)
03-18 10:08:17.577 D/SurfaceControl( 1258): setCornerRadius in SurfaceControl cornerRadius =:0.0
03-18 10:08:17.577 V/SurfaceControl( 1258): nativeSetCornerRadius 0.000000
03-18 10:08:17.577 D/WindowManager( 1258): mHoldScreenWindow null
03-18 10:08:17.579 D/OppoProcessManager( 1258): notifyHypnus float window enabled
03-18 10:08:17.585 D/SurfaceControl( 1258): setCornerRadius in SurfaceControl cornerRadius =:0.0
03-18 10:08:17.586 V/SurfaceControl( 1258): nativeSetCornerRadius 0.000000
03-18 10:08:17.586 D/SurfaceControl( 1258): setCornerRadius in SurfaceControl cornerRadius =:0.0
03-18 10:08:17.586 V/SurfaceControl( 1258): nativeSetCornerRadius 0.000000
03-18 10:08:17.602 D/SurfaceControl( 1258): setCornerRadius in SurfaceControl cornerRadius =:0.0
03-18 10:08:17.602 V/SurfaceControl( 1258): nativeSetCornerRadius 0.000000
03-18 10:08:17.619 D/SurfaceControl( 1258): setCornerRadius in SurfaceControl cornerRadius =:0.0
03-18 10:08:17.619 V/SurfaceControl( 1258): nativeSetCornerRadius 0.000000
03-18 10:08:17.636 D/SurfaceControl( 1258): setCornerRadius in SurfaceControl cornerRadius =:0.0
03-18 10:08:17.636 V/SurfaceControl( 1258): nativeSetCornerRadius 0.000000
03-18 10:08:17.654 D/SurfaceControl( 1258): setCornerRadius in SurfaceControl cornerRadius =:0.0
03-18 10:08:17.654 V/SurfaceControl( 1258): nativeSetCornerRadius 0.000000
03-18 10:08:17.670 D/SurfaceControl( 1258): setCornerRadius in SurfaceControl cornerRadius =:0.0
03-18 10:08:17.670 V/SurfaceControl( 1258): nativeSetCornerRadius 0.000000
03-18 10:08:17.686 D/SurfaceControl( 1258): setCornerRadius in SurfaceControl cornerRadius =:0.0
03-18 10:08:17.686 V/SurfaceControl( 1258): nativeSetCornerRadius 0.000000
03-18 10:08:17.703 D/SurfaceControl( 1258): setCornerRadius in SurfaceControl cornerRadius =:0.0
03-18 10:08:17.703 V/SurfaceControl( 1258): nativeSetCornerRadius 0.000000
03-18 10:08:17.719 D/SurfaceControl( 1258): setCornerRadius in SurfaceControl cornerRadius =:0.0
03-18 10:08:17.719 V/SurfaceControl( 1258): nativeSetCornerRadius 0.000000
03-18 10:08:17.736 D/SurfaceControl( 1258): setCornerRadius in SurfaceControl cornerRadius =:0.0
03-18 10:08:17.736 V/SurfaceControl( 1258): nativeSetCornerRadius 0.000000
03-18 10:08:17.753 D/SurfaceControl( 1258): setCornerRadius in SurfaceControl cornerRadius =:0.0
03-18 10:08:17.753 V/SurfaceControl( 1258): nativeSetCornerRadius 0.000000
03-18 10:08:17.771 D/SurfaceControl( 1258): setCornerRadius in SurfaceControl cornerRadius =:0.0
03-18 10:08:17.772 V/SurfaceControl( 1258): nativeSetCornerRadius 0.000000
03-18 10:08:17.786 D/SurfaceControl( 1258): setCornerRadius in SurfaceControl cornerRadius =:0.0
03-18 10:08:17.786 V/SurfaceControl( 1258): nativeSetCornerRadius 0.000000
03-18 10:08:17.803 D/SurfaceControl( 1258): setCornerRadius in SurfaceControl cornerRadius =:0.0
03-18 10:08:17.803 V/SurfaceControl( 1258): nativeSetCornerRadius 0.000000
03-18 10:08:17.820 D/SurfaceControl( 1258): setCornerRadius in SurfaceControl cornerRadius =:0.0
03-18 10:08:17.820 V/SurfaceControl( 1258): nativeSetCornerRadius 0.000000
03-18 10:08:17.836 D/SurfaceControl( 1258): setCornerRadius in SurfaceControl cornerRadius =:0.0
03-18 10:08:17.836 V/SurfaceControl( 1258): nativeSetCornerRadius 0.000000
03-18 10:08:17.854 D/SurfaceControl( 1258): setCornerRadius in SurfaceControl cornerRadius =:0.0
03-18 10:08:17.854 V/SurfaceControl( 1258): nativeSetCornerRadius 0.000000
03-18 10:08:17.870 D/SurfaceControl( 1258): setCornerRadius in SurfaceControl cornerRadius =:0.0
03-18 10:08:17.870 V/SurfaceControl( 1258): nativeSetCornerRadius 0.000000
03-18 10:08:17.887 D/SurfaceControl( 1258): setCornerRadius in SurfaceControl cornerRadius =:0.0
03-18 10:08:17.887 V/SurfaceControl( 1258): nativeSetCornerRadius 0.000000
03-18 10:08:17.904 D/SurfaceControl( 1258): setCornerRadius in SurfaceControl cornerRadius =:0.0
03-18 10:08:17.904 V/SurfaceControl( 1258): nativeSetCornerRadius 0.000000
03-18 10:08:17.920 D/SurfaceControl( 1258): setCornerRadius in SurfaceControl cornerRadius =:0.0
03-18 10:08:17.920 V/SurfaceControl( 1258): nativeSetCornerRadius 0.000000
03-18 10:08:17.937 D/SurfaceControl( 1258): setCornerRadius in SurfaceControl cornerRadius =:0.0
03-18 10:08:17.937 V/SurfaceControl( 1258): nativeSetCornerRadius 0.000000
03-18 10:08:17.954 D/SurfaceControl( 1258): setCornerRadius in SurfaceControl cornerRadius =:0.0
03-18 10:08:17.954 V/SurfaceControl( 1258): nativeSetCornerRadius 0.000000
03-18 10:08:17.972 D/SurfaceControl( 1258): setCornerRadius in SurfaceControl cornerRadius =:0.0
03-18 10:08:17.972 V/SurfaceControl( 1258): nativeSetCornerRadius 0.000000
03-18 10:08:17.987 D/SurfaceControl( 1258): setCornerRadius in SurfaceControl cornerRadius =:0.0
03-18 10:08:17.987 V/SurfaceControl( 1258): nativeSetCornerRadius 0.000000
03-18 10:08:18.005 D/SurfaceControl( 1258): setCornerRadius in SurfaceControl cornerRadius =:0.0
03-18 10:08:18.005 V/SurfaceControl( 1258): nativeSetCornerRadius 0.000000
03-18 10:08:18.021 D/SurfaceControl( 1258): setCornerRadius in SurfaceControl cornerRadius =:0.0
03-18 10:08:18.021 V/SurfaceControl( 1258): nativeSetCornerRadius 0.000000
03-18 10:08:18.039 D/SurfaceControl( 1258): setCornerRadius in SurfaceControl cornerRadius =:0.0
03-18 10:08:18.039 V/SurfaceControl( 1258): nativeSetCornerRadius 0.000000
03-18 10:08:18.054 D/SurfaceControl( 1258): setCornerRadius in SurfaceControl cornerRadius =:0.0
03-18 10:08:18.055 V/SurfaceControl( 1258): nativeSetCornerRadius 0.000000
03-18 10:08:18.071 D/SurfaceControl( 1258): setCornerRadius in SurfaceControl cornerRadius =:0.0
03-18 10:08:18.071 V/SurfaceControl( 1258): nativeSetCornerRadius 0.000000
03-18 10:08:18.088 D/SurfaceControl( 1258): setCornerRadius in SurfaceControl cornerRadius =:0.0
03-18 10:08:18.088 V/SurfaceControl( 1258): nativeSetCornerRadius 0.000000
03-18 10:08:18.091 D/WindowManager( 1258): mHoldScreenWindow null
03-18 10:08:18.091 D/WindowManager( 1258): mHoldScreenWindow Window{11867fa u0 Toast}
03-18 10:08:18.110 D/WindowManager( 1258): mHoldScreenWindow null
03-18 10:08:18.110 D/WindowManager( 1258): mHoldScreenWindow Window{11867fa u0 Toast}
03-18 10:08:18.181 W/Choreographer( 2679): Frame time is 4.857618 ms in the future!  Check that graphics HAL is generating vsync timestamps using the correct timebase.
03-18 10:08:18.181 W/Choreographer(23352): Frame time is 4.702233 ms in the future!  Check that graphics HAL is generating vsync timestamps using the correct timebase.
03-18 10:08:18.186 W/Choreographer( 2679): Frame time is 16.191689 ms in the future!  Check that graphics HAL is generating vsync timestamps using the correct timebase.
03-18 10:08:18.186 W/Choreographer(23352): Frame time is 16.068766 ms in the future!  Check that graphics HAL is generating vsync timestamps using the correct timebase.
03-18 10:08:18.204 W/Choreographer( 2679): Frame time is 16.182074 ms in the future!  Check that graphics HAL is generating vsync timestamps using the correct timebase.
03-18 10:08:18.204 W/Choreographer(23352): Frame time is 16.153997 ms in the future!  Check that graphics HAL is generating vsync timestamps using the correct timebase.
03-18 10:08:18.280 W/Choreographer( 2679): Frame time is 7.146911 ms in the future!  Check that graphics HAL is generating vsync timestamps using the correct timebase.
03-18 10:08:18.281 W/Choreographer(23352): Frame time is 6.896603 ms in the future!  Check that graphics HAL is generating vsync timestamps using the correct timebase.
03-18 10:08:18.288 W/Choreographer( 2679): Frame time is 16.368656 ms in the future!  Check that graphics HAL is generating vsync timestamps using the correct timebase.
03-18 10:08:18.288 W/Choreographer(23352): Frame time is 16.295347 ms in the future!  Check that graphics HAL is generating vsync timestamps using the correct timebase.
03-18 10:08:18.305 W/Choreographer( 2679): Frame time is 16.121706 ms in the future!  Check that graphics HAL is generating vsync timestamps using the correct timebase.
03-18 10:08:18.305 W/Choreographer(23352): Frame time is 16.084322 ms in the future!  Check that graphics HAL is generating vsync timestamps using the correct timebase.
03-18 10:08:18.382 W/Choreographer( 2679): Frame time is 5.854745 ms in the future!  Check that graphics HAL is generating vsync timestamps using the correct timebase.
03-18 10:08:18.382 W/Choreographer(23352): Frame time is 5.79613 ms in the future!  Check that graphics HAL is generating vsync timestamps using the correct timebase.
03-18 10:08:18.392 I/system_server( 1258): Background concurrent copying GC freed 566480(30MB) AllocSpace objects, 219(3MB) LOS objects, 42% free, 42MB/75MB, paused 901us total 422.813ms
03-18 10:08:18.408 D/SurfaceControl( 1258): SurfaceControl::destroy [1] this:0x77165eb300 mClient:0x77165eb310 mHandle:0x77165eb318
03-18 10:08:18.409 D/SurfaceControl( 1258): SurfaceControl::destroy [1] this:0x772212e0e0 mClient:0x772212e0f0 mHandle:0x772212e0f8
03-18 10:08:18.410 D/SurfaceControl( 1258): SurfaceControl::destroy [1] this:0x771683fb20 mClient:0x771683fb30 mHandle:0x771683fb38
03-18 10:08:18.410 D/SurfaceControl( 1258): SurfaceControl::destroy [1] this:0x772212ea40 mClient:0x772212ea50 mHandle:0x772212ea58
03-18 10:08:18.411 D/SurfaceControl( 1258): SurfaceControl::destroy [1] this:0x77165eb2a0 mClient:0x77165eb2b0 mHandle:0x77165eb2b8
03-18 10:08:18.411 D/SurfaceControl( 1258): SurfaceControl::destroy [1] this:0x773c451860 mClient:0x773c451870 mHandle:0x773c451878
03-18 10:08:18.412 D/SurfaceControl( 1258): SurfaceControl::destroy [1] this:0x771f19b320 mClient:0x771f19b330 mHandle:0x771f19b338
03-18 10:08:18.412 D/SurfaceControl( 1258): SurfaceControl::destroy [1] this:0x771f1741c0 mClient:0x771f1741d0 mHandle:0x771f1741d8
03-18 10:08:18.413 D/SurfaceControl( 1258): SurfaceControl::destroy [1] this:0x771ed09ca0 mClient:0x771ed09cb0 mHandle:0x771ed09cb8
03-18 10:08:18.414 D/SurfaceControl( 1258): SurfaceControl::destroy [1] this:0x771f303960 mClient:0x771f303970 mHandle:0x771f303978
03-18 10:08:18.414 D/SurfaceControl( 1258): SurfaceControl::destroy [1] this:0x771f19af00 mClient:0x771f19af10 mHandle:0x771f19af18
03-18 10:08:18.415 D/SurfaceControl( 1258): SurfaceControl::destroy [1] this:0x772212d5a0 mClient:0x772212d5b0 mHandle:0x772212d5b8
03-18 10:08:18.415 D/SurfaceControl( 1258): SurfaceControl::destroy [1] this:0x771f172240 mClient:0x771f172250 mHandle:0x771f172258
03-18 10:08:18.416 D/SurfaceControl( 1258): SurfaceControl::destroy [1] this:0x771683d960 mClient:0x771683d970 mHandle:0x771683d978
03-18 10:08:18.416 D/SurfaceControl( 1258): SurfaceControl::destroy [1] this:0x771f19a300 mClient:0x771f19a310 mHandle:0x771f19a318
03-18 10:08:18.417 D/SurfaceControl( 1258): SurfaceControl::destroy [1] this:0x7742bed9c0 mClient:0x7742bed9d0 mHandle:0x7742bed9d8
03-18 10:08:18.417 D/SurfaceControl( 1258): SurfaceControl::destroy [1] this:0x772212dfc0 mClient:0x772212dfd0 mHandle:0x772212dfd8
03-18 10:08:18.417 D/SurfaceControl( 1258): SurfaceControl::destroy [1] this:0x772212e200 mClient:0x772212e210 mHandle:0x772212e218
03-18 10:08:18.418 D/SurfaceControl( 1258): SurfaceControl::destroy [1] this:0x771f1746a0 mClient:0x771f1746b0 mHandle:0x771f1746b8
03-18 10:08:18.418 D/SurfaceControl( 1258): SurfaceControl::destroy [1] this:0x771f19ca00 mClient:0x771f19ca10 mHandle:0x771f19ca18
03-18 10:08:18.419 D/SurfaceControl( 1258): SurfaceControl::destroy [1] this:0x771ed09160 mClient:0x771ed09170 mHandle:0x771ed09178
03-18 10:08:18.419 D/SurfaceControl( 1258): SurfaceControl::destroy [1] this:0x772212dde0 mClient:0x772212ddf0 mHandle:0x772212ddf8
03-18 10:08:18.420 D/SurfaceControl( 1258): SurfaceControl::destroy [1] this:0x771f1738c0 mClient:0x771f1738d0 mHandle:0x771f1738d8
03-18 10:08:18.420 D/SurfaceControl( 1258): SurfaceControl::destroy [1] this:0x772212e620 mClient:0x772212e630 mHandle:0x772212e638
03-18 10:08:18.421 D/SurfaceControl( 1258): SurfaceControl::destroy [1] this:0x771ed095e0 mClient:0x771ed095f0 mHandle:0x771ed095f8
03-18 10:08:18.421 D/SurfaceControl( 1258): SurfaceControl::destroy [1] this:0x77220b5980 mClient:0x77220b5990 mHandle:0x77220b5998
03-18 10:08:18.421 D/SurfaceControl( 1258): SurfaceControl::destroy [1] this:0x771f173500 mClient:0x771f173510 mHandle:0x771f173518
03-18 10:08:18.422 D/SurfaceControl( 1258): SurfaceControl::destroy [1] this:0x771f1729c0 mClient:0x771f1729d0 mHandle:0x771f1729d8
03-18 10:08:18.422 D/SurfaceControl( 1258): SurfaceControl::destroy [1] this:0x771f3574e0 mClient:0x771f3574f0 mHandle:0x771f3574f8
03-18 10:08:18.423 D/SurfaceControl( 1258): SurfaceControl::destroy [1] this:0x772212d9c0 mClient:0x772212d9d0 mHandle:0x772212d9d8
03-18 10:08:18.423 D/SurfaceControl( 1258): SurfaceControl::destroy [1] this:0x771f1728a0 mClient:0x771f1728b0 mHandle:0x771f1728b8
03-18 10:08:18.424 D/SurfaceControl( 1258): SurfaceControl::destroy [1] this:0x771ed09c40 mClient:0x771ed09c50 mHandle:0x771ed09c58
03-18 10:08:18.424 D/SurfaceControl( 1258): SurfaceControl::destroy [1] this:0x77220b5e60 mClient:0x77220b5e70 mHandle:0x77220b5e78
03-18 10:08:18.424 D/SurfaceControl( 1258): SurfaceControl::destroy [1] this:0x77220b5ce0 mClient:0x77220b5cf0 mHandle:0x77220b5cf8
03-18 10:08:18.425 D/SurfaceControl( 1258): SurfaceControl::destroy [1] this:0x771f1720c0 mClient:0x771f1720d0 mHandle:0x771f1720d8
03-18 10:08:18.425 D/SurfaceControl( 1258): SurfaceControl::destroy [1] this:0x771f1745e0 mClient:0x771f1745f0 mHandle:0x771f1745f8
03-18 10:08:18.426 D/SurfaceControl( 1258): SurfaceControl::destroy [1] this:0x771bc41700 mClient:0x771bc41710 mHandle:0x771bc41718
03-18 10:08:18.426 D/SurfaceControl( 1258): SurfaceControl::destroy [1] this:0x77220b5f80 mClient:0x77220b5f90 mHandle:0x77220b5f98
03-18 10:08:18.426 D/SurfaceControl( 1258): SurfaceControl::destroy [1] this:0x771f172480 mClient:0x771f172490 mHandle:0x771f172498
03-18 10:08:18.427 D/SurfaceControl( 1258): SurfaceControl::destroy [1] this:0x771bc41520 mClient:0x771bc41530 mHandle:0x771bc41538
03-18 10:08:18.427 D/SurfaceControl( 1258): SurfaceControl::destroy [1] this:0x772212d240 mClient:0x772212d250 mHandle:0x772212d258
03-18 10:08:18.427 D/SurfaceControl( 1258): SurfaceControl::destroy [1] this:0x772212e020 mClient:0x772212e030 mHandle:0x772212e038
03-18 10:08:18.428 D/SurfaceControl( 1258): SurfaceControl::destroy [1] this:0x771ed09b80 mClient:0x771ed09b90 mHandle:0x771ed09b98
03-18 10:08:18.428 D/SurfaceControl( 1258): SurfaceControl::destroy [1] this:0x771f304260 mClient:0x771f304270 mHandle:0x771f304278
03-18 10:08:18.428 D/SurfaceControl( 1258): SurfaceControl::destroy [1] this:0x7742bef4c0 mClient:0x7742bef4d0 mHandle:0x7742bef4d8
03-18 10:08:18.429 D/SurfaceControl( 1258): SurfaceControl::destroy [1] this:0x772212e080 mClient:0x772212e090 mHandle:0x772212e098
03-18 10:08:18.429 D/SurfaceControl( 1258): SurfaceControl::destroy [1] this:0x771ed09460 mClient:0x771ed09470 mHandle:0x771ed09478
03-18 10:08:18.429 D/SurfaceControl( 1258): SurfaceControl::destroy [1] this:0x771bc3ca20 mClient:0x771bc3ca30 mHandle:0x771bc3ca38
03-18 10:08:18.430 D/SurfaceControl( 1258): SurfaceControl::destroy [1] this:0x7742bee7a0 mClient:0x7742bee7b0 mHandle:0x7742bee7b8
03-18 10:08:18.430 D/SurfaceControl( 1258): SurfaceControl::destroy [1] this:0x773c4a45c0 mClient:0x773c4a45d0 mHandle:0x773c4a45d8
03-18 10:08:18.431 D/SurfaceControl( 1258): SurfaceControl::destroy [1] this:0x772212da80 mClient:0x772212da90 mHandle:0x772212da98
03-18 10:08:18.431 D/SurfaceControl( 1258): SurfaceControl::destroy [1] this:0x771f357480 mClient:0x771f357490 mHandle:0x771f357498
03-18 10:08:18.431 D/SurfaceControl( 1258): SurfaceControl::destroy [1] this:0x7742bed900 mClient:0x7742bed910 mHandle:0x7742bed918
03-18 10:08:18.432 D/SurfaceControl( 1258): SurfaceControl::destroy [1] this:0x771f358aa0 mClient:0x771f358ab0 mHandle:0x771f358ab8
03-18 10:08:18.432 D/SurfaceControl( 1258): SurfaceControl::destroy [1] this:0x77220b50e0 mClient:0x77220b50f0 mHandle:0x77220b50f8
03-18 10:08:18.433 D/SurfaceControl( 1258): SurfaceControl::destroy [1] this:0x771bc3ed00 mClient:0x771bc3ed10 mHandle:0x771bc3ed18
03-18 10:08:18.433 D/SurfaceControl( 1258): SurfaceControl::destroy [1] this:0x7742bee6e0 mClient:0x7742bee6f0 mHandle:0x7742bee6f8
03-18 10:08:18.433 D/SurfaceControl( 1258): SurfaceControl::destroy [1] this:0x771bc79b40 mClient:0x771bc79b50 mHandle:0x771bc79b58
03-18 10:08:18.433 D/SurfaceControl( 1258): SurfaceControl::destroy [1] this:0x773c450240 mClient:0x773c450250 mHandle:0x773c450258
03-18 10:08:18.434 D/SurfaceControl( 1258): SurfaceControl::destroy [1] this:0x7742bef100 mClient:0x7742bef110 mHandle:0x7742bef118
03-18 10:08:18.434 D/SurfaceControl( 1258): SurfaceControl::destroy [1] this:0x771f19b9e0 mClient:0x771f19b9f0 mHandle:0x771f19b9f8
03-18 10:08:18.434 D/SurfaceControl( 1258): SurfaceControl::destroy [1] this:0x772212d300 mClient:0x772212d310 mHandle:0x772212d318
03-18 10:08:18.435 D/SurfaceControl( 1258): SurfaceControl::destroy [1] this:0x77220b6ac0 mClient:0x77220b6ad0 mHandle:0x77220b6ad8
03-18 10:08:18.435 D/SurfaceControl( 1258): SurfaceControl::destroy [1] this:0x771f303480 mClient:0x771f303490 mHandle:0x771f303498
03-18 10:08:18.435 D/SurfaceControl( 1258): SurfaceControl::destroy [1] this:0x771f19b920 mClient:0x771f19b930 mHandle:0x771f19b938
03-18 10:08:18.436 D/SurfaceControl( 1258): SurfaceControl::destroy [1] this:0x77220b5800 mClient:0x77220b5810 mHandle:0x77220b5818
03-18 10:08:18.436 D/SurfaceControl( 1258): SurfaceControl::destroy [1] this:0x7742bef6a0 mClient:0x7742bef6b0 mHandle:0x7742bef6b8
03-18 10:08:18.436 D/SurfaceControl( 1258): SurfaceControl::destroy [1] this:0x7742bef0a0 mClient:0x7742bef0b0 mHandle:0x7742bef0b8
03-18 10:08:18.436 D/SurfaceControl( 1258): SurfaceControl::destroy [1] this:0x771f19c4c0 mClient:0x771f19c4d0 mHandle:0x771f19c4d8
03-18 10:08:18.437 D/SurfaceControl( 1258): SurfaceControl::destroy [1] this:0x77220b5680 mClient:0x77220b5690 mHandle:0x77220b5698
03-18 10:08:18.437 D/SurfaceControl( 1258): SurfaceControl::destroy [1] this:0x7742bef3a0 mClient:0x7742bef3b0 mHandle:0x7742bef3b8
03-18 10:08:18.437 D/SurfaceControl( 1258): SurfaceControl::destroy [1] this:0x7742bed6c0 mClient:0x7742bed6d0 mHandle:0x7742bed6d8
03-18 10:08:18.437 D/SurfaceControl( 1258): SurfaceControl::destroy [1] this:0x773c451e60 mClient:0x773c451e70 mHandle:0x773c451e78
03-18 10:08:18.438 D/SurfaceControl( 1258): SurfaceControl::destroy [1] this:0x773c4a56a0 mClient:0x773c4a56b0 mHandle:0x773c4a56b8
03-18 10:08:18.438 D/SurfaceControl( 1258): SurfaceControl::destroy [1] this:0x7742beef80 mClient:0x7742beef90 mHandle:0x7742beef98
03-18 10:08:18.438 D/SurfaceControl( 1258): SurfaceControl::destroy [1] this:0x7742bed840 mClient:0x7742bed850 mHandle:0x7742bed858
03-18 10:08:18.439 D/SurfaceControl( 1258): SurfaceControl::destroy [1] this:0x771f304b60 mClient:0x771f304b70 mHandle:0x771f304b78
03-18 10:08:18.439 D/SurfaceControl( 1258): SurfaceControl::destroy [1] this:0x773c4a4920 mClient:0x773c4a4930 mHandle:0x773c4a4938
03-18 10:08:18.440 D/SurfaceControl( 1258): SurfaceControl::destroy [1] this:0x7742bee8c0 mClient:0x7742bee8d0 mHandle:0x7742bee8d8
03-18 10:08:18.440 D/SurfaceControl( 1258): SurfaceControl::destroy [1] this:0x77220b5320 mClient:0x77220b5330 mHandle:0x77220b5338
03-18 10:08:18.440 D/SurfaceControl( 1258): SurfaceControl::destroy [1] this:0x771f1742e0 mClient:0x771f1742f0 mHandle:0x771f1742f8
03-18 10:08:18.441 D/SurfaceControl( 1258): SurfaceControl::destroy [1] this:0x771f304500 mClient:0x771f304510 mHandle:0x771f304518
03-18 10:08:18.441 D/SurfaceControl( 1258): SurfaceControl::destroy [1] this:0x77220b51a0 mClient:0x77220b51b0 mHandle:0x77220b51b8
03-18 10:08:18.441 D/SurfaceControl( 1258): SurfaceControl::destroy [1] this:0x77220b4d20 mClient:0x77220b4d30 mHandle:0x77220b4d38
03-18 10:08:18.441 D/SurfaceControl( 1258): SurfaceControl::destroy [1] this:0x772212f220 mClient:0x772212f230 mHandle:0x772212f238
03-18 10:08:18.442 D/SurfaceControl( 1258): SurfaceControl::destroy [1] this:0x773c452820 mClient:0x773c452830 mHandle:0x773c452838
03-18 10:08:18.442 D/SurfaceControl( 1258): SurfaceControl::destroy [1] this:0x77220b47e0 mClient:0x77220b47f0 mHandle:0x77220b47f8
03-18 10:08:18.442 D/SurfaceControl( 1258): SurfaceControl::destroy [1] this:0x7718906820 mClient:0x7718906830 mHandle:0x7718906838
03-18 10:08:18.443 D/SurfaceControl( 1258): SurfaceControl::destroy [1] this:0x771f19a8a0 mClient:0x771f19a8b0 mHandle:0x771f19a8b8
03-18 10:08:18.443 D/SurfaceControl( 1258): SurfaceControl::destroy [1] this:0x772212f340 mClient:0x772212f350 mHandle:0x772212f358
03-18 10:08:18.443 D/SurfaceControl( 1258): SurfaceControl::destroy [1] this:0x77189066a0 mClient:0x77189066b0 mHandle:0x77189066b8
03-18 10:08:18.444 D/SurfaceControl( 1258): SurfaceControl::destroy [1] this:0x771f19c460 mClient:0x771f19c470 mHandle:0x771f19c478
03-18 10:08:18.444 D/SurfaceControl( 1258): SurfaceControl::destroy [1] this:0x7742bedea0 mClient:0x7742bedeb0 mHandle:0x7742bedeb8
03-18 10:08:18.444 D/SurfaceControl( 1258): SurfaceControl::destroy [1] this:0x7715b95560 mClient:0x7715b95570 mHandle:0x7715b95578
03-18 10:08:18.445 D/SurfaceControl( 1258): SurfaceControl::destroy [1] this:0x77165ebb40 mClient:0x77165ebb50 mHandle:0x77165ebb58
03-18 10:08:18.497 I/SmartThreadExecutor( 4225): handleMessage: start check 0
03-18 10:08:18.497 I/SmartThreadExecutor( 4225): handleMessage: check end 0 -706 false
03-18 10:08:18.498 I/SmartThreadExecutor( 4225): handleMessage: start check 1
03-18 10:08:18.498 I/SmartThreadExecutor( 4225): handleMessage: check end 1 -152 false
03-18 10:08:18.727 D/WorkerThreadMonitor(32123): Kill MSF check result[ senderSize:0,sendInterval:193287,receiveInterval=13167,addCmdCount=717
03-18 10:08:18.985 W/Choreographer( 2679): Frame time is 6.141701 ms in the future!  Check that graphics HAL is generating vsync timestamps using the correct timebase.
03-18 10:08:18.985 W/Choreographer(23352): Frame time is 5.970163 ms in the future!  Check that graphics HAL is generating vsync timestamps using the correct timebase.
03-18 10:08:19.409 E/WifiVendorHal( 1258): getWifiLinkLayerStats(l.947) failed {.code = ERROR_NOT_SUPPORTED, .description = }
03-18 10:08:19.495 D/WindowManager(23352): removeViewLocked root=android.view.ViewRootImpl@69d71d6 view=com.color.internal.widget.ColorToastLayout{7bb01f1 V.E...... ........ 0,0-921,158 #c0204f9 oppo:id/color_toast_layout}
03-18 10:08:19.495 W/ContentProvider( 1258): to getCallingPackage original = null, callingPid = 1258
03-18 10:08:19.495 W/ContentProvider( 1258): java.lang.Throwable
03-18 10:08:19.495 W/ContentProvider( 1258): 	at android.content.ContentProvider.setCallingPackage(ContentProvider.java:815)
03-18 10:08:19.495 W/ContentProvider( 1258): 	at android.content.ContentProvider.access$100(ContentProvider.java:104)
03-18 10:08:19.495 W/ContentProvider( 1258): 	at android.content.ContentProvider$Transport.call(ContentProvider.java:481)
03-18 10:08:19.495 W/ContentProvider( 1258): 	at android.provider.Settings$NameValueCache.getStringForUser(Settings.java:2113)
03-18 10:08:19.495 W/ContentProvider( 1258): 	at android.provider.Settings$System.getStringForUser(Settings.java:2420)
03-18 10:08:19.495 W/ContentProvider( 1258): 	at android.provider.Settings$System.getIntForUser(Settings.java:2490)
03-18 10:08:19.495 W/ContentProvider( 1258): 	at com.android.server.wm.OppoAppTransition.loadAnimationAttr(OppoAppTransition.java:1335)
03-18 10:08:19.495 W/ContentProvider( 1258): 	at com.android.server.wm.WindowStateAnimator.applyAnimationLocked(WindowStateAnimator.java:1484)
03-18 10:08:19.495 W/ContentProvider( 1258): 	at com.android.server.wm.WindowState.onSetAppExiting(WindowState.java:1947)
03-18 10:08:19.495 W/ContentProvider( 1258): 	at com.android.server.wm.WindowToken.setExiting(WindowToken.java:168)
03-18 10:08:19.495 W/ContentProvider( 1258): 	at com.android.server.wm.DisplayContent.removeWindowToken(DisplayContent.java:1035)
03-18 10:08:19.495 W/ContentProvider( 1258): 	at com.android.server.wm.WindowManagerService.removeWindowToken(WindowManagerService.java:3577)
03-18 10:08:19.495 W/ContentProvider( 1258): 	at com.android.server.wm.WindowManagerService$LocalService.removeWindowToken(WindowManagerService.java:9681)
03-18 10:08:19.495 W/ContentProvider( 1258): 	at com.android.server.notification.NotificationManagerService.cancelToastLocked(NotificationManagerService.java:5739)
03-18 10:08:19.495 W/ContentProvider( 1258): 	at com.android.server.notification.NotificationManagerService.handleDurationReached(NotificationManagerService.java:5792)
03-18 10:08:19.495 W/ContentProvider( 1258): 	at com.android.server.notification.NotificationManagerService.access$6700(NotificationManagerService.java:278)
03-18 10:08:19.495 W/ContentProvider( 1258): 	at com.android.server.notification.NotificationManagerService$WorkerHandler.handleMessage(NotificationManagerService.java:6014)
03-18 10:08:19.495 W/ContentProvider( 1258): 	at android.os.Handler.dispatchMessage(Handler.java:106)
03-18 10:08:19.495 W/ContentProvider( 1258): 	at android.os.Looper.loop(Looper.java:226)
03-18 10:08:19.495 W/ContentProvider( 1258): 	at com.android.server.SystemServer.run(SystemServer.java:626)
03-18 10:08:19.495 W/ContentProvider( 1258): 	at com.android.server.SystemServer.main(SystemServer.java:443)
03-18 10:08:19.495 W/ContentProvider( 1258): 	at java.lang.reflect.Method.invoke(Native Method)
03-18 10:08:19.495 W/ContentProvider( 1258): 	at com.android.internal.os.RuntimeInit$MethodAndArgsCaller.run(RuntimeInit.java:576)
03-18 10:08:19.495 W/ContentProvider( 1258): 	at com.android.internal.os.ZygoteInit.main(ZygoteInit.java:936)
03-18 10:08:19.497 D/Surface (23352): Surface::disconnect(this=0xc0a7f000,api=1)
03-18 10:08:19.498 I/BufferQueueProducer(  521): [Toast#0](this:0x71e093e800,id:519,api:1,p:23352,c:521) disconnect(P): api 1
03-18 10:08:19.498 D/SurfaceControl( 1258): setCornerRadius in SurfaceControl cornerRadius =:0.0
03-18 10:08:19.498 V/SurfaceControl( 1258): nativeSetCornerRadius 0.000000
03-18 10:08:19.498 I/BufferQueueConsumer(  521): [Toast#0](this:0x71e093e800,id:519,api:1,p:-1,c:521) getReleasedBuffers: returning mask 0xffffffffffffffff
03-18 10:08:19.499 D/View    (23352): [Warning] assignParent to null: this = com.color.internal.widget.ColorToastLayout{7bb01f1 V.E...... ......ID 0,0-921,158 #c0204f9 oppo:id/color_toast_layout}
03-18 10:08:19.500 I/InputTransport(23352): Destroy ARC handle: 0x9b9042b0
03-18 10:08:19.502 D/WindowManager( 1258): mHoldScreenWindow null
03-18 10:08:19.502 D/WindowManager( 1258): mHoldScreenWindow Window{11867fa u0 Toast}
03-18 10:08:19.504 V/WindowManager( 1258): mCurrentFocus: Window{fbae751 u0 com.yax.yax.driver/com.yax.yax.driver.home.activity.MapNaviActivity} newFocus Window{fbae751 u0 com.yax.yax.driver/com.yax.yax.driver.home.activity.MapNaviActivity}
03-18 10:08:19.505 V/WindowManager( 1258): mCurrentFocus: Window{fbae751 u0 com.yax.yax.driver/com.yax.yax.driver.home.activity.MapNaviActivity} newFocus Window{fbae751 u0 com.yax.yax.driver/com.yax.yax.driver.home.activity.MapNaviActivity}
03-18 10:08:19.507 D/WindowManager( 1258): mHoldScreenWindow null
03-18 10:08:19.507 D/WindowManager( 1258): mHoldScreenWindow Window{11867fa u0 Toast EXITING}
03-18 10:08:19.510 W/NotificationService( 1258): Toast already killed. pkg=com.yax.yax.driver callback=android.app.ITransientNotification$Stub$Proxy@ca7fc52
03-18 10:08:19.511 D/SurfaceControl( 1258): setCornerRadius in SurfaceControl cornerRadius =:0.0
03-18 10:08:19.511 D/WindowManager( 1258): mHoldScreenWindow null
